<?xml version="1.0" encoding="ISO-8859-1" ?>
<link_info>
   <banner>MSP430 Linker PC v18.1.2.LTS</banner>
   <copyright>Copyright (c) 2003-2017 Texas Instruments Incorporated</copyright>
   <link_time>0x5c0e49bb</link_time>
   <link_errors>0x0</link_errors>
   <output_file>RTOSDemo.out</output_file>
   <entry_point>
      <name>_c_int00_noargs</name>
      <address>0x7cf4</address>
   </entry_point>
   <input_file_list>
      <input_file id="fl-2">
         <path>.\</path>
         <kind>object</kind>
         <file>LEDs.obj</file>
         <name>LEDs.obj</name>
      </input_file>
      <input_file id="fl-3">
         <path>.\</path>
         <kind>object</kind>
         <file>knop.obj</file>
         <name>knop.obj</name>
      </input_file>
      <input_file id="fl-4">
         <path>.\</path>
         <kind>object</kind>
         <file>main.obj</file>
         <name>main.obj</name>
      </input_file>
      <input_file id="fl-5">
         <path>.\</path>
         <kind>object</kind>
         <file>printf-stdarg.obj</file>
         <name>printf-stdarg.obj</name>
      </input_file>
      <input_file id="fl-6">
         <path>.\Blinky_Demo\</path>
         <kind>object</kind>
         <file>blinky2.obj</file>
         <name>blinky2.obj</name>
      </input_file>
      <input_file id="fl-7">
         <path>.\Blinky_Demo\</path>
         <kind>object</kind>
         <file>main_blinky.obj</file>
         <name>main_blinky.obj</name>
      </input_file>
      <input_file id="fl-8">
         <path>.\CCS_Only\</path>
         <kind>object</kind>
         <file>RegTest.obj</file>
         <name>RegTest.obj</name>
      </input_file>
      <input_file id="fl-9">
         <path>.\FreeRTOS_Source\</path>
         <kind>object</kind>
         <file>croutine.obj</file>
         <name>croutine.obj</name>
      </input_file>
      <input_file id="fl-a">
         <path>.\FreeRTOS_Source\</path>
         <kind>object</kind>
         <file>event_groups.obj</file>
         <name>event_groups.obj</name>
      </input_file>
      <input_file id="fl-b">
         <path>.\FreeRTOS_Source\</path>
         <kind>object</kind>
         <file>list.obj</file>
         <name>list.obj</name>
      </input_file>
      <input_file id="fl-c">
         <path>.\FreeRTOS_Source\</path>
         <kind>object</kind>
         <file>queue.obj</file>
         <name>queue.obj</name>
      </input_file>
      <input_file id="fl-d">
         <path>.\FreeRTOS_Source\</path>
         <kind>object</kind>
         <file>stream_buffer.obj</file>
         <name>stream_buffer.obj</name>
      </input_file>
      <input_file id="fl-e">
         <path>.\FreeRTOS_Source\</path>
         <kind>object</kind>
         <file>tasks.obj</file>
         <name>tasks.obj</name>
      </input_file>
      <input_file id="fl-f">
         <path>.\FreeRTOS_Source\</path>
         <kind>object</kind>
         <file>timers.obj</file>
         <name>timers.obj</name>
      </input_file>
      <input_file id="fl-10">
         <path>.\FreeRTOS_Source\portable\CCS\MSP430X\</path>
         <kind>object</kind>
         <file>port.obj</file>
         <name>port.obj</name>
      </input_file>
      <input_file id="fl-11">
         <path>.\FreeRTOS_Source\portable\CCS\MSP430X\</path>
         <kind>object</kind>
         <file>portext.obj</file>
         <name>portext.obj</name>
      </input_file>
      <input_file id="fl-12">
         <path>.\FreeRTOS_Source\portable\MemMang\</path>
         <kind>object</kind>
         <file>heap_4.obj</file>
         <name>heap_4.obj</name>
      </input_file>
      <input_file id="fl-13">
         <path>.\Full_Demo\FreeRTOS+CLI\</path>
         <kind>object</kind>
         <file>FreeRTOS_CLI.obj</file>
         <name>FreeRTOS_CLI.obj</name>
      </input_file>
      <input_file id="fl-14">
         <path>.\Full_Demo\</path>
         <kind>object</kind>
         <file>Sample-CLI-commands.obj</file>
         <name>Sample-CLI-commands.obj</name>
      </input_file>
      <input_file id="fl-15">
         <path>.\Full_Demo\</path>
         <kind>object</kind>
         <file>UARTCommandConsole.obj</file>
         <name>UARTCommandConsole.obj</name>
      </input_file>
      <input_file id="fl-16">
         <path>.\Full_Demo\</path>
         <kind>object</kind>
         <file>main_full.obj</file>
         <name>main_full.obj</name>
      </input_file>
      <input_file id="fl-17">
         <path>.\Full_Demo\</path>
         <kind>object</kind>
         <file>serial.obj</file>
         <name>serial.obj</name>
      </input_file>
      <input_file id="fl-18">
         <path>.\Full_Demo\Standard_Demo_Tasks\</path>
         <kind>object</kind>
         <file>EventGroupsDemo.obj</file>
         <name>EventGroupsDemo.obj</name>
      </input_file>
      <input_file id="fl-19">
         <path>.\Full_Demo\Standard_Demo_Tasks\</path>
         <kind>object</kind>
         <file>GenQTest.obj</file>
         <name>GenQTest.obj</name>
      </input_file>
      <input_file id="fl-1a">
         <path>.\Full_Demo\Standard_Demo_Tasks\</path>
         <kind>object</kind>
         <file>TaskNotify.obj</file>
         <name>TaskNotify.obj</name>
      </input_file>
      <input_file id="fl-1b">
         <path>.\Full_Demo\Standard_Demo_Tasks\</path>
         <kind>object</kind>
         <file>blocktim.obj</file>
         <name>blocktim.obj</name>
      </input_file>
      <input_file id="fl-1c">
         <path>.\Full_Demo\Standard_Demo_Tasks\</path>
         <kind>object</kind>
         <file>countsem.obj</file>
         <name>countsem.obj</name>
      </input_file>
      <input_file id="fl-1d">
         <path>.\Full_Demo\Standard_Demo_Tasks\</path>
         <kind>object</kind>
         <file>dynamic.obj</file>
         <name>dynamic.obj</name>
      </input_file>
      <input_file id="fl-1e">
         <path>.\Full_Demo\Standard_Demo_Tasks\</path>
         <kind>object</kind>
         <file>recmutex.obj</file>
         <name>recmutex.obj</name>
      </input_file>
      <input_file id="fl-1f">
         <path>.\driverlib\MSP430FR5xx_6xx\</path>
         <kind>object</kind>
         <file>adc12_b.obj</file>
         <name>adc12_b.obj</name>
      </input_file>
      <input_file id="fl-20">
         <path>.\driverlib\MSP430FR5xx_6xx\</path>
         <kind>object</kind>
         <file>aes256.obj</file>
         <name>aes256.obj</name>
      </input_file>
      <input_file id="fl-21">
         <path>.\driverlib\MSP430FR5xx_6xx\</path>
         <kind>object</kind>
         <file>comp_e.obj</file>
         <name>comp_e.obj</name>
      </input_file>
      <input_file id="fl-22">
         <path>.\driverlib\MSP430FR5xx_6xx\</path>
         <kind>object</kind>
         <file>crc.obj</file>
         <name>crc.obj</name>
      </input_file>
      <input_file id="fl-23">
         <path>.\driverlib\MSP430FR5xx_6xx\</path>
         <kind>object</kind>
         <file>crc32.obj</file>
         <name>crc32.obj</name>
      </input_file>
      <input_file id="fl-24">
         <path>.\driverlib\MSP430FR5xx_6xx\</path>
         <kind>object</kind>
         <file>cs.obj</file>
         <name>cs.obj</name>
      </input_file>
      <input_file id="fl-25">
         <path>.\driverlib\MSP430FR5xx_6xx\</path>
         <kind>object</kind>
         <file>dma.obj</file>
         <name>dma.obj</name>
      </input_file>
      <input_file id="fl-26">
         <path>.\driverlib\MSP430FR5xx_6xx\</path>
         <kind>object</kind>
         <file>esi.obj</file>
         <name>esi.obj</name>
      </input_file>
      <input_file id="fl-27">
         <path>.\driverlib\MSP430FR5xx_6xx\</path>
         <kind>object</kind>
         <file>eusci_a_spi.obj</file>
         <name>eusci_a_spi.obj</name>
      </input_file>
      <input_file id="fl-28">
         <path>.\driverlib\MSP430FR5xx_6xx\</path>
         <kind>object</kind>
         <file>eusci_a_uart.obj</file>
         <name>eusci_a_uart.obj</name>
      </input_file>
      <input_file id="fl-29">
         <path>.\driverlib\MSP430FR5xx_6xx\</path>
         <kind>object</kind>
         <file>eusci_b_i2c.obj</file>
         <name>eusci_b_i2c.obj</name>
      </input_file>
      <input_file id="fl-2a">
         <path>.\driverlib\MSP430FR5xx_6xx\</path>
         <kind>object</kind>
         <file>eusci_b_spi.obj</file>
         <name>eusci_b_spi.obj</name>
      </input_file>
      <input_file id="fl-2b">
         <path>.\driverlib\MSP430FR5xx_6xx\</path>
         <kind>object</kind>
         <file>framctl.obj</file>
         <name>framctl.obj</name>
      </input_file>
      <input_file id="fl-2c">
         <path>.\driverlib\MSP430FR5xx_6xx\</path>
         <kind>object</kind>
         <file>gpio.obj</file>
         <name>gpio.obj</name>
      </input_file>
      <input_file id="fl-2d">
         <path>.\driverlib\MSP430FR5xx_6xx\</path>
         <kind>object</kind>
         <file>lcd_c.obj</file>
         <name>lcd_c.obj</name>
      </input_file>
      <input_file id="fl-2e">
         <path>.\driverlib\MSP430FR5xx_6xx\</path>
         <kind>object</kind>
         <file>mpu.obj</file>
         <name>mpu.obj</name>
      </input_file>
      <input_file id="fl-2f">
         <path>.\driverlib\MSP430FR5xx_6xx\</path>
         <kind>object</kind>
         <file>mpy32.obj</file>
         <name>mpy32.obj</name>
      </input_file>
      <input_file id="fl-30">
         <path>.\driverlib\MSP430FR5xx_6xx\</path>
         <kind>object</kind>
         <file>pmm.obj</file>
         <name>pmm.obj</name>
      </input_file>
      <input_file id="fl-31">
         <path>.\driverlib\MSP430FR5xx_6xx\</path>
         <kind>object</kind>
         <file>ram.obj</file>
         <name>ram.obj</name>
      </input_file>
      <input_file id="fl-32">
         <path>.\driverlib\MSP430FR5xx_6xx\</path>
         <kind>object</kind>
         <file>ref_a.obj</file>
         <name>ref_a.obj</name>
      </input_file>
      <input_file id="fl-33">
         <path>.\driverlib\MSP430FR5xx_6xx\</path>
         <kind>object</kind>
         <file>rtc_b.obj</file>
         <name>rtc_b.obj</name>
      </input_file>
      <input_file id="fl-34">
         <path>.\driverlib\MSP430FR5xx_6xx\</path>
         <kind>object</kind>
         <file>rtc_c.obj</file>
         <name>rtc_c.obj</name>
      </input_file>
      <input_file id="fl-35">
         <path>.\driverlib\MSP430FR5xx_6xx\</path>
         <kind>object</kind>
         <file>sfr.obj</file>
         <name>sfr.obj</name>
      </input_file>
      <input_file id="fl-36">
         <path>.\driverlib\MSP430FR5xx_6xx\</path>
         <kind>object</kind>
         <file>sysctl.obj</file>
         <name>sysctl.obj</name>
      </input_file>
      <input_file id="fl-37">
         <path>.\driverlib\MSP430FR5xx_6xx\</path>
         <kind>object</kind>
         <file>timer_a.obj</file>
         <name>timer_a.obj</name>
      </input_file>
      <input_file id="fl-38">
         <path>.\driverlib\MSP430FR5xx_6xx\</path>
         <kind>object</kind>
         <file>timer_b.obj</file>
         <name>timer_b.obj</name>
      </input_file>
      <input_file id="fl-39">
         <path>.\driverlib\MSP430FR5xx_6xx\</path>
         <kind>object</kind>
         <file>tlv.obj</file>
         <name>tlv.obj</name>
      </input_file>
      <input_file id="fl-3a">
         <path>.\driverlib\MSP430FR5xx_6xx\</path>
         <kind>object</kind>
         <file>wdt_a.obj</file>
         <name>wdt_a.obj</name>
      </input_file>
      <input_file id="fl-40">
         <kind>object</kind>
         <file>&lt;internal&gt;</file>
         <name>&lt;internal&gt;</name>
      </input_file>
      <input_file id="fl-5b">
         <path>C:\ti\ccsv8\tools\compiler\ti-cgt-msp430_18.1.2.LTS\lib\</path>
         <kind>archive</kind>
         <file>rts430x_lc_ld_eabi.lib</file>
         <name>copy_decompress_lzss.c.obj</name>
      </input_file>
      <input_file id="fl-5c">
         <path>C:\ti\ccsv8\tools\compiler\ti-cgt-msp430_18.1.2.LTS\lib\</path>
         <kind>archive</kind>
         <file>rts430x_lc_ld_eabi.lib</file>
         <name>copy_decompress_none.c.obj</name>
      </input_file>
      <input_file id="fl-5d">
         <path>C:\ti\ccsv8\tools\compiler\ti-cgt-msp430_18.1.2.LTS\lib\</path>
         <kind>archive</kind>
         <file>rts430x_lc_ld_eabi.lib</file>
         <name>int30.asm.obj</name>
      </input_file>
      <input_file id="fl-5e">
         <path>C:\ti\ccsv8\tools\compiler\ti-cgt-msp430_18.1.2.LTS\lib\</path>
         <kind>archive</kind>
         <file>rts430x_lc_ld_eabi.lib</file>
         <name>isr_trap.asm.obj</name>
      </input_file>
      <input_file id="fl-5f">
         <path>C:\ti\ccsv8\tools\compiler\ti-cgt-msp430_18.1.2.LTS\lib\</path>
         <kind>archive</kind>
         <file>rts430x_lc_ld_eabi.lib</file>
         <name>int31.asm.obj</name>
      </input_file>
      <input_file id="fl-60">
         <path>C:\ti\ccsv8\tools\compiler\ti-cgt-msp430_18.1.2.LTS\lib\</path>
         <kind>archive</kind>
         <file>rts430x_lc_ld_eabi.lib</file>
         <name>int32.asm.obj</name>
      </input_file>
      <input_file id="fl-61">
         <path>C:\ti\ccsv8\tools\compiler\ti-cgt-msp430_18.1.2.LTS\lib\</path>
         <kind>archive</kind>
         <file>rts430x_lc_ld_eabi.lib</file>
         <name>int33.asm.obj</name>
      </input_file>
      <input_file id="fl-62">
         <path>C:\ti\ccsv8\tools\compiler\ti-cgt-msp430_18.1.2.LTS\lib\</path>
         <kind>archive</kind>
         <file>rts430x_lc_ld_eabi.lib</file>
         <name>int34.asm.obj</name>
      </input_file>
      <input_file id="fl-63">
         <path>C:\ti\ccsv8\tools\compiler\ti-cgt-msp430_18.1.2.LTS\lib\</path>
         <kind>archive</kind>
         <file>rts430x_lc_ld_eabi.lib</file>
         <name>int35.asm.obj</name>
      </input_file>
      <input_file id="fl-64">
         <path>C:\ti\ccsv8\tools\compiler\ti-cgt-msp430_18.1.2.LTS\lib\</path>
         <kind>archive</kind>
         <file>rts430x_lc_ld_eabi.lib</file>
         <name>int36.asm.obj</name>
      </input_file>
      <input_file id="fl-65">
         <path>C:\ti\ccsv8\tools\compiler\ti-cgt-msp430_18.1.2.LTS\lib\</path>
         <kind>archive</kind>
         <file>rts430x_lc_ld_eabi.lib</file>
         <name>int37.asm.obj</name>
      </input_file>
      <input_file id="fl-66">
         <path>C:\ti\ccsv8\tools\compiler\ti-cgt-msp430_18.1.2.LTS\lib\</path>
         <kind>archive</kind>
         <file>rts430x_lc_ld_eabi.lib</file>
         <name>int38.asm.obj</name>
      </input_file>
      <input_file id="fl-67">
         <path>C:\ti\ccsv8\tools\compiler\ti-cgt-msp430_18.1.2.LTS\lib\</path>
         <kind>archive</kind>
         <file>rts430x_lc_ld_eabi.lib</file>
         <name>int41.asm.obj</name>
      </input_file>
      <input_file id="fl-68">
         <path>C:\ti\ccsv8\tools\compiler\ti-cgt-msp430_18.1.2.LTS\lib\</path>
         <kind>archive</kind>
         <file>rts430x_lc_ld_eabi.lib</file>
         <name>int42.asm.obj</name>
      </input_file>
      <input_file id="fl-69">
         <path>C:\ti\ccsv8\tools\compiler\ti-cgt-msp430_18.1.2.LTS\lib\</path>
         <kind>archive</kind>
         <file>rts430x_lc_ld_eabi.lib</file>
         <name>int43.asm.obj</name>
      </input_file>
      <input_file id="fl-6a">
         <path>C:\ti\ccsv8\tools\compiler\ti-cgt-msp430_18.1.2.LTS\lib\</path>
         <kind>archive</kind>
         <file>rts430x_lc_ld_eabi.lib</file>
         <name>int44.asm.obj</name>
      </input_file>
      <input_file id="fl-6b">
         <path>C:\ti\ccsv8\tools\compiler\ti-cgt-msp430_18.1.2.LTS\lib\</path>
         <kind>archive</kind>
         <file>rts430x_lc_ld_eabi.lib</file>
         <name>int46.asm.obj</name>
      </input_file>
      <input_file id="fl-6c">
         <path>C:\ti\ccsv8\tools\compiler\ti-cgt-msp430_18.1.2.LTS\lib\</path>
         <kind>archive</kind>
         <file>rts430x_lc_ld_eabi.lib</file>
         <name>int47.asm.obj</name>
      </input_file>
      <input_file id="fl-6d">
         <path>C:\ti\ccsv8\tools\compiler\ti-cgt-msp430_18.1.2.LTS\lib\</path>
         <kind>archive</kind>
         <file>rts430x_lc_ld_eabi.lib</file>
         <name>int49.asm.obj</name>
      </input_file>
      <input_file id="fl-6e">
         <path>C:\ti\ccsv8\tools\compiler\ti-cgt-msp430_18.1.2.LTS\lib\</path>
         <kind>archive</kind>
         <file>rts430x_lc_ld_eabi.lib</file>
         <name>int50.asm.obj</name>
      </input_file>
      <input_file id="fl-6f">
         <path>C:\ti\ccsv8\tools\compiler\ti-cgt-msp430_18.1.2.LTS\lib\</path>
         <kind>archive</kind>
         <file>rts430x_lc_ld_eabi.lib</file>
         <name>int52.asm.obj</name>
      </input_file>
      <input_file id="fl-70">
         <path>C:\ti\ccsv8\tools\compiler\ti-cgt-msp430_18.1.2.LTS\lib\</path>
         <kind>archive</kind>
         <file>rts430x_lc_ld_eabi.lib</file>
         <name>int53.asm.obj</name>
      </input_file>
      <input_file id="fl-71">
         <path>C:\ti\ccsv8\tools\compiler\ti-cgt-msp430_18.1.2.LTS\lib\</path>
         <kind>archive</kind>
         <file>rts430x_lc_ld_eabi.lib</file>
         <name>int54.asm.obj</name>
      </input_file>
      <input_file id="fl-72">
         <path>C:\ti\ccsv8\tools\compiler\ti-cgt-msp430_18.1.2.LTS\lib\</path>
         <kind>archive</kind>
         <file>rts430x_lc_ld_eabi.lib</file>
         <name>copy_zero_init.c.obj</name>
      </input_file>
      <input_file id="fl-73">
         <path>C:\ti\ccsv8\tools\compiler\ti-cgt-msp430_18.1.2.LTS\lib\</path>
         <kind>archive</kind>
         <file>rts430x_lc_ld_eabi.lib</file>
         <name>div16s.asm.obj</name>
      </input_file>
      <input_file id="fl-74">
         <path>C:\ti\ccsv8\tools\compiler\ti-cgt-msp430_18.1.2.LTS\lib\</path>
         <kind>archive</kind>
         <file>rts430x_lc_ld_eabi.lib</file>
         <name>div32s.asm.obj</name>
      </input_file>
      <input_file id="fl-75">
         <path>C:\ti\ccsv8\tools\compiler\ti-cgt-msp430_18.1.2.LTS\lib\</path>
         <kind>archive</kind>
         <file>rts430x_lc_ld_eabi.lib</file>
         <name>div16u.asm.obj</name>
      </input_file>
      <input_file id="fl-76">
         <path>C:\ti\ccsv8\tools\compiler\ti-cgt-msp430_18.1.2.LTS\lib\</path>
         <kind>archive</kind>
         <file>rts430x_lc_ld_eabi.lib</file>
         <name>div32u.asm.obj</name>
      </input_file>
      <input_file id="fl-77">
         <path>C:\ti\ccsv8\tools\compiler\ti-cgt-msp430_18.1.2.LTS\lib\</path>
         <kind>archive</kind>
         <file>rts430x_lc_ld_eabi.lib</file>
         <name>mult16.asm.obj</name>
      </input_file>
      <input_file id="fl-78">
         <path>C:\ti\ccsv8\tools\compiler\ti-cgt-msp430_18.1.2.LTS\lib\</path>
         <kind>archive</kind>
         <file>rts430x_lc_ld_eabi.lib</file>
         <name>mult16_f5hw.asm.obj</name>
      </input_file>
      <input_file id="fl-79">
         <path>C:\ti\ccsv8\tools\compiler\ti-cgt-msp430_18.1.2.LTS\lib\</path>
         <kind>archive</kind>
         <file>rts430x_lc_ld_eabi.lib</file>
         <name>mult32.asm.obj</name>
      </input_file>
      <input_file id="fl-7a">
         <path>C:\ti\ccsv8\tools\compiler\ti-cgt-msp430_18.1.2.LTS\lib\</path>
         <kind>archive</kind>
         <file>rts430x_lc_ld_eabi.lib</file>
         <name>mult32_f5hw.asm.obj</name>
      </input_file>
      <input_file id="fl-7b">
         <path>C:\ti\ccsv8\tools\compiler\ti-cgt-msp430_18.1.2.LTS\lib\</path>
         <kind>archive</kind>
         <file>rts430x_lc_ld_eabi.lib</file>
         <name>mult64_f5hw.asm.obj</name>
      </input_file>
      <input_file id="fl-7c">
         <path>C:\ti\ccsv8\tools\compiler\ti-cgt-msp430_18.1.2.LTS\lib\</path>
         <kind>archive</kind>
         <file>rts430x_lc_ld_eabi.lib</file>
         <name>mult1632_f5hw.asm.obj</name>
      </input_file>
      <input_file id="fl-7d">
         <path>C:\ti\ccsv8\tools\compiler\ti-cgt-msp430_18.1.2.LTS\lib\</path>
         <kind>archive</kind>
         <file>rts430x_lc_ld_eabi.lib</file>
         <name>mult3264_f5hw.asm.obj</name>
      </input_file>
      <input_file id="fl-7e">
         <path>C:\ti\ccsv8\tools\compiler\ti-cgt-msp430_18.1.2.LTS\lib\</path>
         <kind>archive</kind>
         <file>rts430x_lc_ld_eabi.lib</file>
         <name>lsl16.asm.obj</name>
      </input_file>
      <input_file id="fl-7f">
         <path>C:\ti\ccsv8\tools\compiler\ti-cgt-msp430_18.1.2.LTS\lib\</path>
         <kind>archive</kind>
         <file>rts430x_lc_ld_eabi.lib</file>
         <name>lsr32.asm.obj</name>
      </input_file>
      <input_file id="fl-80">
         <path>C:\ti\ccsv8\tools\compiler\ti-cgt-msp430_18.1.2.LTS\lib\</path>
         <kind>archive</kind>
         <file>rts430x_lc_ld_eabi.lib</file>
         <name>boot.c.obj</name>
      </input_file>
      <input_file id="fl-81">
         <path>C:\ti\ccsv8\tools\compiler\ti-cgt-msp430_18.1.2.LTS\lib\</path>
         <kind>archive</kind>
         <file>rts430x_lc_ld_eabi.lib</file>
         <name>mpu_init.c.obj</name>
      </input_file>
      <input_file id="fl-82">
         <path>C:\ti\ccsv8\tools\compiler\ti-cgt-msp430_18.1.2.LTS\lib\</path>
         <kind>archive</kind>
         <file>rts430x_lc_ld_eabi.lib</file>
         <name>args_main.c.obj</name>
      </input_file>
      <input_file id="fl-83">
         <path>C:\ti\ccsv8\tools\compiler\ti-cgt-msp430_18.1.2.LTS\lib\</path>
         <kind>archive</kind>
         <file>rts430x_lc_ld_eabi.lib</file>
         <name>autoinit.c.obj</name>
      </input_file>
      <input_file id="fl-84">
         <path>C:\ti\ccsv8\tools\compiler\ti-cgt-msp430_18.1.2.LTS\lib\</path>
         <kind>archive</kind>
         <file>rts430x_lc_ld_eabi.lib</file>
         <name>asr32.asm.obj</name>
      </input_file>
      <input_file id="fl-85">
         <path>C:\ti\ccsv8\tools\compiler\ti-cgt-msp430_18.1.2.LTS\lib\</path>
         <kind>archive</kind>
         <file>rts430x_lc_ld_eabi.lib</file>
         <name>startup.c.obj</name>
      </input_file>
      <input_file id="fl-86">
         <path>C:\ti\ccsv8\tools\compiler\ti-cgt-msp430_18.1.2.LTS\lib\</path>
         <kind>archive</kind>
         <file>rts430x_lc_ld_eabi.lib</file>
         <name>cpy_tbl.c.obj</name>
      </input_file>
      <input_file id="fl-87">
         <path>C:\ti\ccsv8\tools\compiler\ti-cgt-msp430_18.1.2.LTS\lib\</path>
         <kind>archive</kind>
         <file>rts430x_lc_ld_eabi.lib</file>
         <name>exit.c.obj</name>
      </input_file>
      <input_file id="fl-88">
         <path>C:\ti\ccsv8\tools\compiler\ti-cgt-msp430_18.1.2.LTS\lib\</path>
         <kind>archive</kind>
         <file>rts430x_lc_ld_eabi.lib</file>
         <name>exit_gvars.c.obj</name>
      </input_file>
      <input_file id="fl-89">
         <path>C:\ti\ccsv8\tools\compiler\ti-cgt-msp430_18.1.2.LTS\lib\</path>
         <kind>archive</kind>
         <file>rts430x_lc_ld_eabi.lib</file>
         <name>_lock.c.obj</name>
      </input_file>
      <input_file id="fl-8a">
         <path>C:\ti\ccsv8\tools\compiler\ti-cgt-msp430_18.1.2.LTS\lib\</path>
         <kind>archive</kind>
         <file>rts430x_lc_ld_eabi.lib</file>
         <name>memcpy.c.obj</name>
      </input_file>
      <input_file id="fl-8b">
         <path>C:\ti\ccsv8\tools\compiler\ti-cgt-msp430_18.1.2.LTS\lib\</path>
         <kind>archive</kind>
         <file>rts430x_lc_ld_eabi.lib</file>
         <name>memset.c.obj</name>
      </input_file>
      <input_file id="fl-8c">
         <path>C:\ti\ccsv8\tools\compiler\ti-cgt-msp430_18.1.2.LTS\lib\</path>
         <kind>archive</kind>
         <file>rts430x_lc_ld_eabi.lib</file>
         <name>strcpy.c.obj</name>
      </input_file>
      <input_file id="fl-8d">
         <path>C:\ti\ccsv8\tools\compiler\ti-cgt-msp430_18.1.2.LTS\lib\</path>
         <kind>archive</kind>
         <file>rts430x_lc_ld_eabi.lib</file>
         <name>strlen.c.obj</name>
      </input_file>
      <input_file id="fl-8e">
         <path>C:\ti\ccsv8\tools\compiler\ti-cgt-msp430_18.1.2.LTS\lib\</path>
         <kind>archive</kind>
         <file>rts430x_lc_ld_eabi.lib</file>
         <name>strncat.c.obj</name>
      </input_file>
      <input_file id="fl-8f">
         <path>C:\ti\ccsv8\tools\compiler\ti-cgt-msp430_18.1.2.LTS\lib\</path>
         <kind>archive</kind>
         <file>rts430x_lc_ld_eabi.lib</file>
         <name>strncmp.c.obj</name>
      </input_file>
      <input_file id="fl-90">
         <path>C:\ti\ccsv8\tools\compiler\ti-cgt-msp430_18.1.2.LTS\lib\</path>
         <kind>archive</kind>
         <file>rts430x_lc_ld_eabi.lib</file>
         <name>strncpy.c.obj</name>
      </input_file>
   </input_file_list>
   <object_component_list>
      <object_component id="oc-7f6">
         <name>.TI.persistent:ucHeap</name>
         <load_address>0x4400</load_address>
         <run_address>0x4400</run_address>
         <size>0x3800</size>
         <input_file_ref idref="fl-4"/>
      </object_component>
      <object_component id="oc-936">
         <name>__TI_handler_table</name>
         <load_address>0x7da6</load_address>
         <run_address>0x7da6</run_address>
         <size>0xc</size>
      </object_component>
      <object_component id="oc-939">
         <name>.cinit..data.load</name>
         <load_address>0x7db2</load_address>
         <run_address>0x7db2</run_address>
         <size>0xa</size>
      </object_component>
      <object_component id="oc-938">
         <name>.cinit..bss.load</name>
         <load_address>0x7dbc</load_address>
         <run_address>0x7dbc</run_address>
         <size>0x6</size>
      </object_component>
      <object_component id="oc-937">
         <name>__TI_cinit_table</name>
         <load_address>0x7dc2</load_address>
         <run_address>0x7dc2</run_address>
         <size>0x10</size>
      </object_component>
      <object_component id="oc-6e8">
         <name>.const:.string</name>
         <load_address>0x7d3c</load_address>
         <run_address>0x7d3c</run_address>
         <size>0x32</size>
         <input_file_ref idref="fl-e"/>
      </object_component>
      <object_component id="oc-685">
         <name>.const:GPIO_PORT_TO_BASE</name>
         <load_address>0x7d6e</load_address>
         <run_address>0x7d6e</run_address>
         <size>0x1c</size>
         <input_file_ref idref="fl-2c"/>
      </object_component>
      <object_component id="oc-61d">
         <name>.const:.string</name>
         <load_address>0x7d8a</load_address>
         <run_address>0x7d8a</run_address>
         <size>0x14</size>
         <input_file_ref idref="fl-6"/>
      </object_component>
      <object_component id="oc-7e2">
         <name>.const:.string</name>
         <load_address>0x7d9e</load_address>
         <run_address>0x7d9e</run_address>
         <size>0x8</size>
         <input_file_ref idref="fl-f"/>
      </object_component>
      <object_component id="oc-3eb">
         <name>.text:_isr:prvUSCI_A0_ISR</name>
         <load_address>0x7c00</load_address>
         <run_address>0x7c00</run_address>
         <size>0x6a</size>
         <input_file_ref idref="fl-17"/>
      </object_component>
      <object_component id="oc-3d9">
         <name>.text:_isr:pushbutton_ISR</name>
         <load_address>0x7c6a</load_address>
         <run_address>0x7c6a</run_address>
         <size>0x58</size>
         <input_file_ref idref="fl-6"/>
      </object_component>
      <object_component id="oc-3f1">
         <name>.text:_isr:timer1_ISR</name>
         <load_address>0x7cc2</load_address>
         <run_address>0x7cc2</run_address>
         <size>0x32</size>
         <input_file_ref idref="fl-6"/>
      </object_component>
      <object_component id="oc-409">
         <name>.text:_isr:_c_int00_noargs</name>
         <load_address>0x7cf4</load_address>
         <run_address>0x7cf4</run_address>
         <size>0x1c</size>
         <input_file_ref idref="fl-80"/>
      </object_component>
      <object_component id="oc-3df">
         <name>.text:_isr:v4RunTimeStatsTimerOverflow</name>
         <load_address>0x7d10</load_address>
         <run_address>0x7d10</run_address>
         <size>0x14</size>
         <input_file_ref idref="fl-16"/>
      </object_component>
      <object_component id="oc-3e5">
         <name>.text:_isr:vTickISREntry</name>
         <load_address>0x7d24</load_address>
         <run_address>0x7d24</run_address>
         <size>0x10</size>
         <input_file_ref idref="fl-10"/>
      </object_component>
      <object_component id="oc-3d4">
         <name>.text:_isr:__TI_ISR_TRAP</name>
         <load_address>0x7d34</load_address>
         <run_address>0x7d34</run_address>
         <size>0x8</size>
         <input_file_ref idref="fl-5e"/>
      </object_component>
      <object_component id="oc-6bb">
         <name>.text:xQueueSemaphoreTake</name>
         <load_address>0x10000</load_address>
         <run_address>0x10000</run_address>
         <size>0x1f4</size>
         <input_file_ref idref="fl-c"/>
      </object_component>
      <object_component id="oc-8b9">
         <name>.text:xQueueGenericSend</name>
         <load_address>0x101f4</load_address>
         <run_address>0x101f4</run_address>
         <size>0x198</size>
         <input_file_ref idref="fl-c"/>
      </object_component>
      <object_component id="oc-89d">
         <name>.text:xQueueReceive</name>
         <load_address>0x1038c</load_address>
         <run_address>0x1038c</run_address>
         <size>0x182</size>
         <input_file_ref idref="fl-c"/>
      </object_component>
      <object_component id="oc-694">
         <name>.text:pvPortMalloc</name>
         <load_address>0x1050e</load_address>
         <run_address>0x1050e</run_address>
         <size>0x14a</size>
         <input_file_ref idref="fl-12"/>
      </object_component>
      <object_component id="oc-858">
         <name>.text:prvProcessReceivedCommands</name>
         <load_address>0x10658</load_address>
         <run_address>0x10658</run_address>
         <size>0x144</size>
         <input_file_ref idref="fl-f"/>
      </object_component>
      <object_component id="oc-4f8">
         <name>.text:vTaskSwitchContext</name>
         <load_address>0x1079c</load_address>
         <run_address>0x1079c</run_address>
         <size>0x12e</size>
         <input_file_ref idref="fl-e"/>
      </object_component>
      <object_component id="oc-4f2">
         <name>.text:xTaskIncrementTick</name>
         <load_address>0x108ca</load_address>
         <run_address>0x108ca</run_address>
         <size>0x12a</size>
         <input_file_ref idref="fl-e"/>
      </object_component>
      <object_component id="oc-6d4">
         <name>.text:prvInitialiseNewTask</name>
         <load_address>0x109f4</load_address>
         <run_address>0x109f4</run_address>
         <size>0x10a</size>
         <input_file_ref idref="fl-e"/>
      </object_component>
      <object_component id="oc-51e">
         <name>.text:prvSetupHardware</name>
         <load_address>0x10afe</load_address>
         <run_address>0x10afe</run_address>
         <size>0xe8</size>
         <input_file_ref idref="fl-4"/>
      </object_component>
      <object_component id="oc-74a">
         <name>.text:xTaskResumeAll</name>
         <load_address>0x10be6</load_address>
         <run_address>0x10be6</run_address>
         <size>0xd8</size>
         <input_file_ref idref="fl-e"/>
      </object_component>
      <object_component id="oc-73b">
         <name>.text:prvHeapInit</name>
         <load_address>0x10cbe</load_address>
         <run_address>0x10cbe</run_address>
         <size>0xc6</size>
         <input_file_ref idref="fl-12"/>
      </object_component>
      <object_component id="oc-76f">
         <name>.text:xTaskPriorityInherit</name>
         <load_address>0x10d84</load_address>
         <run_address>0x10d84</run_address>
         <size>0xae</size>
         <input_file_ref idref="fl-e"/>
      </object_component>
      <object_component id="oc-793">
         <name>.text:vTaskPriorityDisinheritAfterTimeout</name>
         <load_address>0x10e32</load_address>
         <run_address>0x10e32</run_address>
         <size>0xac</size>
         <input_file_ref idref="fl-e"/>
      </object_component>
      <object_component id="oc-758">
         <name>.text:xQueueGenericReset</name>
         <load_address>0x10ede</load_address>
         <run_address>0x10ede</run_address>
         <size>0xaa</size>
         <input_file_ref idref="fl-c"/>
      </object_component>
      <object_component id="oc-456">
         <name>.text</name>
         <load_address>0x10f88</load_address>
         <run_address>0x10f88</run_address>
         <size>0xa6</size>
         <input_file_ref idref="fl-11"/>
      </object_component>
      <object_component id="oc-8aa">
         <name>.text:prvSwitchTimerLists</name>
         <load_address>0x1102e</load_address>
         <run_address>0x1102e</run_address>
         <size>0xa6</size>
         <input_file_ref idref="fl-f"/>
      </object_component>
      <object_component id="oc-6da">
         <name>.text:prvAddNewTaskToReadyList</name>
         <load_address>0x110d4</load_address>
         <run_address>0x110d4</run_address>
         <size>0xa2</size>
         <input_file_ref idref="fl-e"/>
      </object_component>
      <object_component id="oc-77b">
         <name>.text:prvUnlockQueue</name>
         <load_address>0x11176</load_address>
         <run_address>0x11176</run_address>
         <size>0xa0</size>
         <input_file_ref idref="fl-c"/>
      </object_component>
      <object_component id="oc-507">
         <name>.text:prvCopyDataToQueue</name>
         <load_address>0x11216</load_address>
         <run_address>0x11216</run_address>
         <size>0x9e</size>
         <input_file_ref idref="fl-c"/>
      </object_component>
      <object_component id="oc-787">
         <name>.text:xTaskCheckForTimeOut</name>
         <load_address>0x112b4</load_address>
         <run_address>0x112b4</run_address>
         <size>0x9e</size>
         <input_file_ref idref="fl-e"/>
      </object_component>
      <object_component id="oc-7a1">
         <name>.text:prvAddCurrentTaskToDelayedList</name>
         <load_address>0x11352</load_address>
         <run_address>0x11352</run_address>
         <size>0x90</size>
         <input_file_ref idref="fl-e"/>
      </object_component>
      <object_component id="oc-6ce">
         <name>.text:vPortFree</name>
         <load_address>0x113e2</load_address>
         <run_address>0x113e2</run_address>
         <size>0x90</size>
         <input_file_ref idref="fl-12"/>
      </object_component>
      <object_component id="oc-5ce">
         <name>.text:xTaskPriorityDisinherit</name>
         <load_address>0x11472</load_address>
         <run_address>0x11472</run_address>
         <size>0x90</size>
         <input_file_ref idref="fl-e"/>
      </object_component>
      <object_component id="oc-897">
         <name>.text:xTimerGenericCommand</name>
         <load_address>0x11502</load_address>
         <run_address>0x11502</run_address>
         <size>0x8e</size>
         <input_file_ref idref="fl-f"/>
      </object_component>
      <object_component id="oc-524">
         <name>.text:blinky2</name>
         <load_address>0x11590</load_address>
         <run_address>0x11590</run_address>
         <size>0x8a</size>
         <input_file_ref idref="fl-6"/>
      </object_component>
      <object_component id="oc-61e">
         <name>.text:xTaskCreate</name>
         <load_address>0x1161a</load_address>
         <run_address>0x1161a</run_address>
         <size>0x8a</size>
         <input_file_ref idref="fl-e"/>
      </object_component>
      <object_component id="oc-4da">
         <name>.text:xTaskRemoveFromEventList</name>
         <load_address>0x116a4</load_address>
         <run_address>0x116a4</run_address>
         <size>0x86</size>
         <input_file_ref idref="fl-e"/>
      </object_component>
      <object_component id="oc-88a">
         <name>.text:prvProcessExpiredTimer</name>
         <load_address>0x1172a</load_address>
         <run_address>0x1172a</run_address>
         <size>0x84</size>
         <input_file_ref idref="fl-f"/>
      </object_component>
      <object_component id="oc-45f">
         <name>.text:xQueueGenericSendFromISR</name>
         <load_address>0x117ae</load_address>
         <run_address>0x117ae</run_address>
         <size>0x82</size>
         <input_file_ref idref="fl-c"/>
      </object_component>
      <object_component id="oc-448">
         <name>.text:xQueueGiveFromISR</name>
         <load_address>0x11830</load_address>
         <run_address>0x11830</run_address>
         <size>0x7e</size>
         <input_file_ref idref="fl-c"/>
      </object_component>
      <object_component id="oc-891">
         <name>.text:prvInsertTimerInActiveList</name>
         <load_address>0x118ae</load_address>
         <run_address>0x118ae</run_address>
         <size>0x7a</size>
         <input_file_ref idref="fl-f"/>
      </object_component>
      <object_component id="oc-852">
         <name>.text:prvProcessTimerOrBlockTask</name>
         <load_address>0x11928</load_address>
         <run_address>0x11928</run_address>
         <size>0x7a</size>
         <input_file_ref idref="fl-f"/>
      </object_component>
      <object_component id="oc-54f">
         <name>.text:__TI_auto_init_nobinit_nopinit_hold_wdt:__TI_auto_init_nobinit_nopinit_hold_wdt</name>
         <load_address>0x119a2</load_address>
         <run_address>0x119a2</run_address>
         <size>0x78</size>
         <input_file_ref idref="fl-83"/>
      </object_component>
      <object_component id="oc-71">
         <name>.text:decompress:lzss:__TI_decompress_lzss</name>
         <load_address>0x11a1a</load_address>
         <run_address>0x11a1a</run_address>
         <size>0x76</size>
         <input_file_ref idref="fl-5b"/>
      </object_component>
      <object_component id="oc-5e3">
         <name>.text:GPIO_setAsPeripheralModuleFunctionInputPin</name>
         <load_address>0x11a90</load_address>
         <run_address>0x11a90</run_address>
         <size>0x72</size>
         <input_file_ref idref="fl-2c"/>
      </object_component>
      <object_component id="oc-5e9">
         <name>.text:GPIO_setAsPeripheralModuleFunctionOutputPin</name>
         <load_address>0x11b02</load_address>
         <run_address>0x11b02</run_address>
         <size>0x72</size>
         <input_file_ref idref="fl-2c"/>
      </object_component>
      <object_component id="oc-744">
         <name>.text:prvInsertBlockIntoFreeList</name>
         <load_address>0x11b74</load_address>
         <run_address>0x11b74</run_address>
         <size>0x72</size>
         <input_file_ref idref="fl-12"/>
      </object_component>
      <object_component id="oc-465">
         <name>.text:xQueueReceiveFromISR</name>
         <load_address>0x11be6</load_address>
         <run_address>0x11be6</run_address>
         <size>0x70</size>
         <input_file_ref idref="fl-c"/>
      </object_component>
      <object_component id="oc-5fb">
         <name>.text:CS_initClockSignal</name>
         <load_address>0x11c56</load_address>
         <run_address>0x11c56</run_address>
         <size>0x66</size>
         <input_file_ref idref="fl-24"/>
      </object_component>
      <object_component id="oc-7bc">
         <name>.text:prvInitialiseTaskLists</name>
         <load_address>0x11cbc</load_address>
         <run_address>0x11cbc</run_address>
         <size>0x62</size>
         <input_file_ref idref="fl-e"/>
      </object_component>
      <object_component id="oc-62a">
         <name>.text:vTaskStartScheduler</name>
         <load_address>0x11d1e</load_address>
         <run_address>0x11d1e</run_address>
         <size>0x60</size>
         <input_file_ref idref="fl-e"/>
      </object_component>
      <object_component id="oc-7d0">
         <name>.text:prvCheckForValidListAndQueue</name>
         <load_address>0x11d7e</load_address>
         <run_address>0x11d7e</run_address>
         <size>0x5a</size>
         <input_file_ref idref="fl-f"/>
      </object_component>
      <object_component id="oc-60e">
         <name>.text:xQueueGenericCreate</name>
         <load_address>0x11dd8</load_address>
         <run_address>0x11dd8</run_address>
         <size>0x58</size>
         <input_file_ref idref="fl-c"/>
      </object_component>
      <object_component id="oc-810">
         <name>.text:vListInsert</name>
         <load_address>0x11e30</load_address>
         <run_address>0x11e30</run_address>
         <size>0x54</size>
         <input_file_ref idref="fl-b"/>
      </object_component>
      <object_component id="oc-7c3">
         <name>.text:prvCheckTasksWaitingTermination</name>
         <load_address>0x11e84</load_address>
         <run_address>0x11e84</run_address>
         <size>0x50</size>
         <input_file_ref idref="fl-e"/>
      </object_component>
      <object_component id="oc-884">
         <name>.text:vQueueWaitForMessageRestricted</name>
         <load_address>0x11ed4</load_address>
         <run_address>0x11ed4</run_address>
         <size>0x4e</size>
         <input_file_ref idref="fl-c"/>
      </object_component>
      <object_component id="oc-6e9">
         <name>.text:xTimerCreateTimerTask</name>
         <load_address>0x11f22</load_address>
         <run_address>0x11f22</run_address>
         <size>0x4c</size>
         <input_file_ref idref="fl-f"/>
      </object_component>
      <object_component id="oc-6a3">
         <name>.text:GPIO_setAsInputPinWithPullUpResistor</name>
         <load_address>0x11f6e</load_address>
         <run_address>0x11f6e</run_address>
         <size>0x4a</size>
         <input_file_ref idref="fl-2c"/>
      </object_component>
      <object_component id="oc-617">
         <name>.text:ledToggleTask</name>
         <load_address>0x11fb8</load_address>
         <run_address>0x11fb8</run_address>
         <size>0x48</size>
         <input_file_ref idref="fl-6"/>
      </object_component>
      <object_component id="oc-643">
         <name>.text:l_asr_const</name>
         <load_address>0x12000</load_address>
         <run_address>0x12000</run_address>
         <size>0x3e</size>
         <input_file_ref idref="fl-84"/>
      </object_component>
      <object_component id="oc-3c7">
         <name>.text:memcpy</name>
         <load_address>0x1203e</load_address>
         <run_address>0x1203e</run_address>
         <size>0x3c</size>
         <input_file_ref idref="fl-8a"/>
      </object_component>
      <object_component id="oc-601">
         <name>.text:CS_turnOnLFXT</name>
         <load_address>0x1207a</load_address>
         <run_address>0x1207a</run_address>
         <size>0x3a</size>
         <input_file_ref idref="fl-24"/>
      </object_component>
      <object_component id="oc-571">
         <name>.text:uxListRemove</name>
         <load_address>0x120b4</load_address>
         <run_address>0x120b4</run_address>
         <size>0x3a</size>
         <input_file_ref idref="fl-b"/>
      </object_component>
      <object_component id="oc-8b0">
         <name>.text:vTaskPlaceOnEventListRestricted</name>
         <load_address>0x120ee</load_address>
         <run_address>0x120ee</run_address>
         <size>0x3a</size>
         <input_file_ref idref="fl-e"/>
      </object_component>
      <object_component id="oc-882">
         <name>.text:prvSampleTimeNow</name>
         <load_address>0x12128</load_address>
         <run_address>0x12128</run_address>
         <size>0x38</size>
         <input_file_ref idref="fl-f"/>
      </object_component>
      <object_component id="oc-5dd">
         <name>.text:GPIO_setAsOutputPin</name>
         <load_address>0x12160</load_address>
         <run_address>0x12160</run_address>
         <size>0x34</size>
         <input_file_ref idref="fl-2c"/>
      </object_component>
      <object_component id="oc-50e">
         <name>.text:prvCopyDataFromQueue</name>
         <load_address>0x12194</load_address>
         <run_address>0x12194</run_address>
         <size>0x34</size>
         <input_file_ref idref="fl-c"/>
      </object_component>
      <object_component id="oc-6c7">
         <name>.text:vTaskDelay</name>
         <load_address>0x121c8</load_address>
         <run_address>0x121c8</run_address>
         <size>0x34</size>
         <input_file_ref idref="fl-e"/>
      </object_component>
      <object_component id="oc-775">
         <name>.text:vTaskPlaceOnEventList</name>
         <load_address>0x121fc</load_address>
         <run_address>0x121fc</run_address>
         <size>0x30</size>
         <input_file_ref idref="fl-e"/>
      </object_component>
      <object_component id="oc-6a9">
         <name>.text:GPIO_selectInterruptEdge</name>
         <load_address>0x1222c</load_address>
         <run_address>0x1222c</run_address>
         <size>0x2e</size>
         <input_file_ref idref="fl-2c"/>
      </object_component>
      <object_component id="oc-84c">
         <name>.text:prvGetNextExpireTime</name>
         <load_address>0x1225a</load_address>
         <run_address>0x1225a</run_address>
         <size>0x2e</size>
         <input_file_ref idref="fl-f"/>
      </object_component>
      <object_component id="oc-8c4">
         <name>.text:prvIsQueueFull</name>
         <load_address>0x12288</load_address>
         <run_address>0x12288</run_address>
         <size>0x2e</size>
         <input_file_ref idref="fl-c"/>
      </object_component>
      <object_component id="oc-5b9">
         <name>.text:prvResetNextTaskUnblockTime</name>
         <load_address>0x122b6</load_address>
         <run_address>0x122b6</run_address>
         <size>0x2e</size>
         <input_file_ref idref="fl-e"/>
      </object_component>
      <object_component id="oc-769">
         <name>.text:prvIsQueueEmpty</name>
         <load_address>0x122e4</load_address>
         <run_address>0x122e4</run_address>
         <size>0x2c</size>
         <input_file_ref idref="fl-c"/>
      </object_component>
      <object_component id="oc-806">
         <name>.text:vListInitialise</name>
         <load_address>0x12310</load_address>
         <run_address>0x12310</run_address>
         <size>0x2c</size>
         <input_file_ref idref="fl-b"/>
      </object_component>
      <object_component id="oc-69a">
         <name>.text:prvInitialiseNewQueue</name>
         <load_address>0x1233c</load_address>
         <run_address>0x1233c</run_address>
         <size>0x2a</size>
         <input_file_ref idref="fl-c"/>
      </object_component>
      <object_component id="oc-624">
         <name>.text:timerTask</name>
         <load_address>0x12366</load_address>
         <run_address>0x12366</run_address>
         <size>0x28</size>
         <input_file_ref idref="fl-6"/>
      </object_component>
      <object_component id="oc-8a4">
         <name>.text:xTaskGetTickCount</name>
         <load_address>0x1238e</load_address>
         <run_address>0x1238e</run_address>
         <size>0x28</size>
         <input_file_ref idref="fl-e"/>
      </object_component>
      <object_component id="oc-4fe">
         <name>.text:vApplicationSetupTimerInterrupt</name>
         <load_address>0x123b6</load_address>
         <run_address>0x123b6</run_address>
         <size>0x26</size>
         <input_file_ref idref="fl-4"/>
      </object_component>
      <object_component id="oc-57f">
         <name>.text:vListInsertEnd</name>
         <load_address>0x123dc</load_address>
         <run_address>0x123dc</run_address>
         <size>0x26</size>
         <input_file_ref idref="fl-b"/>
      </object_component>
      <object_component id="oc-3f7">
         <name>.text:decompress:ZI:__TI_zero_init_nomemset:__TI_zero_init_nomemset</name>
         <load_address>0x12402</load_address>
         <run_address>0x12402</run_address>
         <size>0x24</size>
         <input_file_ref idref="fl-72"/>
      </object_component>
      <object_component id="oc-7b5">
         <name>.text:pxPortInitialiseStack</name>
         <load_address>0x12426</load_address>
         <run_address>0x12426</run_address>
         <size>0x24</size>
         <input_file_ref idref="fl-10"/>
      </object_component>
      <object_component id="oc-517">
         <name>.text:WDT_A_hold</name>
         <load_address>0x1244a</load_address>
         <run_address>0x1244a</run_address>
         <size>0x20</size>
         <input_file_ref idref="fl-3a"/>
      </object_component>
      <object_component id="oc-7a9">
         <name>.text:memset</name>
         <load_address>0x1246a</load_address>
         <run_address>0x1246a</run_address>
         <size>0x20</size>
         <input_file_ref idref="fl-8b"/>
      </object_component>
      <object_component id="oc-6af">
         <name>.text:GPIO_clearInterrupt</name>
         <load_address>0x1248a</load_address>
         <run_address>0x1248a</run_address>
         <size>0x1e</size>
         <input_file_ref idref="fl-2c"/>
      </object_component>
      <object_component id="oc-6b5">
         <name>.text:GPIO_enableInterrupt</name>
         <load_address>0x124a8</load_address>
         <run_address>0x124a8</run_address>
         <size>0x1e</size>
         <input_file_ref idref="fl-2c"/>
      </object_component>
      <object_component id="oc-5d7">
         <name>.text:GPIO_setOutputLowOnPin</name>
         <load_address>0x124c6</load_address>
         <run_address>0x124c6</run_address>
         <size>0x1c</size>
         <input_file_ref idref="fl-2c"/>
      </object_component>
      <object_component id="oc-6c1">
         <name>.text:GPIO_toggleOutputOnPin</name>
         <load_address>0x124e2</load_address>
         <run_address>0x124e2</run_address>
         <size>0x1c</size>
         <input_file_ref idref="fl-2c"/>
      </object_component>
      <object_component id="oc-799">
         <name>.text:pvTaskIncrementMutexHeldCount</name>
         <load_address>0x124fe</load_address>
         <run_address>0x124fe</run_address>
         <size>0x1c</size>
         <input_file_ref idref="fl-e"/>
      </object_component>
      <object_component id="oc-577">
         <name>.text</name>
         <load_address>0x1251a</load_address>
         <run_address>0x1251a</run_address>
         <size>0x18</size>
         <input_file_ref idref="fl-78"/>
      </object_component>
      <object_component id="oc-763">
         <name>.text:xTaskGetSchedulerState</name>
         <load_address>0x12532</load_address>
         <run_address>0x12532</run_address>
         <size>0x18</size>
         <input_file_ref idref="fl-e"/>
      </object_component>
      <object_component id="oc-77">
         <name>.text:decompress:none:__TI_decompress_none</name>
         <load_address>0x1254a</load_address>
         <run_address>0x1254a</run_address>
         <size>0x16</size>
         <input_file_ref idref="fl-5c"/>
      </object_component>
      <object_component id="oc-835">
         <name>.text:prvDeleteTCB</name>
         <load_address>0x12560</load_address>
         <run_address>0x12560</run_address>
         <size>0x16</size>
         <input_file_ref idref="fl-e"/>
      </object_component>
      <object_component id="oc-78d">
         <name>.text:prvGetDisinheritPriorityAfterTimeout</name>
         <load_address>0x12576</load_address>
         <run_address>0x12576</run_address>
         <size>0x16</size>
         <input_file_ref idref="fl-c"/>
      </object_component>
      <object_component id="oc-6e2">
         <name>.text:prvIdleTask</name>
         <load_address>0x1258c</load_address>
         <run_address>0x1258c</run_address>
         <size>0x16</size>
         <input_file_ref idref="fl-e"/>
      </object_component>
      <object_component id="oc-7dc">
         <name>.text:prvTimerTask</name>
         <load_address>0x125a2</load_address>
         <run_address>0x125a2</run_address>
         <size>0x16</size>
         <input_file_ref idref="fl-f"/>
      </object_component>
      <object_component id="oc-781">
         <name>.text:vTaskInternalSetTimeOutState</name>
         <load_address>0x125b8</load_address>
         <run_address>0x125b8</run_address>
         <size>0x14</size>
         <input_file_ref idref="fl-e"/>
      </object_component>
      <object_component id="oc-5ef">
         <name>.text:CS_setDCOFreq</name>
         <load_address>0x125cc</load_address>
         <run_address>0x125cc</run_address>
         <size>0x12</size>
         <input_file_ref idref="fl-24"/>
      </object_component>
      <object_component id="oc-5f5">
         <name>.text:CS_setExternalClockSource</name>
         <load_address>0x125de</load_address>
         <run_address>0x125de</run_address>
         <size>0x12</size>
         <input_file_ref idref="fl-24"/>
      </object_component>
      <object_component id="oc-6ef">
         <name>.text:vConfigureTimerForRunTimeStats</name>
         <load_address>0x125f0</load_address>
         <run_address>0x125f0</run_address>
         <size>0x10</size>
         <input_file_ref idref="fl-16"/>
      </object_component>
      <object_component id="oc-480">
         <name>.text:_system_pre_init</name>
         <load_address>0x12600</load_address>
         <run_address>0x12600</run_address>
         <size>0xc</size>
         <input_file_ref idref="fl-4"/>
      </object_component>
      <object_component id="oc-486">
         <name>.text:main</name>
         <load_address>0x1260c</load_address>
         <run_address>0x1260c</run_address>
         <size>0xc</size>
         <input_file_ref idref="fl-4"/>
      </object_component>
      <object_component id="oc-7c9">
         <name>.text:vApplicationIdleHook</name>
         <load_address>0x12618</load_address>
         <run_address>0x12618</run_address>
         <size>0xc</size>
         <input_file_ref idref="fl-4"/>
      </object_component>
      <object_component id="oc-750">
         <name>.text:vApplicationMallocFailedHook</name>
         <load_address>0x12624</load_address>
         <run_address>0x12624</run_address>
         <size>0xa</size>
         <input_file_ref idref="fl-4"/>
      </object_component>
      <object_component id="oc-5c6">
         <name>.text:vApplicationStackOverflowHook</name>
         <load_address>0x1262e</load_address>
         <run_address>0x1262e</run_address>
         <size>0xa</size>
         <input_file_ref idref="fl-4"/>
      </object_component>
      <object_component id="oc-7af">
         <name>.text:vListInitialiseItem</name>
         <load_address>0x12638</load_address>
         <run_address>0x12638</run_address>
         <size>0x8</size>
         <input_file_ref idref="fl-b"/>
      </object_component>
      <object_component id="oc-607">
         <name>.text:PMM_unlockLPM5</name>
         <load_address>0x12640</load_address>
         <run_address>0x12640</run_address>
         <size>0x6</size>
         <input_file_ref idref="fl-30"/>
      </object_component>
      <object_component id="oc-52b">
         <name>.text:abort</name>
         <load_address>0x12646</load_address>
         <run_address>0x12646</run_address>
         <size>0x6</size>
         <input_file_ref idref="fl-87"/>
      </object_component>
      <object_component id="oc-817">
         <name>.text:vTaskMissedYield</name>
         <load_address>0x1264c</load_address>
         <run_address>0x1264c</run_address>
         <size>0x6</size>
         <input_file_ref idref="fl-e"/>
      </object_component>
      <object_component id="oc-732">
         <name>.text:vTaskSuspendAll</name>
         <load_address>0x12652</load_address>
         <run_address>0x12652</run_address>
         <size>0x6</size>
         <input_file_ref idref="fl-e"/>
      </object_component>
      <object_component id="oc-648">
         <name>.text:_system_post_cinit</name>
         <load_address>0x12658</load_address>
         <run_address>0x12658</run_address>
         <size>0x2</size>
         <input_file_ref idref="fl-85"/>
      </object_component>
      <object_component id="oc-5bf">
         <name>.text:vApplicationTickHook</name>
         <load_address>0x1265a</load_address>
         <run_address>0x1265a</run_address>
         <size>0x2</size>
         <input_file_ref idref="fl-4"/>
      </object_component>
      <object_component id="oc-57c">
         <name>.bss:pxReadyTasksLists</name>
         <uninitialized>true</uninitialized>
         <run_address>0x1c00</run_address>
         <size>0x5a</size>
         <input_file_ref idref="fl-e"/>
      </object_component>
      <object_component id="oc-82b">
         <name>.bss:xDelayedTaskList1</name>
         <uninitialized>true</uninitialized>
         <run_address>0x1c7e</run_address>
         <size>0x12</size>
         <input_file_ref idref="fl-e"/>
      </object_component>
      <object_component id="oc-82e">
         <name>.bss:xDelayedTaskList2</name>
         <uninitialized>true</uninitialized>
         <run_address>0x1c90</run_address>
         <size>0x12</size>
         <input_file_ref idref="fl-e"/>
      </object_component>
      <object_component id="oc-5b6">
         <name>.bss</name>
         <uninitialized>true</uninitialized>
         <run_address>0x1ce0</run_address>
         <size>0x8</size>
         <input_file_ref idref="fl-e"/>
      </object_component>
      <object_component id="oc-585">
         <name>.bss:xPendingReadyList</name>
         <uninitialized>true</uninitialized>
         <run_address>0x1ca2</run_address>
         <size>0x12</size>
         <input_file_ref idref="fl-e"/>
      </object_component>
      <object_component id="oc-831">
         <name>.bss:xTasksWaitingTermination</name>
         <uninitialized>true</uninitialized>
         <run_address>0x1cc6</run_address>
         <size>0x12</size>
         <input_file_ref idref="fl-e"/>
      </object_component>
      <object_component id="oc-823">
         <name>.bss:xSuspendedTaskList</name>
         <uninitialized>true</uninitialized>
         <run_address>0x1cb4</run_address>
         <size>0x12</size>
         <input_file_ref idref="fl-e"/>
      </object_component>
      <object_component id="oc-83d">
         <name>.bss:xActiveTimerList1</name>
         <uninitialized>true</uninitialized>
         <run_address>0x1c5a</run_address>
         <size>0x12</size>
         <input_file_ref idref="fl-f"/>
      </object_component>
      <object_component id="oc-840">
         <name>.bss:xActiveTimerList2</name>
         <uninitialized>true</uninitialized>
         <run_address>0x1c6c</run_address>
         <size>0x12</size>
         <input_file_ref idref="fl-f"/>
      </object_component>
      <object_component id="oc-843">
         <name>.bss</name>
         <uninitialized>true</uninitialized>
         <run_address>0x1ce8</run_address>
         <size>0x8</size>
         <input_file_ref idref="fl-f"/>
      </object_component>
      <object_component id="oc-741">
         <name>.bss:xStart</name>
         <uninitialized>true</uninitialized>
         <run_address>0x1cf0</run_address>
         <size>0x8</size>
         <input_file_ref idref="fl-12"/>
      </object_component>
      <object_component id="oc-45c">
         <name>.bss</name>
         <uninitialized>true</uninitialized>
         <run_address>0x1cd8</run_address>
         <size>0x8</size>
         <input_file_ref idref="fl-17"/>
      </object_component>
      <object_component id="oc-445">
         <name>.common:semaKnop</name>
         <uninitialized>true</uninitialized>
         <run_address>0x1cf8</run_address>
         <size>0x4</size>
      </object_component>
      <object_component id="oc-476">
         <name>.common:semaTimer</name>
         <uninitialized>true</uninitialized>
         <run_address>0x1cfc</run_address>
         <size>0x4</size>
      </object_component>
      <object_component id="oc-614">
         <name>.data</name>
         <load_address>0x1d5a</load_address>
         <run_address>0x1d5a</run_address>
         <size>0x4</size>
         <input_file_ref idref="fl-6"/>
      </object_component>
      <object_component id="oc-4ef">
         <name>.data</name>
         <load_address>0x1d00</load_address>
         <run_address>0x1d00</run_address>
         <size>0x2a</size>
         <input_file_ref idref="fl-e"/>
      </object_component>
      <object_component id="oc-7d6">
         <name>.data</name>
         <load_address>0x1d46</load_address>
         <run_address>0x1d46</run_address>
         <size>0xc</size>
         <input_file_ref idref="fl-f"/>
      </object_component>
      <object_component id="oc-4ec">
         <name>.data</name>
         <load_address>0x1d5e</load_address>
         <run_address>0x1d5e</run_address>
         <size>0x2</size>
         <input_file_ref idref="fl-10"/>
      </object_component>
      <object_component id="oc-738">
         <name>.data</name>
         <load_address>0x1d2a</load_address>
         <run_address>0x1d2a</run_address>
         <size>0x10</size>
         <input_file_ref idref="fl-12"/>
      </object_component>
      <object_component id="oc-44f">
         <name>.data</name>
         <load_address>0x1d3a</load_address>
         <run_address>0x1d3a</run_address>
         <size>0xc</size>
         <input_file_ref idref="fl-16"/>
      </object_component>
      <object_component id="oc-68d">
         <name>.data</name>
         <load_address>0x1d52</load_address>
         <run_address>0x1d52</run_address>
         <size>0x8</size>
         <input_file_ref idref="fl-24"/>
      </object_component>
      <object_component id="oc-3b8">
         <name>.stack</name>
         <uninitialized>true</uninitialized>
         <run_address>0x2360</run_address>
         <size>0x4</size>
         <input_file_ref idref="fl-80"/>
      </object_component>
      <object_component id="oc-93a">
         <name>.stack</name>
         <uninitialized>true</uninitialized>
         <run_address>0x2360</run_address>
         <size>0x0</size>
      </object_component>
      <object_component id="oc-7d">
         <name>.int30</name>
         <load_address>0xffcc</load_address>
         <run_address>0xffcc</run_address>
         <size>0x2</size>
         <input_file_ref idref="fl-5d"/>
      </object_component>
      <object_component id="oc-7e">
         <name>.int31</name>
         <load_address>0xffce</load_address>
         <run_address>0xffce</run_address>
         <size>0x2</size>
         <input_file_ref idref="fl-5f"/>
      </object_component>
      <object_component id="oc-7f">
         <name>.int32</name>
         <load_address>0xffd0</load_address>
         <run_address>0xffd0</run_address>
         <size>0x2</size>
         <input_file_ref idref="fl-60"/>
      </object_component>
      <object_component id="oc-80">
         <name>.int33</name>
         <load_address>0xffd2</load_address>
         <run_address>0xffd2</run_address>
         <size>0x2</size>
         <input_file_ref idref="fl-61"/>
      </object_component>
      <object_component id="oc-81">
         <name>.int34</name>
         <load_address>0xffd4</load_address>
         <run_address>0xffd4</run_address>
         <size>0x2</size>
         <input_file_ref idref="fl-62"/>
      </object_component>
      <object_component id="oc-82">
         <name>.int35</name>
         <load_address>0xffd6</load_address>
         <run_address>0xffd6</run_address>
         <size>0x2</size>
         <input_file_ref idref="fl-63"/>
      </object_component>
      <object_component id="oc-83">
         <name>.int36</name>
         <load_address>0xffd8</load_address>
         <run_address>0xffd8</run_address>
         <size>0x2</size>
         <input_file_ref idref="fl-64"/>
      </object_component>
      <object_component id="oc-84">
         <name>.int37</name>
         <load_address>0xffda</load_address>
         <run_address>0xffda</run_address>
         <size>0x2</size>
         <input_file_ref idref="fl-65"/>
      </object_component>
      <object_component id="oc-85">
         <name>.int38</name>
         <load_address>0xffdc</load_address>
         <run_address>0xffdc</run_address>
         <size>0x2</size>
         <input_file_ref idref="fl-66"/>
      </object_component>
      <object_component id="oc-86">
         <name>.int39</name>
         <load_address>0xffde</load_address>
         <run_address>0xffde</run_address>
         <size>0x2</size>
         <input_file_ref idref="fl-6"/>
      </object_component>
      <object_component id="oc-87">
         <name>.int40</name>
         <load_address>0xffe0</load_address>
         <run_address>0xffe0</run_address>
         <size>0x2</size>
         <input_file_ref idref="fl-16"/>
      </object_component>
      <object_component id="oc-88">
         <name>.int41</name>
         <load_address>0xffe2</load_address>
         <run_address>0xffe2</run_address>
         <size>0x2</size>
         <input_file_ref idref="fl-67"/>
      </object_component>
      <object_component id="oc-89">
         <name>.int42</name>
         <load_address>0xffe4</load_address>
         <run_address>0xffe4</run_address>
         <size>0x2</size>
         <input_file_ref idref="fl-68"/>
      </object_component>
      <object_component id="oc-8a">
         <name>.int43</name>
         <load_address>0xffe6</load_address>
         <run_address>0xffe6</run_address>
         <size>0x2</size>
         <input_file_ref idref="fl-69"/>
      </object_component>
      <object_component id="oc-8b">
         <name>.int44</name>
         <load_address>0xffe8</load_address>
         <run_address>0xffe8</run_address>
         <size>0x2</size>
         <input_file_ref idref="fl-6a"/>
      </object_component>
      <object_component id="oc-8c">
         <name>.int45</name>
         <load_address>0xffea</load_address>
         <run_address>0xffea</run_address>
         <size>0x2</size>
         <input_file_ref idref="fl-10"/>
      </object_component>
      <object_component id="oc-8d">
         <name>.int46</name>
         <load_address>0xffec</load_address>
         <run_address>0xffec</run_address>
         <size>0x2</size>
         <input_file_ref idref="fl-6b"/>
      </object_component>
      <object_component id="oc-8e">
         <name>.int47</name>
         <load_address>0xffee</load_address>
         <run_address>0xffee</run_address>
         <size>0x2</size>
         <input_file_ref idref="fl-6c"/>
      </object_component>
      <object_component id="oc-8f">
         <name>.int48</name>
         <load_address>0xfff0</load_address>
         <run_address>0xfff0</run_address>
         <size>0x2</size>
         <input_file_ref idref="fl-17"/>
      </object_component>
      <object_component id="oc-90">
         <name>.int49</name>
         <load_address>0xfff2</load_address>
         <run_address>0xfff2</run_address>
         <size>0x2</size>
         <input_file_ref idref="fl-6d"/>
      </object_component>
      <object_component id="oc-91">
         <name>.int50</name>
         <load_address>0xfff4</load_address>
         <run_address>0xfff4</run_address>
         <size>0x2</size>
         <input_file_ref idref="fl-6e"/>
      </object_component>
      <object_component id="oc-92">
         <name>.int51</name>
         <load_address>0xfff6</load_address>
         <run_address>0xfff6</run_address>
         <size>0x2</size>
         <input_file_ref idref="fl-6"/>
      </object_component>
      <object_component id="oc-93">
         <name>.int52</name>
         <load_address>0xfff8</load_address>
         <run_address>0xfff8</run_address>
         <size>0x2</size>
         <input_file_ref idref="fl-6f"/>
      </object_component>
      <object_component id="oc-94">
         <name>.int53</name>
         <load_address>0xfffa</load_address>
         <run_address>0xfffa</run_address>
         <size>0x2</size>
         <input_file_ref idref="fl-70"/>
      </object_component>
      <object_component id="oc-95">
         <name>.int54</name>
         <load_address>0xfffc</load_address>
         <run_address>0xfffc</run_address>
         <size>0x2</size>
         <input_file_ref idref="fl-71"/>
      </object_component>
      <object_component id="oc-3bb">
         <name>.reset</name>
         <load_address>0xfffe</load_address>
         <run_address>0xfffe</run_address>
         <size>0x2</size>
         <input_file_ref idref="fl-80"/>
      </object_component>
      <object_component id="oc-570">
         <name>.debug_info</name>
         <load_address>0x0</load_address>
         <run_address>0x0</run_address>
         <size>0x396</size>
         <input_file_ref idref="fl-2"/>
      </object_component>
      <object_component id="oc-4c1">
         <name>.debug_info</name>
         <load_address>0x396</load_address>
         <run_address>0x396</run_address>
         <size>0x315</size>
         <input_file_ref idref="fl-2"/>
      </object_component>
      <object_component id="oc-4bc">
         <name>.debug_info</name>
         <load_address>0x6ab</load_address>
         <run_address>0x6ab</run_address>
         <size>0x26b</size>
         <input_file_ref idref="fl-2"/>
      </object_component>
      <object_component id="oc-4cb">
         <name>.debug_info</name>
         <load_address>0x916</load_address>
         <run_address>0x916</run_address>
         <size>0x476</size>
         <input_file_ref idref="fl-2"/>
      </object_component>
      <object_component id="oc-471">
         <name>.debug_info</name>
         <load_address>0xd8c</load_address>
         <run_address>0xd8c</run_address>
         <size>0x8b</size>
         <input_file_ref idref="fl-2"/>
      </object_component>
      <object_component id="oc-4d5">
         <name>.debug_info</name>
         <load_address>0xe17</load_address>
         <run_address>0xe17</run_address>
         <size>0x2c</size>
         <input_file_ref idref="fl-2"/>
      </object_component>
      <object_component id="oc-56b">
         <name>.debug_info</name>
         <load_address>0xe43</load_address>
         <run_address>0xe43</run_address>
         <size>0x275</size>
         <input_file_ref idref="fl-2"/>
      </object_component>
      <object_component id="oc-4b2">
         <name>.debug_info</name>
         <load_address>0x10b8</load_address>
         <run_address>0x10b8</run_address>
         <size>0xbb</size>
         <input_file_ref idref="fl-2"/>
      </object_component>
      <object_component id="oc-46c">
         <name>.debug_info</name>
         <load_address>0x1173</load_address>
         <run_address>0x1173</run_address>
         <size>0x53</size>
         <input_file_ref idref="fl-2"/>
      </object_component>
      <object_component id="oc-4b7">
         <name>.debug_info</name>
         <load_address>0x11c6</load_address>
         <run_address>0x11c6</run_address>
         <size>0x53</size>
         <input_file_ref idref="fl-2"/>
      </object_component>
      <object_component id="oc-4c6">
         <name>.debug_info</name>
         <load_address>0x1219</load_address>
         <run_address>0x1219</run_address>
         <size>0x14c</size>
         <input_file_ref idref="fl-2"/>
      </object_component>
      <object_component id="oc-56a">
         <name>.debug_info</name>
         <load_address>0x1365</load_address>
         <run_address>0x1365</run_address>
         <size>0x722</size>
         <input_file_ref idref="fl-4"/>
      </object_component>
      <object_component id="oc-7f7">
         <name>.debug_info</name>
         <load_address>0x1a87</load_address>
         <run_address>0x1a87</run_address>
         <size>0x119</size>
         <input_file_ref idref="fl-4"/>
      </object_component>
      <object_component id="oc-5c0">
         <name>.debug_info</name>
         <load_address>0x1ba0</load_address>
         <run_address>0x1ba0</run_address>
         <size>0x15f</size>
         <input_file_ref idref="fl-4"/>
      </object_component>
      <object_component id="oc-5c7">
         <name>.debug_info</name>
         <load_address>0x1cff</load_address>
         <run_address>0x1cff</run_address>
         <size>0x19d</size>
         <input_file_ref idref="fl-4"/>
      </object_component>
      <object_component id="oc-4ff">
         <name>.debug_info</name>
         <load_address>0x1e9c</load_address>
         <run_address>0x1e9c</run_address>
         <size>0x175</size>
         <input_file_ref idref="fl-4"/>
      </object_component>
      <object_component id="oc-751">
         <name>.debug_info</name>
         <load_address>0x2011</load_address>
         <run_address>0x2011</run_address>
         <size>0x164</size>
         <input_file_ref idref="fl-4"/>
      </object_component>
      <object_component id="oc-7ca">
         <name>.debug_info</name>
         <load_address>0x2175</load_address>
         <run_address>0x2175</run_address>
         <size>0x15f</size>
         <input_file_ref idref="fl-4"/>
      </object_component>
      <object_component id="oc-51f">
         <name>.debug_info</name>
         <load_address>0x22d4</load_address>
         <run_address>0x22d4</run_address>
         <size>0x3ee</size>
         <input_file_ref idref="fl-4"/>
      </object_component>
      <object_component id="oc-487">
         <name>.debug_info</name>
         <load_address>0x26c2</load_address>
         <run_address>0x26c2</run_address>
         <size>0x168</size>
         <input_file_ref idref="fl-4"/>
      </object_component>
      <object_component id="oc-481">
         <name>.debug_info</name>
         <load_address>0x282a</load_address>
         <run_address>0x282a</run_address>
         <size>0x16f</size>
         <input_file_ref idref="fl-4"/>
      </object_component>
      <object_component id="oc-4ad">
         <name>.debug_info</name>
         <load_address>0x2999</load_address>
         <run_address>0x2999</run_address>
         <size>0x4f</size>
         <input_file_ref idref="fl-4"/>
      </object_component>
      <object_component id="oc-4d0">
         <name>.debug_info</name>
         <load_address>0x29e8</load_address>
         <run_address>0x29e8</run_address>
         <size>0x2c</size>
         <input_file_ref idref="fl-4"/>
      </object_component>
      <object_component id="oc-3c2">
         <name>.debug_info</name>
         <load_address>0x2a14</load_address>
         <run_address>0x2a14</run_address>
         <size>0x84</size>
         <input_file_ref idref="fl-5"/>
      </object_component>
      <object_component id="oc-446">
         <name>.debug_info</name>
         <load_address>0x2a98</load_address>
         <run_address>0x2a98</run_address>
         <size>0x721</size>
         <input_file_ref idref="fl-6"/>
      </object_component>
      <object_component id="oc-615">
         <name>.debug_info</name>
         <load_address>0x31b9</load_address>
         <run_address>0x31b9</run_address>
         <size>0x127</size>
         <input_file_ref idref="fl-6"/>
      </object_component>
      <object_component id="oc-625">
         <name>.debug_info</name>
         <load_address>0x32e0</load_address>
         <run_address>0x32e0</run_address>
         <size>0x1d6</size>
         <input_file_ref idref="fl-6"/>
      </object_component>
      <object_component id="oc-3f2">
         <name>.debug_info</name>
         <load_address>0x34b6</load_address>
         <run_address>0x34b6</run_address>
         <size>0x192</size>
         <input_file_ref idref="fl-6"/>
      </object_component>
      <object_component id="oc-3da">
         <name>.debug_info</name>
         <load_address>0x3648</load_address>
         <run_address>0x3648</run_address>
         <size>0x199</size>
         <input_file_ref idref="fl-6"/>
      </object_component>
      <object_component id="oc-618">
         <name>.debug_info</name>
         <load_address>0x37e1</load_address>
         <run_address>0x37e1</run_address>
         <size>0x25f</size>
         <input_file_ref idref="fl-6"/>
      </object_component>
      <object_component id="oc-525">
         <name>.debug_info</name>
         <load_address>0x3a40</load_address>
         <run_address>0x3a40</run_address>
         <size>0x1f8</size>
         <input_file_ref idref="fl-6"/>
      </object_component>
      <object_component id="oc-67c">
         <name>.debug_info</name>
         <load_address>0x3c38</load_address>
         <run_address>0x3c38</run_address>
         <size>0x6f2</size>
         <input_file_ref idref="fl-a"/>
      </object_component>
      <object_component id="oc-591">
         <name>.debug_info</name>
         <load_address>0x432a</load_address>
         <run_address>0x432a</run_address>
         <size>0x110</size>
         <input_file_ref idref="fl-a"/>
      </object_component>
      <object_component id="oc-596">
         <name>.debug_info</name>
         <load_address>0x443a</load_address>
         <run_address>0x443a</run_address>
         <size>0x476</size>
         <input_file_ref idref="fl-a"/>
      </object_component>
      <object_component id="oc-723">
         <name>.debug_info</name>
         <load_address>0x48b0</load_address>
         <run_address>0x48b0</run_address>
         <size>0x76</size>
         <input_file_ref idref="fl-a"/>
      </object_component>
      <object_component id="oc-728">
         <name>.debug_info</name>
         <load_address>0x4926</load_address>
         <run_address>0x4926</run_address>
         <size>0x39</size>
         <input_file_ref idref="fl-a"/>
      </object_component>
      <object_component id="oc-59d">
         <name>.debug_info</name>
         <load_address>0x495f</load_address>
         <run_address>0x495f</run_address>
         <size>0x4f</size>
         <input_file_ref idref="fl-a"/>
      </object_component>
      <object_component id="oc-66e">
         <name>.debug_info</name>
         <load_address>0x49ae</load_address>
         <run_address>0x49ae</run_address>
         <size>0x2f3</size>
         <input_file_ref idref="fl-b"/>
      </object_component>
      <object_component id="oc-580">
         <name>.debug_info</name>
         <load_address>0x4ca1</load_address>
         <run_address>0x4ca1</run_address>
         <size>0x2c4</size>
         <input_file_ref idref="fl-b"/>
      </object_component>
      <object_component id="oc-811">
         <name>.debug_info</name>
         <load_address>0x4f65</load_address>
         <run_address>0x4f65</run_address>
         <size>0x2f4</size>
         <input_file_ref idref="fl-b"/>
      </object_component>
      <object_component id="oc-7b0">
         <name>.debug_info</name>
         <load_address>0x5259</load_address>
         <run_address>0x5259</run_address>
         <size>0x271</size>
         <input_file_ref idref="fl-b"/>
      </object_component>
      <object_component id="oc-807">
         <name>.debug_info</name>
         <load_address>0x54ca</load_address>
         <run_address>0x54ca</run_address>
         <size>0x269</size>
         <input_file_ref idref="fl-b"/>
      </object_component>
      <object_component id="oc-572">
         <name>.debug_info</name>
         <load_address>0x5733</load_address>
         <run_address>0x5733</run_address>
         <size>0x29c</size>
         <input_file_ref idref="fl-b"/>
      </object_component>
      <object_component id="oc-4e6">
         <name>.debug_info</name>
         <load_address>0x59cf</load_address>
         <run_address>0x59cf</run_address>
         <size>0x8de</size>
         <input_file_ref idref="fl-c"/>
      </object_component>
      <object_component id="oc-76a">
         <name>.debug_info</name>
         <load_address>0x62ad</load_address>
         <run_address>0x62ad</run_address>
         <size>0x28d</size>
         <input_file_ref idref="fl-c"/>
      </object_component>
      <object_component id="oc-77c">
         <name>.debug_info</name>
         <load_address>0x653a</load_address>
         <run_address>0x653a</run_address>
         <size>0x30a</size>
         <input_file_ref idref="fl-c"/>
      </object_component>
[...]
      </symbol>
      <symbol id="sm-463">
         <name>__TI_int39</name>
         <value>0xffde</value>
         <object_component_ref idref="oc-86"/>
      </symbol>
      <symbol id="sm-464">
         <name>__TI_int51</name>
         <value>0xfff6</value>
         <object_component_ref idref="oc-92"/>
      </symbol>
      <symbol id="sm-465">
         <name>blinky2</name>
         <value>0x11590</value>
         <object_component_ref idref="oc-524"/>
      </symbol>
      <symbol id="sm-466">
         <name>pushbutton_ISR</name>
         <value>0x7c6a</value>
         <object_component_ref idref="oc-3d9"/>
      </symbol>
      <symbol id="sm-4b4">
         <name>uxListRemove</name>
         <value>0x120b4</value>
         <object_component_ref idref="oc-571"/>
      </symbol>
      <symbol id="sm-4b5">
         <name>vListInsert</name>
         <value>0x11e30</value>
         <object_component_ref idref="oc-810"/>
      </symbol>
      <symbol id="sm-4b6">
         <name>vListInitialiseItem</name>
         <value>0x12638</value>
         <object_component_ref idref="oc-7af"/>
      </symbol>
      <symbol id="sm-4b7">
         <name>vListInsertEnd</name>
         <value>0x123dc</value>
         <object_component_ref idref="oc-57f"/>
      </symbol>
      <symbol id="sm-4b8">
         <name>vListInitialise</name>
         <value>0x12310</value>
         <object_component_ref idref="oc-806"/>
      </symbol>
      <symbol id="sm-5ce">
         <name>xQueueGenericSendFromISR</name>
         <value>0x117ae</value>
         <object_component_ref idref="oc-45f"/>
      </symbol>
      <symbol id="sm-5cf">
         <name>xQueueGenericCreate</name>
         <value>0x11dd8</value>
         <object_component_ref idref="oc-60e"/>
      </symbol>
      <symbol id="sm-5d0">
         <name>xQueueGenericSend</name>
         <value>0x101f4</value>
         <object_component_ref idref="oc-8b9"/>
      </symbol>
      <symbol id="sm-5d1">
         <name>xQueueGenericReset</name>
         <value>0x10ede</value>
         <object_component_ref idref="oc-758"/>
      </symbol>
      <symbol id="sm-5d2">
         <name>xQueueReceiveFromISR</name>
         <value>0x11be6</value>
         <object_component_ref idref="oc-465"/>
      </symbol>
      <symbol id="sm-5d3">
         <name>xQueueSemaphoreTake</name>
         <value>0x10000</value>
         <object_component_ref idref="oc-6bb"/>
      </symbol>
      <symbol id="sm-5d4">
         <name>xQueueGiveFromISR</name>
         <value>0x11830</value>
         <object_component_ref idref="oc-448"/>
      </symbol>
      <symbol id="sm-5d5">
         <name>vQueueWaitForMessageRestricted</name>
         <value>0x11ed4</value>
         <object_component_ref idref="oc-884"/>
      </symbol>
      <symbol id="sm-5d6">
         <name>xQueueReceive</name>
         <value>0x1038c</value>
         <object_component_ref idref="oc-89d"/>
      </symbol>
      <symbol id="sm-776">
         <name>vTaskDelay</name>
         <value>0x121c8</value>
         <object_component_ref idref="oc-6c7"/>
      </symbol>
      <symbol id="sm-777">
         <name>vTaskSuspendAll</name>
         <value>0x12652</value>
         <object_component_ref idref="oc-732"/>
      </symbol>
      <symbol id="sm-778">
         <name>vTaskPlaceOnEventList</name>
         <value>0x121fc</value>
         <object_component_ref idref="oc-775"/>
      </symbol>
      <symbol id="sm-779">
         <name>xTaskCheckForTimeOut</name>
         <value>0x112b4</value>
         <object_component_ref idref="oc-787"/>
      </symbol>
      <symbol id="sm-77a">
         <name>xTaskPriorityDisinherit</name>
         <value>0x11472</value>
         <object_component_ref idref="oc-5ce"/>
      </symbol>
      <symbol id="sm-77b">
         <name>vTaskStartScheduler</name>
         <value>0x11d1e</value>
         <object_component_ref idref="oc-62a"/>
      </symbol>
      <symbol id="sm-77c">
         <name>vTaskInternalSetTimeOutState</name>
         <value>0x125b8</value>
         <object_component_ref idref="oc-781"/>
      </symbol>
      <symbol id="sm-77d">
         <name>pvTaskIncrementMutexHeldCount</name>
         <value>0x124fe</value>
         <object_component_ref idref="oc-799"/>
      </symbol>
      <symbol id="sm-77e">
         <name>vTaskPriorityDisinheritAfterTimeout</name>
         <value>0x10e32</value>
         <object_component_ref idref="oc-793"/>
      </symbol>
      <symbol id="sm-77f">
         <name>xTaskCreate</name>
         <value>0x1161a</value>
         <object_component_ref idref="oc-61e"/>
      </symbol>
      <symbol id="sm-780">
         <name>vTaskMissedYield</name>
         <value>0x1264c</value>
         <object_component_ref idref="oc-817"/>
      </symbol>
      <symbol id="sm-781">
         <name>xTaskResumeAll</name>
         <value>0x10be6</value>
         <object_component_ref idref="oc-74a"/>
      </symbol>
      <symbol id="sm-782">
         <name>xTaskGetTickCount</name>
         <value>0x1238e</value>
         <object_component_ref idref="oc-8a4"/>
      </symbol>
      <symbol id="sm-783">
         <name>pxCurrentTCB</name>
         <value>0x1d00</value>
         <object_component_ref idref="oc-4ef"/>
      </symbol>
      <symbol id="sm-784">
         <name>vTaskPlaceOnEventListRestricted</name>
         <value>0x120ee</value>
         <object_component_ref idref="oc-8b0"/>
      </symbol>
      <symbol id="sm-785">
         <name>xTaskIncrementTick</name>
         <value>0x108ca</value>
         <object_component_ref idref="oc-4f2"/>
      </symbol>
      <symbol id="sm-786">
         <name>vTaskSwitchContext</name>
         <value>0x1079c</value>
         <object_component_ref idref="oc-4f8"/>
      </symbol>
      <symbol id="sm-787">
         <name>xTaskGetSchedulerState</name>
         <value>0x12532</value>
         <object_component_ref idref="oc-763"/>
      </symbol>
      <symbol id="sm-788">
         <name>xTaskRemoveFromEventList</name>
         <value>0x116a4</value>
         <object_component_ref idref="oc-4da"/>
      </symbol>
      <symbol id="sm-789">
         <name>xTaskPriorityInherit</name>
         <value>0x10d84</value>
         <object_component_ref idref="oc-76f"/>
      </symbol>
      <symbol id="sm-83f">
         <name>xTimerCreateTimerTask</name>
         <value>0x11f22</value>
         <object_component_ref idref="oc-6e9"/>
      </symbol>
      <symbol id="sm-840">
         <name>xTimerGenericCommand</name>
         <value>0x11502</value>
         <object_component_ref idref="oc-897"/>
      </symbol>
      <symbol id="sm-859">
         <name>__TI_int45</name>
         <value>0xffea</value>
         <object_component_ref idref="oc-8c"/>
      </symbol>
      <symbol id="sm-85a">
         <name>vTickISREntry</name>
         <value>0x7d24</value>
         <object_component_ref idref="oc-3e5"/>
      </symbol>
      <symbol id="sm-85b">
         <name>usCriticalNesting</name>
         <value>0x1d5e</value>
         <object_component_ref idref="oc-4ec"/>
      </symbol>
      <symbol id="sm-85c">
         <name>pxPortInitialiseStack</name>
         <value>0x12426</value>
         <object_component_ref idref="oc-7b5"/>
      </symbol>
      <symbol id="sm-864">
         <name>vPortCooperativeTickISR</name>
         <value>0x10fb8</value>
         <object_component_ref idref="oc-456"/>
      </symbol>
      <symbol id="sm-865">
         <name>vPortPreemptiveTickISR</name>
         <value>0x10f88</value>
         <object_component_ref idref="oc-456"/>
      </symbol>
      <symbol id="sm-866">
         <name>vPortYield</name>
         <value>0x10fe4</value>
         <object_component_ref idref="oc-456"/>
      </symbol>
      <symbol id="sm-867">
         <name>xPortStartScheduler</name>
         <value>0x11014</value>
         <object_component_ref idref="oc-456"/>
      </symbol>
      <symbol id="sm-8c3">
         <name>pvPortMalloc</name>
         <value>0x1050e</value>
         <object_component_ref idref="oc-694"/>
      </symbol>
      <symbol id="sm-8c4">
         <name>vPortFree</name>
         <value>0x113e2</value>
         <object_component_ref idref="oc-6ce"/>
      </symbol>
      <symbol id="sm-8f1">
         <name>v4RunTimeStatsTimerOverflow</name>
         <value>0x7d10</value>
         <object_component_ref idref="oc-3df"/>
      </symbol>
      <symbol id="sm-8f2">
         <name>__TI_int40</name>
         <value>0xffe0</value>
         <object_component_ref idref="oc-87"/>
      </symbol>
      <symbol id="sm-8f3">
         <name>usRegTest2LoopCounter</name>
         <value>0x1d3c</value>
         <object_component_ref idref="oc-44f"/>
      </symbol>
      <symbol id="sm-8f4">
         <name>usRegTest1LoopCounter</name>
         <value>0x1d3a</value>
         <object_component_ref idref="oc-44f"/>
      </symbol>
      <symbol id="sm-8f5">
         <name>vConfigureTimerForRunTimeStats</name>
         <value>0x125f0</value>
         <object_component_ref idref="oc-6ef"/>
      </symbol>
      <symbol id="sm-8f6">
         <name>ulRunTimeCounterOverflows</name>
         <value>0x1d3e</value>
         <object_component_ref idref="oc-44f"/>
      </symbol>
      <symbol id="sm-90c">
         <name>__TI_int48</name>
         <value>0xfff0</value>
         <object_component_ref idref="oc-8f"/>
      </symbol>
      <symbol id="sm-90d">
         <name>prvUSCI_A0_ISR</name>
         <value>0x7c00</value>
         <object_component_ref idref="oc-3eb"/>
      </symbol>
      <symbol id="sm-943">
         <name>CS_turnOnLFXT</name>
         <value>0x1207a</value>
         <object_component_ref idref="oc-601"/>
      </symbol>
      <symbol id="sm-944">
         <name>CS_setDCOFreq</name>
         <value>0x125cc</value>
         <object_component_ref idref="oc-5ef"/>
      </symbol>
      <symbol id="sm-945">
         <name>CS_setExternalClockSource</name>
         <value>0x125de</value>
         <object_component_ref idref="oc-5f5"/>
      </symbol>
      <symbol id="sm-946">
         <name>CS_initClockSignal</name>
         <value>0x11c56</value>
         <object_component_ref idref="oc-5fb"/>
      </symbol>
      <symbol id="sm-9a8">
         <name>GPIO_clearInterrupt</name>
         <value>0x1248a</value>
         <object_component_ref idref="oc-6af"/>
      </symbol>
      <symbol id="sm-9a9">
         <name>GPIO_selectInterruptEdge</name>
         <value>0x1222c</value>
         <object_component_ref idref="oc-6a9"/>
      </symbol>
      <symbol id="sm-9aa">
         <name>GPIO_setAsInputPinWithPullUpResistor</name>
         <value>0x11f6e</value>
         <object_component_ref idref="oc-6a3"/>
      </symbol>
      <symbol id="sm-9ab">
         <name>GPIO_enableInterrupt</name>
         <value>0x124a8</value>
         <object_component_ref idref="oc-6b5"/>
      </symbol>
      <symbol id="sm-9ac">
         <name>GPIO_setAsOutputPin</name>
         <value>0x12160</value>
         <object_component_ref idref="oc-5dd"/>
      </symbol>
      <symbol id="sm-9ad">
         <name>GPIO_setOutputLowOnPin</name>
         <value>0x124c6</value>
         <object_component_ref idref="oc-5d7"/>
      </symbol>
      <symbol id="sm-9ae">
         <name>GPIO_toggleOutputOnPin</name>
         <value>0x124e2</value>
         <object_component_ref idref="oc-6c1"/>
      </symbol>
      <symbol id="sm-9af">
         <name>GPIO_setAsPeripheralModuleFunctionOutputPin</name>
         <value>0x11b02</value>
         <object_component_ref idref="oc-5e9"/>
      </symbol>
      <symbol id="sm-9b0">
         <name>GPIO_setAsPeripheralModuleFunctionInputPin</name>
         <value>0x11a90</value>
         <object_component_ref idref="oc-5e3"/>
      </symbol>
      <symbol id="sm-9bc">
         <name>PMM_unlockLPM5</name>
         <value>0x12640</value>
         <object_component_ref idref="oc-607"/>
      </symbol>
      <symbol id="sm-9ce">
         <name>WDT_A_hold</name>
         <value>0x1244a</value>
         <object_component_ref idref="oc-517"/>
      </symbol>
      <symbol id="sm-9f1">
         <name>__TI_decompress_lzss</name>
         <value>0x11a1a</value>
         <object_component_ref idref="oc-71"/>
      </symbol>
      <symbol id="sm-a02">
         <name>__TI_decompress_none</name>
         <value>0x1254a</value>
         <object_component_ref idref="oc-77"/>
      </symbol>
      <symbol id="sm-a05">
         <name>__TI_int30</name>
         <value>0xffcc</value>
         <object_component_ref idref="oc-7d"/>
      </symbol>
      <symbol id="sm-a0d">
         <name>__TI_ISR_TRAP</name>
         <value>0x7d34</value>
         <object_component_ref idref="oc-3d4"/>
      </symbol>
      <symbol id="sm-a10">
         <name>__TI_int31</name>
         <value>0xffce</value>
         <object_component_ref idref="oc-7e"/>
      </symbol>
      <symbol id="sm-a13">
         <name>__TI_int32</name>
         <value>0xffd0</value>
         <object_component_ref idref="oc-7f"/>
      </symbol>
      <symbol id="sm-a16">
         <name>__TI_int33</name>
         <value>0xffd2</value>
         <object_component_ref idref="oc-80"/>
      </symbol>
      <symbol id="sm-a19">
         <name>__TI_int34</name>
         <value>0xffd4</value>
         <object_component_ref idref="oc-81"/>
      </symbol>
      <symbol id="sm-a1c">
         <name>__TI_int35</name>
         <value>0xffd6</value>
         <object_component_ref idref="oc-82"/>
      </symbol>
      <symbol id="sm-a1f">
         <name>__TI_int36</name>
         <value>0xffd8</value>
         <object_component_ref idref="oc-83"/>
      </symbol>
      <symbol id="sm-a22">
         <name>__TI_int37</name>
         <value>0xffda</value>
         <object_component_ref idref="oc-84"/>
      </symbol>
      <symbol id="sm-a25">
         <name>__TI_int38</name>
         <value>0xffdc</value>
         <object_component_ref idref="oc-85"/>
      </symbol>
      <symbol id="sm-a28">
         <name>__TI_int41</name>
         <value>0xffe2</value>
         <object_component_ref idref="oc-88"/>
      </symbol>
      <symbol id="sm-a2b">
         <name>__TI_int42</name>
         <value>0xffe4</value>
         <object_component_ref idref="oc-89"/>
      </symbol>
      <symbol id="sm-a2e">
         <name>__TI_int43</name>
         <value>0xffe6</value>
         <object_component_ref idref="oc-8a"/>
      </symbol>
      <symbol id="sm-a31">
         <name>__TI_int44</name>
         <value>0xffe8</value>
         <object_component_ref idref="oc-8b"/>
      </symbol>
      <symbol id="sm-a34">
         <name>__TI_int46</name>
         <value>0xffec</value>
         <object_component_ref idref="oc-8d"/>
      </symbol>
      <symbol id="sm-a37">
         <name>__TI_int47</name>
         <value>0xffee</value>
         <object_component_ref idref="oc-8e"/>
      </symbol>
      <symbol id="sm-a3a">
         <name>__TI_int49</name>
         <value>0xfff2</value>
         <object_component_ref idref="oc-90"/>
      </symbol>
      <symbol id="sm-a3d">
         <name>__TI_int50</name>
         <value>0xfff4</value>
         <object_component_ref idref="oc-91"/>
      </symbol>
      <symbol id="sm-a40">
         <name>__TI_int52</name>
         <value>0xfff8</value>
         <object_component_ref idref="oc-93"/>
      </symbol>
      <symbol id="sm-a43">
         <name>__TI_int53</name>
         <value>0xfffa</value>
         <object_component_ref idref="oc-94"/>
      </symbol>
      <symbol id="sm-a46">
         <name>__TI_int54</name>
         <value>0xfffc</value>
         <object_component_ref idref="oc-95"/>
      </symbol>
      <symbol id="sm-a59">
         <name>__TI_zero_init_nomemset</name>
         <value>0x12402</value>
         <object_component_ref idref="oc-3f7"/>
      </symbol>
      <symbol id="sm-a66">
         <name>__mspabi_mpyi_f5hw</name>
         <value>0x1251a</value>
         <object_component_ref idref="oc-577"/>
      </symbol>
      <symbol id="sm-a7d">
         <name>_stack</name>
         <value>0x2360</value>
         <object_component_ref idref="oc-3b8"/>
      </symbol>
      <symbol id="sm-a7e">
         <name>_c_int00_noargs</name>
         <value>0x7cf4</value>
         <object_component_ref idref="oc-409"/>
      </symbol>
      <symbol id="sm-a7f">
         <name>_reset_vector</name>
         <value>0xfffe</value>
         <object_component_ref idref="oc-3bb"/>
      </symbol>
      <symbol id="sm-aa3">
         <name>__TI_auto_init_nobinit_nopinit_hold_wdt</name>
         <value>0x119a2</value>
         <object_component_ref idref="oc-54f"/>
      </symbol>
      <symbol id="sm-aab">
         <name>__mspabi_sral_15</name>
         <value>0x12000</value>
         <object_component_ref idref="oc-643"/>
      </symbol>
      <symbol id="sm-aac">
         <name>__mspabi_sral_14</name>
         <value>0x12004</value>
         <object_component_ref idref="oc-643"/>
      </symbol>
      <symbol id="sm-aad">
         <name>__mspabi_sral_13</name>
         <value>0x12008</value>
         <object_component_ref idref="oc-643"/>
      </symbol>
      <symbol id="sm-aae">
         <name>__mspabi_sral_12</name>
         <value>0x1200c</value>
         <object_component_ref idref="oc-643"/>
      </symbol>
      <symbol id="sm-aaf">
         <name>__mspabi_sral_11</name>
         <value>0x12010</value>
         <object_component_ref idref="oc-643"/>
      </symbol>
      <symbol id="sm-ab0">
         <name>__mspabi_sral_10</name>
         <value>0x12014</value>
         <object_component_ref idref="oc-643"/>
      </symbol>
      <symbol id="sm-ab1">
         <name>__mspabi_sral_8</name>
         <value>0x1201c</value>
         <object_component_ref idref="oc-643"/>
      </symbol>
      <symbol id="sm-ab2">
         <name>__mspabi_sral_9</name>
         <value>0x12018</value>
         <object_component_ref idref="oc-643"/>
      </symbol>
      <symbol id="sm-ab3">
         <name>__mspabi_sral_6</name>
         <value>0x12024</value>
         <object_component_ref idref="oc-643"/>
      </symbol>
      <symbol id="sm-ab4">
         <name>__mspabi_sral_7</name>
         <value>0x12020</value>
         <object_component_ref idref="oc-643"/>
      </symbol>
      <symbol id="sm-ab5">
         <name>__mspabi_sral_4</name>
         <value>0x1202c</value>
         <object_component_ref idref="oc-643"/>
      </symbol>
      <symbol id="sm-ab6">
         <name>__mspabi_sral_5</name>
         <value>0x12028</value>
         <object_component_ref idref="oc-643"/>
      </symbol>
      <symbol id="sm-ab7">
         <name>__mspabi_sral_2</name>
         <value>0x12034</value>
         <object_component_ref idref="oc-643"/>
      </symbol>
      <symbol id="sm-ab8">
         <name>__mspabi_sral_3</name>
         <value>0x12030</value>
         <object_component_ref idref="oc-643"/>
      </symbol>
      <symbol id="sm-ab9">
         <name>__mspabi_sral_1</name>
         <value>0x12038</value>
         <object_component_ref idref="oc-643"/>
      </symbol>
      <symbol id="sm-ac2">
         <name>_system_post_cinit</name>
         <value>0x12658</value>
         <object_component_ref idref="oc-648"/>
      </symbol>
      <symbol id="sm-acd">
         <name>C$$EXIT</name>
         <value>0x12646</value>
         <object_component_ref idref="oc-52b"/>
      </symbol>
      <symbol id="sm-ace">
         <name>abort</name>
         <value>0x12646</value>
         <object_component_ref idref="oc-52b"/>
      </symbol>
      <symbol id="sm-adf">
         <name>memcpy</name>
         <value>0x1203e</value>
         <object_component_ref idref="oc-3c7"/>
      </symbol>
      <symbol id="sm-aee">
         <name>memset</name>
         <value>0x1246a</value>
         <object_component_ref idref="oc-7a9"/>
      </symbol>
      <symbol id="sm-af8">
         <name>vPortSetupTimerInterrupt</name>
         <value>0x123b6</value>
      </symbol>
   </symbol_table>
   <title>Link successful</title>
</link_info>
