******************************************************************************
                  MSP430 Linker PC v18.1.2                     
******************************************************************************
>> Linked Mon Dec 17 12:10:54 2018

OUTPUT FILE NAME:   <RTOSDemo.out>
ENTRY POINT SYMBOL: "_c_int00_noargs"  address: 000080c2


MEMORY CONFIGURATION

         name            origin    length      used     unused   attr    fill
----------------------  --------  ---------  --------  --------  ----  --------
  SFR                   00000000   00000010  00000000  00000010  RWIX
  PERIPHERALS_8BIT      00000010   000000f0  00000000  000000f0  RWIX
  PERIPHERALS_16BIT     00000100   00000100  00000000  00000100  RWIX
  INFOD                 00001800   00000080  00000000  00000080  RWIX
  INFOC                 00001880   00000080  00000000  00000080  RWIX
  INFOB                 00001900   00000080  00000000  00000080  RWIX
  INFOA                 00001980   00000080  00000000  00000080  RWIX
  RAM                   00001c00   00000800  000004ee  00000312  RWIX
  FRAM                  00004400   0000bb80  00006b74  0000500c  RWIX
  JTAGSIGNATURE         0000ff80   00000004  00000004  00000000  RWIX  ffff 
  BSLSIGNATURE          0000ff84   00000004  00000004  00000000  RWIX  ffff 
  IPESIGNATURE          0000ff88   00000008  00000008  00000000  RWIX  ffff 
  INT00                 0000ff90   00000002  00000000  00000002  RWIX
  INT01                 0000ff92   00000002  00000000  00000002  RWIX
  INT02                 0000ff94   00000002  00000000  00000002  RWIX
  INT03                 0000ff96   00000002  00000000  00000002  RWIX
  INT04                 0000ff98   00000002  00000000  00000002  RWIX
  INT05                 0000ff9a   00000002  00000000  00000002  RWIX
  INT06                 0000ff9c   00000002  00000000  00000002  RWIX
  INT07                 0000ff9e   00000002  00000000  00000002  RWIX
  INT08                 0000ffa0   00000002  00000000  00000002  RWIX
  INT09                 0000ffa2   00000002  00000000  00000002  RWIX
  INT10                 0000ffa4   00000002  00000000  00000002  RWIX
  INT11                 0000ffa6   00000002  00000000  00000002  RWIX
  INT12                 0000ffa8   00000002  00000000  00000002  RWIX
  INT13                 0000ffaa   00000002  00000000  00000002  RWIX
  INT14                 0000ffac   00000002  00000000  00000002  RWIX
  INT15                 0000ffae   00000002  00000000  00000002  RWIX
  INT16                 0000ffb0   00000002  00000000  00000002  RWIX
  INT17                 0000ffb2   00000002  00000000  00000002  RWIX
  INT18                 0000ffb4   00000002  00000000  00000002  RWIX
  INT19                 0000ffb6   00000002  00000000  00000002  RWIX
  INT20                 0000ffb8   00000002  00000000  00000002  RWIX
  INT21                 0000ffba   00000002  00000000  00000002  RWIX
  INT22                 0000ffbc   00000002  00000000  00000002  RWIX
  INT23                 0000ffbe   00000002  00000000  00000002  RWIX
  INT24                 0000ffc0   00000002  00000000  00000002  RWIX
  INT25                 0000ffc2   00000002  00000000  00000002  RWIX
  INT26                 0000ffc4   00000002  00000000  00000002  RWIX
  INT27                 0000ffc6   00000002  00000000  00000002  RWIX
  INT28                 0000ffc8   00000002  00000000  00000002  RWIX
  INT29                 0000ffca   00000002  00000000  00000002  RWIX
  INT30                 0000ffcc   00000002  00000002  00000000  RWIX
  INT31                 0000ffce   00000002  00000002  00000000  RWIX
  INT32                 0000ffd0   00000002  00000002  00000000  RWIX
  INT33                 0000ffd2   00000002  00000002  00000000  RWIX
  INT34                 0000ffd4   00000002  00000002  00000000  RWIX
  INT35                 0000ffd6   00000002  00000002  00000000  RWIX
  INT36                 0000ffd8   00000002  00000002  00000000  RWIX
  INT37                 0000ffda   00000002  00000002  00000000  RWIX
  INT38                 0000ffdc   00000002  00000002  00000000  RWIX
  INT39                 0000ffde   00000002  00000002  00000000  RWIX
  INT40                 0000ffe0   00000002  00000002  00000000  RWIX
  INT41                 0000ffe2   00000002  00000002  00000000  RWIX
  INT42                 0000ffe4   00000002  00000002  00000000  RWIX
  INT43                 0000ffe6   00000002  00000002  00000000  RWIX
  INT44                 0000ffe8   00000002  00000002  00000000  RWIX
  INT45                 0000ffea   00000002  00000002  00000000  RWIX
  INT46                 0000ffec   00000002  00000002  00000000  RWIX
  INT47                 0000ffee   00000002  00000002  00000000  RWIX
  INT48                 0000fff0   00000002  00000002  00000000  RWIX
  INT49                 0000fff2   00000002  00000002  00000000  RWIX
  INT50                 0000fff4   00000002  00000002  00000000  RWIX
  INT51                 0000fff6   00000002  00000002  00000000  RWIX
  INT52                 0000fff8   00000002  00000002  00000000  RWIX
  INT53                 0000fffa   00000002  00000002  00000000  RWIX
  INT54                 0000fffc   00000002  00000002  00000000  RWIX
  RESET                 0000fffe   00000002  00000002  00000000  RWIX
  FRAM2                 00010000   00004000  00004000  00000000  RWIX


SECTION ALLOCATION MAP

 output                                  attributes/
section   page    origin      length       input sections
--------  ----  ----------  ----------   ----------------
.data      0    00001c00    000001f6     UNINITIALIZED
                  00001c00    000000c8     rts430x_lc_ld_eabi.lib : defs.c.obj (.data:_ftable)
                  00001cc8    00000078                            : write.c.obj (.data:_device)
                  00001d40    0000003c                            : write.c.obj (.data:_stream)
                  00001d7c    0000002a     tasks.obj (.data)
                  00001da6    00000010     heap_4.obj (.data)
                  00001db6    0000000c     main_full.obj (.data)
                  00001dc2    0000000c     timers.obj (.data)
                  00001dce    00000008     cs.obj (.data)
                  00001dd6    00000005     blinky2.obj (.data)
                  00001ddb    00000001     --HOLE--
                  00001ddc    00000004     rts430x_lc_ld_eabi.lib : exit_gvars.c.obj (.data:__TI_cleanup_ptr)
                  00001de0    00000004                            : exit_gvars.c.obj (.data:__TI_dtors_ptr)
                  00001de4    00000004                            : _lock.c.obj (.data:_lock)
                  00001de8    00000004                            : _lock.c.obj (.data:_unlock)
                  00001dec    00000002     port.obj (.data)
                  00001dee    00000002     rts430x_lc_ld_eabi.lib : defs.c.obj (.data)
                  00001df0    00000002                            : errno.c.obj (.data)
                  00001df2    00000002                            : exit.c.obj (.data)
                  00001df4    00000002                            : memory.c.obj (.data)

.TI.persistent 
*          0    00004400    00003800     
                  00004400    00003800     main.obj (.TI.persistent:ucHeap)

.ipestruct 
*          0    00004400    00000000     UNINITIALIZED

.ipe       0    00004400    00000000     UNINITIALIZED

.ipe:_isr 
*          0    00004400    00000000     UNINITIALIZED

.cio       0    00007c00    00000120     UNINITIALIZED
                  00007c00    00000120     rts430x_lc_ld_eabi.lib : trgmsg.c.obj (.cio)

.sysmem    0    00007d20    00000280     
                  00007d20    00000008     rts430x_lc_ld_eabi.lib : memory.c.obj (.sysmem) [fill = 0]
                  00007d28    00000278     --HOLE-- [fill = 0]

.cinit     0    0000aefc    00000078     
                  0000aefc    00000056     (.cinit..data.load) [load image, compression = lzss]
                  0000af52    0000000c     (__TI_handler_table)
                  0000af5e    00000006     (.cinit..bss.load) [load image, compression = zero_init]
                  0000af64    00000010     (__TI_cinit_table)

.init_array 
*          0    00004400    00000000     UNINITIALIZED

.text:_isr 
*          0    00008000    0000010a     
                  00008000    0000006a     serial.obj (.text:_isr:prvUSCI_A0_ISR)
                  0000806a    00000058     blinky2.obj (.text:_isr:pushbutton_ISR)
                  000080c2    0000001c     rts430x_lc_ld_eabi.lib : boot.c.obj (.text:_isr:_c_int00_noargs)
                  000080de    00000014     main_full.obj (.text:_isr:v4RunTimeStatsTimerOverflow)
                  000080f2    00000010     port.obj (.text:_isr:vTickISREntry)
                  00008102    00000008     rts430x_lc_ld_eabi.lib : isr_trap.asm.obj (.text:_isr:__TI_ISR_TRAP)

.bss       0    00001df6    000001b8     UNINITIALIZED
                  00001df6    000000a0     (.common:__TI_tmpnams)
                  00001e96    0000005a     tasks.obj (.bss:pxReadyTasksLists)
                  00001ef0    00000012     timers.obj (.bss:xActiveTimerList1)
                  00001f02    00000012     timers.obj (.bss:xActiveTimerList2)
                  00001f14    00000012     tasks.obj (.bss:xDelayedTaskList1)
                  00001f26    00000012     tasks.obj (.bss:xDelayedTaskList2)
                  00001f38    00000012     tasks.obj (.bss:xPendingReadyList)
                  00001f4a    00000012     tasks.obj (.bss:xSuspendedTaskList)
                  00001f5c    00000012     tasks.obj (.bss:xTasksWaitingTermination)
                  00001f6e    0000000c     rts430x_lc_ld_eabi.lib : memory.c.obj (.bss)
                  00001f7a    00000008     serial.obj (.bss)
                  00001f82    00000008     tasks.obj (.bss)
                  00001f8a    00000008     timers.obj (.bss)
                  00001f92    00000008     heap_4.obj (.bss:xStart)
                  00001f9a    00000008     (.common:parmbuf)
                  00001fa2    00000004     (.common:semaKnop)
                  00001fa6    00000004     (.common:semaTimer)
                  00001faa    00000004     (.common:xTimer)

.stack     0    000022c0    00000140     UNINITIALIZED
                  000022c0    00000004     rts430x_lc_ld_eabi.lib : boot.c.obj (.stack)
                  000022c4    0000013c     --HOLE--

.text.1    0    0000810a    00002c3e     
                  0000810a    000000b4     rts430x_lc_ld_eabi.lib : _printfi.c.obj (.text:_mcpy)
                  000081be    000000b4                            : _printfi.c.obj (.text:_pproc_str)
                  00008272    000000b2                            : renormd.c.obj (.text:__TI_renormd)
                  00008324    000000ae     tasks.obj (.text:xTaskPriorityInherit)
                  000083d2    000000ac     tasks.obj (.text:vTaskPriorityDisinheritAfterTimeout)
                  0000847e    000000aa     queue.obj (.text:xQueueGenericReset)
                  00008528    000000a6     rts430x_lc_ld_eabi.lib : s_frexp.c.obj (.text:frexp)
                  000085ce    000000a6     portext.obj (.text)
                  00008674    000000a6     timers.obj (.text:prvSwitchTimerLists)
                  0000871a    000000a2     tasks.obj (.text:prvAddNewTaskToReadyList)
                  000087bc    000000a0     queue.obj (.text:prvUnlockQueue)
                  0000885c    0000009e     rts430x_lc_ld_eabi.lib : fltlid.c.obj (.text:__mspabi_fltlid)
                  000088fa    0000009e     queue.obj (.text:prvCopyDataToQueue)
                  00008998    0000009e     tasks.obj (.text:xTaskCheckForTimeOut)
                  00008a36    0000009a     rts430x_lc_ld_eabi.lib : hostlseek.c.obj (.text:HOSTlseek)
                  00008ad0    00000096                            : ltoa.c.obj (.text:ltoa)
                  00008b66    00000090                            : _printfi.c.obj (.text:_ecpy)
                  00008bf6    00000090                            : fputc.c.obj (.text:fputc)
                  00008c86    00000090     tasks.obj (.text:prvAddCurrentTaskToDelayedList)
                  00008d16    00000090     heap_4.obj (.text:vPortFree)
                  00008da6    00000090     tasks.obj (.text:xTaskPriorityDisinherit)
                  00008e36    0000008e     timers.obj (.text:xTimerGenericCommand)
                  00008ec4    0000008a     tasks.obj (.text:xTaskCreate)
                  00008f4e    00000086     rts430x_lc_ld_eabi.lib : _io_perm.c.obj (.text:__TI_wrt_ok)
                  00008fd4    00000086     tasks.obj (.text:xTaskRemoveFromEventList)
                  0000905a    00000084     timers.obj (.text:prvProcessExpiredTimer)
                  000090de    00000082     queue.obj (.text:xQueueGenericSendFromISR)
                  00009160    0000007e     queue.obj (.text:xQueueGiveFromISR)
                  000091de    0000007a     blinky2.obj (.text:blinky2)
                  00009258    0000007a     timers.obj (.text:prvInsertTimerInActiveList)
                  000092d2    0000007a     timers.obj (.text:prvProcessTimerOrBlockTask)
                  0000934c    00000078     rts430x_lc_ld_eabi.lib : autoinit.c.obj (.text:__TI_auto_init_nobinit_nopinit_hold_wdt:__TI_auto_init_nobinit_nopinit_hold_wdt)
                  000093c4    00000078                            : _printfi.c.obj (.text:_pconv_f)
                  0000943c    00000078     blinky2.obj (.text:timerTask)
                  000094b4    00000076     rts430x_lc_ld_eabi.lib : copy_decompress_lzss.c.obj (.text:decompress:lzss:__TI_decompress_lzss)
                  0000952a    00000074                            : hostrename.c.obj (.text:HOSTrename)
                  0000959e    00000074                            : fclose.c.obj (.text:__TI_closefile)
                  00009612    00000074                            : fseek.c.obj (.text:fseek)
                  00009686    00000072     gpio.obj (.text:GPIO_setAsPeripheralModuleFunctionInputPin)
                  000096f8    00000072     gpio.obj (.text:GPIO_setAsPeripheralModuleFunctionOutputPin)
                  0000976a    00000072     heap_4.obj (.text:prvInsertBlockIntoFreeList)
                  000097dc    00000070     rts430x_lc_ld_eabi.lib : hostopen.c.obj (.text:HOSTopen)
                  0000984c    00000070     queue.obj (.text:xQueueReceiveFromISR)
                  000098bc    0000006c     rts430x_lc_ld_eabi.lib : hostwrite.c.obj (.text:HOSTwrite)
                  00009928    0000006a                            : hostread.c.obj (.text:HOSTread)
                  00009992    00000066     cs.obj (.text:CS_initClockSignal)
                  000099f8    00000066     rts430x_lc_ld_eabi.lib : fixdli.c.obj (.text:__mspabi_fixdli)
                  00009a5e    00000062                            : atoi.c.obj (.text:atoi)
                  00009ac0    00000062                            : getdevice.c.obj (.text:getdevice)
                  00009b22    00000062     tasks.obj (.text:prvInitialiseTaskLists)
                  00009b84    00000060     rts430x_lc_ld_eabi.lib : fflush.c.obj (.text:__TI_doflush)
                  00009be4    00000060                            : memory.c.obj (.text:minit)
                  00009c44    00000060     tasks.obj (.text:vTaskStartScheduler)
                  00009ca4    0000005a     rts430x_lc_ld_eabi.lib : close.c.obj (.text:close)
                  00009cfe    0000005a     timers.obj (.text:prvCheckForValidListAndQueue)
                  00009d58    00000058     rts430x_lc_ld_eabi.lib : div32u.asm.obj (.text)
                  00009db0    00000058     queue.obj (.text:xQueueGenericCreate)
                  00009e08    00000056     timers.obj (.text:prvInitialiseNewTimer)
                  00009e5e    00000054     list.obj (.text:vListInsert)
                  00009eb2    00000050     tasks.obj (.text:prvCheckTasksWaitingTermination)
                  00009f02    0000004e     rts430x_lc_ld_eabi.lib : hostclose.c.obj (.text:HOSTclose)
                  00009f50    0000004e                            : _printfi.c.obj (.text:_fcpy)
                  00009f9e    0000004e                            : strncpy.c.obj (.text:strncpy)
                  00009fec    0000004e     queue.obj (.text:vQueueWaitForMessageRestricted)
                  0000a03a    0000004c     timers.obj (.text:xTimerCreateTimerTask)
                  0000a086    0000004a     gpio.obj (.text:GPIO_setAsInputPinWithPullUpResistor)
                  0000a0d0    0000004a     rts430x_lc_ld_eabi.lib : exit.c.obj (.text:exit)
                  0000a11a    0000004a                            : printf.c.obj (.text:printf)
                  0000a164    00000048     blinky2.obj (.text:ledToggleTask)
                  0000a1ac    00000048     timers.obj (.text:xTimerCreate)
                  0000a1f4    00000046     rts430x_lc_ld_eabi.lib : hostunlink.c.obj (.text:HOSTunlink)
                  0000a23a    00000040                            : div32s.asm.obj (.text)
                  0000a27a    0000003e                            : asr32.asm.obj (.text:l_asr_const)
                  0000a2b8    0000003e                            : lsl32.asm.obj (.text:l_lsl_const)
                  0000a2f6    0000003e                            : lsr32.asm.obj (.text:l_lsr_const)
                  0000a334    0000003e                            : lseek.c.obj (.text:lseek)
                  0000a372    0000003c                            : memcpy.c.obj (.text:memcpy)
                  0000a3ae    0000003c                            : write.c.obj (.text:write)
                  0000a3ea    0000003a     cs.obj (.text:CS_turnOnLFXT)
                  0000a424    0000003a     rts430x_lc_ld_eabi.lib : lsl64.c.obj (.text:__mspabi_sllll)
                  0000a45e    0000003a                            : lsr64.c.obj (.text:__mspabi_srlll)
                  0000a498    0000003a     list.obj (.text:uxListRemove)
                  0000a4d2    0000003a     tasks.obj (.text:vTaskPlaceOnEventListRestricted)
                  0000a50c    00000038     timers.obj (.text:prvSampleTimeNow)
                  0000a544    00000036     rts430x_lc_ld_eabi.lib : fopen.c.obj (.text:__TI_cleanup)
                  0000a57a    00000036                            : trgmsg.c.obj (.text:__TI_writemsg)
                  0000a5b0    00000036                            : getdevice.c.obj (.text:finddevice)
                  0000a5e6    00000034     gpio.obj (.text:GPIO_setAsOutputPin)
                  0000a61a    00000034     queue.obj (.text:prvCopyDataFromQueue)
                  0000a64e    00000034     tasks.obj (.text:vTaskDelay)
                  0000a682    00000032     rts430x_lc_ld_eabi.lib : subd.c.obj (.text:__mspabi_subd)
                  0000a6b4    00000030                            : unlink.c.obj (.text:unlink)
                  0000a6e4    00000030     tasks.obj (.text:vTaskPlaceOnEventList)
                  0000a714    0000002e     gpio.obj (.text:GPIO_selectInterruptEdge)
                  0000a742    0000002e     rts430x_lc_ld_eabi.lib : negd.c.obj (.text:__mspabi_negd)
                  0000a770    0000002e                            : s_copysign.c.obj (.text:copysign)
                  0000a79e    0000002e     timers.obj (.text:prvGetNextExpireTime)
                  0000a7cc    0000002e     queue.obj (.text:prvIsQueueFull)
                  0000a7fa    0000002e     tasks.obj (.text:prvResetNextTaskUnblockTime)
                  0000a828    0000002c     queue.obj (.text:prvIsQueueEmpty)
                  0000a854    0000002c     list.obj (.text:vListInitialise)
                  0000a880    0000002c     blinky2.obj (.text:vTimerCallback)
                  0000a8ac    0000002a     queue.obj (.text:prvInitialiseNewQueue)
                  0000a8d6    00000028     rts430x_lc_ld_eabi.lib : fixdi.c.obj (.text:__mspabi_fixdi)
                  0000a8fe    00000028                            : wcslen.c.obj (.text:wcslen)
                  0000a926    00000028     tasks.obj (.text:xTaskGetTickCount)
                  0000a94e    00000026     main.obj (.text:vApplicationSetupTimerInterrupt)
                  0000a974    00000026     list.obj (.text:vListInsertEnd)
                  0000a99a    00000024     rts430x_lc_ld_eabi.lib : copy_zero_init.c.obj (.text:decompress:ZI:__TI_zero_init_nomemset:__TI_zero_init_nomemset)
                  0000a9be    00000024     port.obj (.text:pxPortInitialiseStack)
                  0000a9e2    00000024     rts430x_lc_ld_eabi.lib : mult32_f5hw.asm.obj (.text)
                  0000aa06    00000020     wdt_a.obj (.text:WDT_A_hold)
                  0000aa26    00000020     rts430x_lc_ld_eabi.lib : memchr.c.obj (.text:memchr)
                  0000aa46    00000020                            : memset.c.obj (.text:memset)
                  0000aa66    0000001e     gpio.obj (.text:GPIO_clearInterrupt)
                  0000aa84    0000001e     gpio.obj (.text:GPIO_enableInterrupt)
                  0000aaa2    0000001e     rts430x_lc_ld_eabi.lib : memccpy.c.obj (.text:memccpy)
                  0000aac0    0000001c     gpio.obj (.text:GPIO_setOutputHighOnPin)
                  0000aadc    0000001c     gpio.obj (.text:GPIO_setOutputLowOnPin)
                  0000aaf8    0000001c     gpio.obj (.text:GPIO_toggleOutputOnPin)
                  0000ab14    0000001c     tasks.obj (.text:pvTaskIncrementMutexHeldCount)
                  0000ab30    0000001c     rts430x_lc_ld_eabi.lib : strchr.c.obj (.text:strchr)
                  0000ab4c    0000001c                            : strcmp.c.obj (.text:strcmp)
                  0000ab68    00000018                            : mult16_f5hw.asm.obj (.text)
                  0000ab80    00000018     tasks.obj (.text:xTaskGetSchedulerState)
                  0000ab98    00000016     rts430x_lc_ld_eabi.lib : copy_decompress_none.c.obj (.text:decompress:none:__TI_decompress_none)
                  0000abae    00000016     tasks.obj (.text:prvDeleteTCB)
                  0000abc4    00000016     queue.obj (.text:prvGetDisinheritPriorityAfterTimeout)
                  0000abda    00000016     tasks.obj (.text:prvIdleTask)
                  0000abf0    00000016     timers.obj (.text:prvTimerTask)
                  0000ac06    00000016     rts430x_lc_ld_eabi.lib : div16u.asm.obj (.text)
                  0000ac1c    00000014     tasks.obj (.text:vTaskInternalSetTimeOutState)
                  0000ac30    00000012     cs.obj (.text:CS_setDCOFreq)
                  0000ac42    00000012     cs.obj (.text:CS_setExternalClockSource)
                  0000ac54    00000012     rts430x_lc_ld_eabi.lib : strcpy.c.obj (.text:strcpy)
                  0000ac66    00000012                            : strlen.c.obj (.text:strlen)
                  0000ac78    00000012                            : toupper.c.obj (.text:toupper)
                  0000ac8a    00000010                            : asr32.asm.obj (.text:l_asr)
                  0000ac9a    00000010                            : lsl32.asm.obj (.text:l_lsl)
                  0000acaa    00000010                            : lsr32.asm.obj (.text:l_lsr)
                  0000acba    00000010     main_full.obj (.text:vConfigureTimerForRunTimeStats)
                  0000acca    0000000c     rts430x_lc_ld_eabi.lib : fltid.c.obj (.text:__mspabi_fltid)
                  0000acd6    0000000c     main.obj (.text:_system_pre_init)
                  0000ace2    0000000c     main.obj (.text:main)
                  0000acee    0000000c     main.obj (.text:vApplicationIdleHook)
                  0000acfa    0000000a     rts430x_lc_ld_eabi.lib : abs.c.obj (.text:abs)
                  0000ad04    0000000a     main.obj (.text:vApplicationMallocFailedHook)
                  0000ad0e    0000000a     main.obj (.text:vApplicationStackOverflowHook)
                  0000ad18    00000008     list.obj (.text:vListInitialiseItem)
                  0000ad20    00000006     pmm.obj (.text:PMM_unlockLPM5)
                  0000ad26    00000006     rts430x_lc_ld_eabi.lib : printf.c.obj (.text:_outc)
                  0000ad2c    00000006                            : exit.c.obj (.text:abort)
                  0000ad32    00000006     tasks.obj (.text:vTaskMissedYield)
                  0000ad38    00000006     tasks.obj (.text:vTaskSuspendAll)
                  0000ad3e    00000004     rts430x_lc_ld_eabi.lib : printf.c.obj (.text:_outs)
                  0000ad42    00000002                            : _lock.c.obj (.text:_nop)
                  0000ad44    00000002                            : startup.c.obj (.text:_system_post_cinit)
                  0000ad46    00000002     main.obj (.text:vApplicationTickHook)

$fill000   0    0000ff80    00000004     
                  0000ff80    00000004     --HOLE-- [fill = ffff]

$fill001   0    0000ff84    00000004     
                  0000ff84    00000004     --HOLE-- [fill = ffff]

$fill002   0    0000ff88    00000008     
                  0000ff88    00000008     --HOLE-- [fill = ffff]

AES256     0    0000ffcc    00000002     
                  0000ffcc    00000002     rts430x_lc_ld_eabi.lib : int30.asm.obj (.int30)

RTC        0    0000ffce    00000002     
                  0000ffce    00000002     rts430x_lc_ld_eabi.lib : int31.asm.obj (.int31)

PORT4      0    0000ffd0    00000002     
                  0000ffd0    00000002     rts430x_lc_ld_eabi.lib : int32.asm.obj (.int32)

PORT3      0    0000ffd2    00000002     
                  0000ffd2    00000002     rts430x_lc_ld_eabi.lib : int33.asm.obj (.int33)

TIMER3_A1 
*          0    0000ffd4    00000002     
                  0000ffd4    00000002     rts430x_lc_ld_eabi.lib : int34.asm.obj (.int34)

TIMER3_A0 
*          0    0000ffd6    00000002     
                  0000ffd6    00000002     rts430x_lc_ld_eabi.lib : int35.asm.obj (.int35)

PORT2      0    0000ffd8    00000002     
                  0000ffd8    00000002     rts430x_lc_ld_eabi.lib : int36.asm.obj (.int36)

TIMER2_A1 
*          0    0000ffda    00000002     
                  0000ffda    00000002     rts430x_lc_ld_eabi.lib : int37.asm.obj (.int37)

TIMER2_A0 
*          0    0000ffdc    00000002     
                  0000ffdc    00000002     rts430x_lc_ld_eabi.lib : int38.asm.obj (.int38)

PORT1      0    0000ffde    00000002     
                  0000ffde    00000002     blinky2.obj (.int39)

TIMER1_A1 
*          0    0000ffe0    00000002     
                  0000ffe0    00000002     main_full.obj (.int40)

TIMER1_A0 
*          0    0000ffe2    00000002     
                  0000ffe2    00000002     rts430x_lc_ld_eabi.lib : int41.asm.obj (.int41)

DMA        0    0000ffe4    00000002     
                  0000ffe4    00000002     rts430x_lc_ld_eabi.lib : int42.asm.obj (.int42)

USCI_A1    0    0000ffe6    00000002     
                  0000ffe6    00000002     rts430x_lc_ld_eabi.lib : int43.asm.obj (.int43)

TIMER0_A1 
*          0    0000ffe8    00000002     
                  0000ffe8    00000002     rts430x_lc_ld_eabi.lib : int44.asm.obj (.int44)

TIMER0_A0 
*          0    0000ffea    00000002     
                  0000ffea    00000002     port.obj (.int45)

ADC12      0    0000ffec    00000002     
                  0000ffec    00000002     rts430x_lc_ld_eabi.lib : int46.asm.obj (.int46)

USCI_B0    0    0000ffee    00000002     
                  0000ffee    00000002     rts430x_lc_ld_eabi.lib : int47.asm.obj (.int47)

USCI_A0    0    0000fff0    00000002     
                  0000fff0    00000002     serial.obj (.int48)

WDT        0    0000fff2    00000002     
                  0000fff2    00000002     rts430x_lc_ld_eabi.lib : int49.asm.obj (.int49)

TIMER0_B1 
*          0    0000fff4    00000002     
                  0000fff4    00000002     rts430x_lc_ld_eabi.lib : int50.asm.obj (.int50)

TIMER0_B0 
*          0    0000fff6    00000002     
                  0000fff6    00000002     rts430x_lc_ld_eabi.lib : int51.asm.obj (.int51)

COMP_E     0    0000fff8    00000002     
                  0000fff8    00000002     rts430x_lc_ld_eabi.lib : int52.asm.obj (.int52)

UNMI       0    0000fffa    00000002     
                  0000fffa    00000002     rts430x_lc_ld_eabi.lib : int53.asm.obj (.int53)

SYSNMI     0    0000fffc    00000002     
                  0000fffc    00000002     rts430x_lc_ld_eabi.lib : int54.asm.obj (.int54)

.reset     0    0000fffe    00000002     
                  0000fffe    00000002     rts430x_lc_ld_eabi.lib : boot.c.obj (.reset)

.const     0    0000ad48    000001b4     
                  0000ad48    00000101     rts430x_lc_ld_eabi.lib : ctype.c.obj (.const:.string:_ctypes_)
                  0000ae49    00000001     --HOLE-- [fill = 0]
                  0000ae4a    00000036     blinky2.obj (.const:.string)
                  0000ae80    00000032     tasks.obj (.const:.string)
                  0000aeb2    00000026     rts430x_lc_ld_eabi.lib : _printfi.c.obj (.const:.string)
                  0000aed8    0000001c     gpio.obj (.const:GPIO_PORT_TO_BASE)
                  0000aef4    00000008     timers.obj (.const:.string)

.text.2    0    00010000    00004000     
                  00010000    00000466     rts430x_lc_ld_eabi.lib : frcdivd.c.obj (.text:__TI_frcdivd)
                  00010466    0000034e                            : div64u.c.obj (.text:__mspabi_divull)
                  000107b4    000002e6                            : _printfi.c.obj (.text:_setfield)
                  00010a9a    000002e0                            : addd.c.obj (.text:__mspabi_addd)
                  00010d7a    000002ae                            : _printfi.c.obj (.text:__TI_printfi)
                  00011028    00000280                            : frcmpyd.c.obj (.text:__TI_frcmpyd)
                  000112a8    00000266                            : mpyd.c.obj (.text:__mspabi_mpyd)
                  0001150e    00000248                            : frcaddd.c.obj (.text:__TI_frcaddd)
                  00011756    00000224                            : _printfi.c.obj (.text:acvt)
                  0001197a    00000222                            : divd.c.obj (.text:__mspabi_divd)
                  00011b9c    0000021c                            : _printfi.c.obj (.text:_pproc_fgea)
                  00011db8    0000020c                            : _printfi.c.obj (.text:_getarg_diouxp)
                  00011fc4    000001f4     queue.obj (.text:xQueueSemaphoreTake)
                  000121b8    000001e6     rts430x_lc_ld_eabi.lib : _printfi.c.obj (.text:ecvt)
                  0001239e    000001c8                            : _printfi.c.obj (.text:fcvt)
                  00012566    000001aa                            : _printfi.c.obj (.text:_pconv_e)
                  00012710    00000198     queue.obj (.text:xQueueGenericSend)
                  000128a8    00000182     queue.obj (.text:xQueueReceive)
                  00012a2a    00000170     rts430x_lc_ld_eabi.lib : _printfi.c.obj (.text:_pconv_a)
                  00012b9a    0000015e                            : _printfi.c.obj (.text:_ltostr)
                  00012cf8    0000015a                            : fputs.c.obj (.text:fputs)
                  00012e52    0000015a                            : s_scalbn.c.obj (.text:scalbn)
                  00012fac    0000014a     heap_4.obj (.text:pvPortMalloc)
                  000130f6    00000148     rts430x_lc_ld_eabi.lib : _printfi.c.obj (.text:_pproc_diouxp)
                  0001323e    00000144     timers.obj (.text:prvProcessReceivedCommands)
                  00013382    0000012e     tasks.obj (.text:vTaskSwitchContext)
                  000134b0    0000012a     tasks.obj (.text:xTaskIncrementTick)
                  000135da    0000010a     tasks.obj (.text:prvInitialiseNewTask)
                  000136e4    000000fc     rts430x_lc_ld_eabi.lib : _printfi.c.obj (.text:_pconv_g)
                  000137e0    000000fc                            : _printfi.c.obj (.text:_pproc_fwp)
                  000138dc    000000fa                            : memory.c.obj (.text:malloc)
                  000139d6    000000fa                            : setvbuf.c.obj (.text:setvbuf)
                  00013ad0    000000e8     main.obj (.text:prvSetupHardware)
                  00013bb8    000000d8     rts430x_lc_ld_eabi.lib : cmpd.c.obj (.text:__mspabi_cmpd)
                  00013c90    000000d8     tasks.obj (.text:xTaskResumeAll)
                  00013d68    000000d6     rts430x_lc_ld_eabi.lib : _printfi.c.obj (.text:_pproc_wstr)
                  00013e3e    000000ca                            : memory.c.obj (.text:free)
                  00013f08    000000c6     heap_4.obj (.text:prvHeapInit)
                  00013fce    00000032     rts430x_lc_ld_eabi.lib : trgmsg.c.obj (.text:__TI_readmsg)

MODULE SUMMARY

       Module                       code    ro data   rw data
       ------                       ----    -------   -------
    .\
       main.obj                     328     0         14336  
    +--+----------------------------+-------+---------+---------+
       Total:                       328     0         14336  
                                                             
    .\Blinky_Demo\
       blinky2.obj                  446     56        17     
    +--+----------------------------+-------+---------+---------+
       Total:                       446     56        17     
                                                             
    .\FreeRTOS_Source\
       tasks.obj                    2954    50        230    
       queue.obj                    2522    0         0      
       timers.obj                   1456    8         56     
       list.obj                     232     0         0      
    +--+----------------------------+-------+---------+---------+
       Total:                       7164    58        286    
                                                             
    .\FreeRTOS_Source\portable\CCS\MSP430X\
       portext.obj                  166     0         0      
       port.obj                     52      2         2      
    +--+----------------------------+-------+---------+---------+
       Total:                       218     2         2      
                                                             
    .\FreeRTOS_Source\portable\MemMang\
       heap_4.obj                   786     0         24     
    +--+----------------------------+-------+---------+---------+
       Total:                       786     0         24     
                                                             
    .\Full_Demo\
       serial.obj                   106     2         8      
       main_full.obj                36      2         12     
    +--+----------------------------+-------+---------+---------+
       Total:                       142     4         20     
                                                             
    .\driverlib\MSP430FR5xx_6xx\
       gpio.obj                     544     28        0      
       cs.obj                       196     0         8      
       wdt_a.obj                    32      0         0      
       pmm.obj                      6       0         0      
    +--+----------------------------+-------+---------+---------+
       Total:                       778     28        8      
                                                             
    C:\ti\ccsv8\tools\compiler\ti-cgt-msp430_18.1.2.LTS\lib\rts430x_lc_ld_eabi.lib
       _printfi.c.obj               6874    38        0      
       frcdivd.c.obj                1126    0         0      
       div64u.c.obj                 846     0         0      
       addd.c.obj                   736     0         0      
       frcmpyd.c.obj                640     0         0      
       mpyd.c.obj                   614     0         0      
       frcaddd.c.obj                584     0         0      
       memory.c.obj                 548     0         14     
       divd.c.obj                   546     0         0      
       trgmsg.c.obj                 104     0         288    
       defs.c.obj                   0       0         362    
       fputs.c.obj                  346     0         0      
       s_scalbn.c.obj               346     0         0      
       ctype.c.obj                  0       257       0      
       setvbuf.c.obj                250     0         0      
       write.c.obj                  60      0         180    
       cmpd.c.obj                   216     0         0      
       renormd.c.obj                178     0         0      
       s_frexp.c.obj                166     0         0      
       fltlid.c.obj                 158     0         0      
       hostlseek.c.obj              154     0         0      
       getdevice.c.obj              152     0         0      
       ltoa.c.obj                   150     0         0      
       fputc.c.obj                  144     0         0      
       _io_perm.c.obj               134     0         0      
       autoinit.c.obj               120     0         0      
       hostopen.c.obj               112     0         8      
       copy_decompress_lzss.c.obj   118     0         0      
       fclose.c.obj                 116     0         0      
       fseek.c.obj                  116     0         0      
       hostrename.c.obj             116     0         0      
       hostwrite.c.obj              108     0         0      
       hostread.c.obj               106     0         0      
       fixdli.c.obj                 102     0         0      
       atoi.c.obj                   98      0         0      
       fflush.c.obj                 96      0         0      
       close.c.obj                  90      0         0      
       div32u.asm.obj               88      0         0      
       printf.c.obj                 84      0         0      
       exit.c.obj                   80      0         2      
       asr32.asm.obj                78      0         0      
       hostclose.c.obj              78      0         0      
       lsl32.asm.obj                78      0         0      
       lsr32.asm.obj                78      0         0      
       strncpy.c.obj                78      0         0      
       hostunlink.c.obj             70      0         0      
       div32s.asm.obj               64      0         0      
       lseek.c.obj                  62      0         0      
       memcpy.c.obj                 60      0         0      
       lsl64.c.obj                  58      0         0      
       lsr64.c.obj                  58      0         0      
       fopen.c.obj                  54      0         0      
       subd.c.obj                   50      0         0      
       unlink.c.obj                 48      0         0      
       negd.c.obj                   46      0         0      
       s_copysign.c.obj             46      0         0      
       fixdi.c.obj                  40      0         0      
       wcslen.c.obj                 40      0         0      
       copy_zero_init.c.obj         36      0         0      
       mult32_f5hw.asm.obj          36      0         0      
       memchr.c.obj                 32      0         0      
       memset.c.obj                 32      0         0      
       boot.c.obj                   28      2         0      
       memccpy.c.obj                30      0         0      
       strchr.c.obj                 28      0         0      
       strcmp.c.obj                 28      0         0      
       mult16_f5hw.asm.obj          24      0         0      
       copy_decompress_none.c.obj   22      0         0      
       div16u.asm.obj               22      0         0      
       strcpy.c.obj                 18      0         0      
       strlen.c.obj                 18      0         0      
       toupper.c.obj                18      0         0      
       fltid.c.obj                  12      0         0      
       _lock.c.obj                  2       0         8      
       abs.c.obj                    10      0         0      
       exit_gvars.c.obj             0       0         8      
       isr_trap.asm.obj             8       0         0      
       errno.c.obj                  0       0         2      
       int30.asm.obj                0       2         0      
       int31.asm.obj                0       2         0      
       int32.asm.obj                0       2         0      
       int33.asm.obj                0       2         0      
       int34.asm.obj                0       2         0      
       int35.asm.obj                0       2         0      
       int36.asm.obj                0       2         0      
       int37.asm.obj                0       2         0      
       int38.asm.obj                0       2         0      
       int41.asm.obj                0       2         0      
       int42.asm.obj                0       2         0      
       int43.asm.obj                0       2         0      
       int44.asm.obj                0       2         0      
       int46.asm.obj                0       2         0      
       int47.asm.obj                0       2         0      
       int49.asm.obj                0       2         0      
       int50.asm.obj                0       2         0      
       int51.asm.obj                0       2         0      
       int52.asm.obj                0       2         0      
       int53.asm.obj                0       2         0      
       int54.asm.obj                0       2         0      
       startup.c.obj                2       0         0      
    +--+----------------------------+-------+---------+---------+
       Total:                       18114   339       872    
                                                             
       Heap:                        0       0         640    
       Stack:                       0       0         320    
       Linker Generated:            0       120       0      
    +--+----------------------------+-------+---------+---------+
       Grand Total:                 27976   607       16525  


LINKER GENERATED COPY TABLES

__TI_cinit_table @ 0000af64 records: 2, size/record: 8, table size: 16
	.data: load addr=0000aefc, load size=00000056 bytes, run addr=00001c00, run size=000001f6 bytes, compression=lzss
	.bss: load addr=0000af5e, load size=00000006 bytes, run addr=00001df6, run size=000001b8 bytes, compression=zero_init


LINKER GENERATED HANDLER TABLE

__TI_handler_table @ 0000af52 records: 3, size/record: 4, table size: 12
	index: 0, handler: __TI_zero_init
	index: 1, handler: __TI_decompress_lzss
	index: 2, handler: __TI_decompress_none


GLOBAL SYMBOLS: SORTED ALPHABETICALLY BY Name 

address   name                                       
-------   ----                                       
00000800  ADC12CTL0                                  
00000801  ADC12CTL0_H                                
00000800  ADC12CTL0_L                                
00000802  ADC12CTL1                                  
00000803  ADC12CTL1_H                                
00000802  ADC12CTL1_L                                
00000804  ADC12CTL2                                  
00000805  ADC12CTL2_H                                
00000804  ADC12CTL2_L                                
00000806  ADC12CTL3                                  
00000807  ADC12CTL3_H                                
00000806  ADC12CTL3_L                                
0000080a  ADC12HI                                    
0000080b  ADC12HI_H                                  
0000080a  ADC12HI_L                                  
00000812  ADC12IER0                                  
00000813  ADC12IER0_H                                
00000812  ADC12IER0_L                                
00000814  ADC12IER1                                  
00000815  ADC12IER1_H                                
00000814  ADC12IER1_L                                
00000816  ADC12IER2                                  
00000817  ADC12IER2_H                                
00000816  ADC12IER2_L                                
0000080c  ADC12IFGR0                                 
0000080d  ADC12IFGR0_H                               
0000080c  ADC12IFGR0_L                               
0000080e  ADC12IFGR1                                 
0000080f  ADC12IFGR1_H                               
0000080e  ADC12IFGR1_L                               
00000810  ADC12IFGR2                                 
00000811  ADC12IFGR2_H                               
00000810  ADC12IFGR2_L                               
00000818  ADC12IV                                    
00000819  ADC12IV_H                                  
00000818  ADC12IV_L                                  
00000808  ADC12LO                                    
00000809  ADC12LO_H                                  
00000808  ADC12LO_L                                  
00000820  ADC12MCTL0                                 
00000821  ADC12MCTL0_H                               
00000820  ADC12MCTL0_L                               
00000822  ADC12MCTL1                                 
00000834  ADC12MCTL10                                
00000835  ADC12MCTL10_H                              
00000834  ADC12MCTL10_L                              
00000836  ADC12MCTL11                                
00000837  ADC12MCTL11_H                              
00000836  ADC12MCTL11_L                              
00000838  ADC12MCTL12                                
00000839  ADC12MCTL12_H                              
00000838  ADC12MCTL12_L                              
0000083a  ADC12MCTL13                                
0000083b  ADC12MCTL13_H                              
0000083a  ADC12MCTL13_L                              
0000083c  ADC12MCTL14                                
0000083d  ADC12MCTL14_H                              
0000083c  ADC12MCTL14_L                              
0000083e  ADC12MCTL15                                
0000083f  ADC12MCTL15_H                              
0000083e  ADC12MCTL15_L                              
00000840  ADC12MCTL16                                
00000841  ADC12MCTL16_H                              
00000840  ADC12MCTL16_L                              
00000842  ADC12MCTL17                                
00000843  ADC12MCTL17_H                              
00000842  ADC12MCTL17_L                              
00000844  ADC12MCTL18                                
00000845  ADC12MCTL18_H                              
00000844  ADC12MCTL18_L                              
00000846  ADC12MCTL19                                
00000847  ADC12MCTL19_H                              
00000846  ADC12MCTL19_L                              
00000823  ADC12MCTL1_H                               
00000822  ADC12MCTL1_L                               
00000824  ADC12MCTL2                                 
00000848  ADC12MCTL20                                
00000849  ADC12MCTL20_H                              
00000848  ADC12MCTL20_L                              
0000084a  ADC12MCTL21                                
0000084b  ADC12MCTL21_H                              
0000084a  ADC12MCTL21_L                              
0000084c  ADC12MCTL22                                
0000084d  ADC12MCTL22_H                              
0000084c  ADC12MCTL22_L                              
0000084e  ADC12MCTL23                                
0000084f  ADC12MCTL23_H                              
0000084e  ADC12MCTL23_L                              
00000850  ADC12MCTL24                                
00000851  ADC12MCTL24_H                              
00000850  ADC12MCTL24_L                              
00000852  ADC12MCTL25                                
00000853  ADC12MCTL25_H                              
00000852  ADC12MCTL25_L                              
00000854  ADC12MCTL26                                
00000855  ADC12MCTL26_H                              
00000854  ADC12MCTL26_L                              
00000856  ADC12MCTL27                                
00000857  ADC12MCTL27_H                              
00000856  ADC12MCTL27_L                              
00000858  ADC12MCTL28                                
00000859  ADC12MCTL28_H                              
00000858  ADC12MCTL28_L                              
0000085a  ADC12MCTL29                                
0000085b  ADC12MCTL29_H                              
0000085a  ADC12MCTL29_L                              
00000825  ADC12MCTL2_H                               
00000824  ADC12MCTL2_L                               
00000826  ADC12MCTL3                                 
0000085c  ADC12MCTL30                                
0000085d  ADC12MCTL30_H                              
0000085c  ADC12MCTL30_L                              
0000085e  ADC12MCTL31                                
0000085f  ADC12MCTL31_H                              
0000085e  ADC12MCTL31_L                              
00000827  ADC12MCTL3_H                               
00000826  ADC12MCTL3_L                               
00000828  ADC12MCTL4                                 
00000829  ADC12MCTL4_H                               
00000828  ADC12MCTL4_L                               
0000082a  ADC12MCTL5                                 
0000082b  ADC12MCTL5_H                               
0000082a  ADC12MCTL5_L                               
0000082c  ADC12MCTL6                                 
0000082d  ADC12MCTL6_H                               
0000082c  ADC12MCTL6_L                               
0000082e  ADC12MCTL7                                 
0000082f  ADC12MCTL7_H                               
0000082e  ADC12MCTL7_L                               
00000830  ADC12MCTL8                                 
00000831  ADC12MCTL8_H                               
00000830  ADC12MCTL8_L                               
00000832  ADC12MCTL9                                 
00000833  ADC12MCTL9_H                               
00000832  ADC12MCTL9_L                               
00000860  ADC12MEM0                                  
00000861  ADC12MEM0_H                                
00000860  ADC12MEM0_L                                
00000862  ADC12MEM1                                  
00000874  ADC12MEM10                                 
00000875  ADC12MEM10_H                               
00000874  ADC12MEM10_L                               
00000876  ADC12MEM11                                 
00000877  ADC12MEM11_H                               
00000876  ADC12MEM11_L                               
00000878  ADC12MEM12                                 
00000879  ADC12MEM12_H                               
00000878  ADC12MEM12_L                               
0000087a  ADC12MEM13                                 
0000087b  ADC12MEM13_H                               
0000087a  ADC12MEM13_L                               
0000087c  ADC12MEM14                                 
0000087d  ADC12MEM14_H                               
0000087c  ADC12MEM14_L                               
0000087e  ADC12MEM15                                 
0000087f  ADC12MEM15_H                               
0000087e  ADC12MEM15_L                               
00000880  ADC12MEM16                                 
00000881  ADC12MEM16_H                               
00000880  ADC12MEM16_L                               
00000882  ADC12MEM17                                 
00000883  ADC12MEM17_H                               
00000882  ADC12MEM17_L                               
00000884  ADC12MEM18                                 
00000885  ADC12MEM18_H                               
00000884  ADC12MEM18_L                               
00000886  ADC12MEM19                                 
00000887  ADC12MEM19_H                               
00000886  ADC12MEM19_L                               
00000863  ADC12MEM1_H                                
00000862  ADC12MEM1_L                                
00000864  ADC12MEM2                                  
00000888  ADC12MEM20                                 
00000889  ADC12MEM20_H                               
00000888  ADC12MEM20_L                               
0000088a  ADC12MEM21                                 
0000088b  ADC12MEM21_H                               
0000088a  ADC12MEM21_L                               
0000088c  ADC12MEM22                                 
0000088d  ADC12MEM22_H                               
0000088c  ADC12MEM22_L                               
0000088e  ADC12MEM23                                 
0000088f  ADC12MEM23_H                               
0000088e  ADC12MEM23_L                               
00000890  ADC12MEM24                                 
00000891  ADC12MEM24_H                               
00000890  ADC12MEM24_L                               
00000892  ADC12MEM25                                 
00000893  ADC12MEM25_H                               
00000892  ADC12MEM25_L                               
00000894  ADC12MEM26                                 
00000895  ADC12MEM26_H                               
00000894  ADC12MEM26_L                               
00000896  ADC12MEM27                                 
00000897  ADC12MEM27_H                               
00000896  ADC12MEM27_L                               
00000898  ADC12MEM28                                 
00000899  ADC12MEM28_H                               
00000898  ADC12MEM28_L                               
0000089a  ADC12MEM29                                 
0000089b  ADC12MEM29_H                               
0000089a  ADC12MEM29_L                               
00000865  ADC12MEM2_H                                
00000864  ADC12MEM2_L                                
00000866  ADC12MEM3                                  
0000089c  ADC12MEM30                                 
0000089d  ADC12MEM30_H                               
0000089c  ADC12MEM30_L                               
0000089e  ADC12MEM31                                 
0000089f  ADC12MEM31_H                               
0000089e  ADC12MEM31_L                               
00000867  ADC12MEM3_H                                
00000866  ADC12MEM3_L                                
00000868  ADC12MEM4                                  
00000869  ADC12MEM4_H                                
00000868  ADC12MEM4_L                                
0000086a  ADC12MEM5                                  
0000086b  ADC12MEM5_H                                
0000086a  ADC12MEM5_L                                
0000086c  ADC12MEM6                                  
0000086d  ADC12MEM6_H                                
0000086c  ADC12MEM6_L                                
0000086e  ADC12MEM7                                  
0000086f  ADC12MEM7_H                                
0000086e  ADC12MEM7_L                                
00000870  ADC12MEM8                                  
00000871  ADC12MEM8_H                                
00000870  ADC12MEM8_L                                
00000872  ADC12MEM9                                  
00000873  ADC12MEM9_H                                
00000872  ADC12MEM9_L                                
000009c0  AESACTL0                                   
000009c1  AESACTL0_H                                 
000009c0  AESACTL0_L                                 
000009c2  AESACTL1                                   
000009c3  AESACTL1_H                                 
000009c2  AESACTL1_L                                 
000009c8  AESADIN                                    
000009c9  AESADIN_H                                  
000009c8  AESADIN_L                                  
000009ca  AESADOUT                                   
000009cb  AESADOUT_H                                 
000009ca  AESADOUT_L                                 
000009c6  AESAKEY                                    
000009c7  AESAKEY_H                                  
000009c6  AESAKEY_L                                  
000009c4  AESASTAT                                   
000009c5  AESASTAT_H                                 
000009c4  AESASTAT_L                                 
000009cc  AESAXDIN                                   
000009cd  AESAXDIN_H                                 
000009cc  AESAXDIN_L                                 
000009ce  AESAXIN                                    
000009cf  AESAXIN_H                                  
000009ce  AESAXIN_L                                  
000004be  BCD2BIN                                    
000004bc  BIN2BCD                                    
0000ad2c  C$$EXIT                                    
0000a5ac  C$$IO$$                                    
0000043e  CAPTIO0CTL                                 
0000043f  CAPTIO0CTL_H                               
0000043e  CAPTIO0CTL_L                               
0000047e  CAPTIO1CTL                                 
0000047f  CAPTIO1CTL_H                               
0000047e  CAPTIO1CTL_L                               
000008c0  CECTL0                                     
000008c1  CECTL0_H                                   
000008c0  CECTL0_L                                   
000008c2  CECTL1                                     
000008c3  CECTL1_H                                   
000008c2  CECTL1_L                                   
000008c4  CECTL2                                     
000008c5  CECTL2_H                                   
000008c4  CECTL2_L                                   
000008c6  CECTL3                                     
000008c7  CECTL3_H                                   
000008c6  CECTL3_L                                   
000008cc  CEINT                                      
000008cd  CEINT_H                                    
000008cc  CEINT_L                                    
000008ce  CEIV                                       
000008cf  CEIV_H                                     
000008ce  CEIV_L                                     
00000150  CRCDI                                      
00000152  CRCDIRB                                    
00000153  CRCDIRB_H                                  
00000152  CRCDIRB_L                                  
00000151  CRCDI_H                                    
00000150  CRCDI_L                                    
00000154  CRCINIRES                                  
00000155  CRCINIRES_H                                
00000154  CRCINIRES_L                                
00000156  CRCRESR                                    
00000157  CRCRESR_H                                  
00000156  CRCRESR_L                                  
00000160  CSCTL0                                     
00000161  CSCTL0_H                                   
00000160  CSCTL0_L                                   
00000162  CSCTL1                                     
00000163  CSCTL1_H                                   
00000162  CSCTL1_L                                   
00000164  CSCTL2                                     
00000165  CSCTL2_H                                   
00000164  CSCTL2_L                                   
00000166  CSCTL3                                     
00000167  CSCTL3_H                                   
00000166  CSCTL3_L                                   
00000168  CSCTL4                                     
00000169  CSCTL4_H                                   
00000168  CSCTL4_L                                   
0000016a  CSCTL5                                     
0000016b  CSCTL5_H                                   
0000016a  CSCTL5_L                                   
0000016c  CSCTL6                                     
0000016d  CSCTL6_H                                   
0000016c  CSCTL6_L                                   
00009992  CS_initClockSignal                         
0000ac30  CS_setDCOFreq                              
0000ac42  CS_setExternalClockSource                  
0000a3ea  CS_turnOnLFXT                              
00000510  DMA0CTL                                    
00000511  DMA0CTL_H                                  
00000510  DMA0CTL_L                                  
00000516  DMA0DA                                     
00000518  DMA0DAH                                    
00000516  DMA0DAL                                    
00000512  DMA0SA                                     
00000514  DMA0SAH                                    
00000512  DMA0SAL                                    
0000051a  DMA0SZ                                     
00000520  DMA1CTL                                    
00000521  DMA1CTL_H                                  
00000520  DMA1CTL_L                                  
00000526  DMA1DA                                     
00000528  DMA1DAH                                    
00000526  DMA1DAL                                    
00000522  DMA1SA                                     
00000524  DMA1SAH                                    
00000522  DMA1SAL                                    
0000052a  DMA1SZ                                     
00000530  DMA2CTL                                    
00000531  DMA2CTL_H                                  
00000530  DMA2CTL_L                                  
00000536  DMA2DA                                     
00000538  DMA2DAH                                    
00000536  DMA2DAL                                    
00000532  DMA2SA                                     
00000534  DMA2SAH                                    
00000532  DMA2SAL                                    
0000053a  DMA2SZ                                     
00000500  DMACTL0                                    
00000501  DMACTL0_H                                  
00000500  DMACTL0_L                                  
00000502  DMACTL1                                    
00000503  DMACTL1_H                                  
00000502  DMACTL1_L                                  
00000504  DMACTL2                                    
00000505  DMACTL2_H                                  
00000504  DMACTL2_L                                  
00000506  DMACTL3                                    
00000507  DMACTL3_H                                  
00000506  DMACTL3_L                                  
00000508  DMACTL4                                    
00000509  DMACTL4_H                                  
00000508  DMACTL4_L                                  
0000050e  DMAIV                                      
0000050f  DMAIV_H                                    
0000050e  DMAIV_L                                    
00000140  FRCTL0                                     
00000141  FRCTL0_H                                   
00000140  FRCTL0_L                                   
00000144  GCCTL0                                     
00000145  GCCTL0_H                                   
00000144  GCCTL0_L                                   
00000146  GCCTL1                                     
00000147  GCCTL1_H                                   
00000146  GCCTL1_L                                   
0000aa66  GPIO_clearInterrupt                        
0000aa84  GPIO_enableInterrupt                       
0000a714  GPIO_selectInterruptEdge                   
0000a086  GPIO_setAsInputPinWithPullUpResistor       
0000a5e6  GPIO_setAsOutputPin                        
00009686  GPIO_setAsPeripheralModuleFunctionInputPin 
000096f8  GPIO_setAsPeripheralModuleFunctionOutputPin
0000aac0  GPIO_setOutputHighOnPin                    
0000aadc  GPIO_setOutputLowOnPin                     
0000aaf8  GPIO_toggleOutputOnPin                     
00009f02  HOSTclose                                  
00008a36  HOSTlseek                                  
000097dc  HOSTopen                                   
00009928  HOSTread                                   
0000952a  HOSTrename                                 
0000a1f4  HOSTunlink                                 
000098bc  HOSTwrite                                  
000004c4  MAC                                        
000004da  MAC32H                                     
000004db  MAC32H_H                                   
000004da  MAC32H_L                                   
000004d8  MAC32L                                     
000004d9  MAC32L_H                                   
000004d8  MAC32L_L                                   
000004c6  MACS                                       
000004de  MACS32H                                    
000004df  MACS32H_H                                  
000004de  MACS32H_L                                  
000004dc  MACS32L                                    
000004dd  MACS32L_H                                  
000004dc  MACS32L_L                                  
000004c7  MACS_H                                     
000004c6  MACS_L                                     
000004c5  MAC_H                                      
000004c4  MAC_L                                      
000005a0  MPUCTL0                                    
000005a1  MPUCTL0_H                                  
000005a0  MPUCTL0_L                                  
000005a2  MPUCTL1                                    
000005a3  MPUCTL1_H                                  
000005a2  MPUCTL1_L                                  
000005aa  MPUIPC0                                    
000005ab  MPUIPC0_H                                  
000005aa  MPUIPC0_L                                  
000005ae  MPUIPSEGB1                                 
000005af  MPUIPSEGB1_H                               
000005ae  MPUIPSEGB1_L                               
000005ac  MPUIPSEGB2                                 
000005ad  MPUIPSEGB2_H                               
000005ac  MPUIPSEGB2_L                               
000005a8  MPUSAM                                     
000005a9  MPUSAM_H                                   
000005a8  MPUSAM_L                                   
000005a6  MPUSEGB1                                   
000005a7  MPUSEGB1_H                                 
000005a6  MPUSEGB1_L                                 
000005a4  MPUSEGB2                                   
000005a5  MPUSEGB2_H                                 
000005a4  MPUSEGB2_L                                 
000004c0  MPY                                        
000004ec  MPY32CTL0                                  
000004ed  MPY32CTL0_H                                
000004ec  MPY32CTL0_L                                
000004d2  MPY32H                                     
000004d3  MPY32H_H                                   
000004d2  MPY32H_L                                   
000004d0  MPY32L                                     
000004d1  MPY32L_H                                   
000004d0  MPY32L_L                                   
000004c2  MPYS                                       
000004d6  MPYS32H                                    
000004d7  MPYS32H_H                                  
000004d6  MPYS32H_L                                  
000004d4  MPYS32L                                    
000004d5  MPYS32L_H                                  
000004d4  MPYS32L_L                                  
000004c3  MPYS_H                                     
000004c2  MPYS_L                                     
000004c1  MPY_H                                      
000004c0  MPY_L                                      
000004c8  OP2                                        
000004e2  OP2H                                       
000004e3  OP2H_H                                     
000004e2  OP2H_L                                     
000004e0  OP2L                                       
000004e1  OP2L_H                                     
000004e0  OP2L_L                                     
000004c9  OP2_H                                      
000004c8  OP2_L                                      
0000020e  P1IV                                       
0000021e  P2IV                                       
0000022e  P3IV                                       
0000023e  P4IV                                       
00000204  PADIR                                      
00000205  PADIR_H                                    
00000204  PADIR_L                                    
0000021a  PAIE                                       
00000218  PAIES                                      
00000219  PAIES_H                                    
00000218  PAIES_L                                    
0000021b  PAIE_H                                     
0000021a  PAIE_L                                     
0000021c  PAIFG                                      
0000021d  PAIFG_H                                    
0000021c  PAIFG_L                                    
00000200  PAIN                                       
00000201  PAIN_H                                     
00000200  PAIN_L                                     
00000202  PAOUT                                      
00000203  PAOUT_H                                    
00000202  PAOUT_L                                    
00000206  PAREN                                      
00000207  PAREN_H                                    
00000206  PAREN_L                                    
0000020a  PASEL0                                     
0000020b  PASEL0_H                                   
0000020a  PASEL0_L                                   
0000020c  PASEL1                                     
0000020d  PASEL1_H                                   
0000020c  PASEL1_L                                   
00000216  PASELC                                     
00000217  PASELC_H                                   
00000216  PASELC_L                                   
00000224  PBDIR                                      
00000225  PBDIR_H                                    
00000224  PBDIR_L                                    
0000023a  PBIE                                       
00000238  PBIES                                      
00000239  PBIES_H                                    
00000238  PBIES_L                                    
0000023b  PBIE_H                                     
0000023a  PBIE_L                                     
0000023c  PBIFG                                      
0000023d  PBIFG_H                                    
0000023c  PBIFG_L                                    
00000220  PBIN                                       
00000221  PBIN_H                                     
00000220  PBIN_L                                     
00000222  PBOUT                                      
00000223  PBOUT_H                                    
00000222  PBOUT_L                                    
00000226  PBREN                                      
00000227  PBREN_H                                    
00000226  PBREN_L                                    
0000022a  PBSEL0                                     
0000022b  PBSEL0_H                                   
0000022a  PBSEL0_L                                   
0000022c  PBSEL1                                     
0000022d  PBSEL1_H                                   
0000022c  PBSEL1_L                                   
00000236  PBSELC                                     
00000237  PBSELC_H                                   
00000236  PBSELC_L                                   
00000324  PJDIR                                      
00000325  PJDIR_H                                    
00000324  PJDIR_L                                    
00000320  PJIN                                       
00000321  PJIN_H                                     
00000320  PJIN_L                                     
00000322  PJOUT                                      
00000323  PJOUT_H                                    
00000322  PJOUT_L                                    
00000326  PJREN                                      
00000327  PJREN_H                                    
00000326  PJREN_L                                    
0000032a  PJSEL0                                     
0000032b  PJSEL0_H                                   
0000032a  PJSEL0_L                                   
0000032c  PJSEL1                                     
0000032d  PJSEL1_H                                   
0000032c  PJSEL1_L                                   
00000336  PJSELC                                     
00000337  PJSELC_H                                   
00000336  PJSELC_L                                   
00000130  PM5CTL0                                    
00000131  PM5CTL0_H                                  
00000130  PM5CTL0_L                                  
00000120  PMMCTL0                                    
00000121  PMMCTL0_H                                  
00000120  PMMCTL0_L                                  
0000012a  PMMIFG                                     
0000012b  PMMIFG_H                                   
0000012a  PMMIFG_L                                   
0000ad20  PMM_unlockLPM5                             
000001b0  REFCTL0                                    
000001b1  REFCTL0_H                                  
000001b0  REFCTL0_L                                  
000004e4  RES0                                       
000004e5  RES0_H                                     
000004e4  RES0_L                                     
000004e6  RES1                                       
000004e7  RES1_H                                     
000004e6  RES1_L                                     
000004e8  RES2                                       
000004e9  RES2_H                                     
000004e8  RES2_L                                     
000004ea  RES3                                       
000004eb  RES3_H                                     
000004ea  RES3_L                                     
000004cc  RESHI                                      
000004cd  RESHI_H                                    
000004cc  RESHI_L                                    
000004ca  RESLO                                      
000004cb  RESLO_H                                    
000004ca  RESLO_L                                    
000004ba  RTCADOWDAY                                 
000004bb  RTCADOWDAY_H                               
000004ba  RTCADOWDAY_L                               
000004b8  RTCAMINHR                                  
000004b9  RTCAMINHR_H                                
000004b8  RTCAMINHR_L                                
000004a0  RTCCTL01                                   
000004a1  RTCCTL01_H                                 
000004a0  RTCCTL01_L                                 
000004a2  RTCCTL23                                   
000004a3  RTCCTL23_H                                 
000004a2  RTCCTL23_L                                 
000004b4  RTCDATE                                    
000004b5  RTCDATE_H                                  
000004b4  RTCDATE_L                                  
000004ae  RTCIV                                      
000004ac  RTCPS                                      
000004a8  RTCPS0CTL                                  
000004a9  RTCPS0CTL_H                                
000004a8  RTCPS0CTL_L                                
000004aa  RTCPS1CTL                                  
000004ab  RTCPS1CTL_H                                
000004aa  RTCPS1CTL_L                                
000004ad  RTCPS_H                                    
000004ac  RTCPS_L                                    
000004b0  RTCTIM0                                    
000004b1  RTCTIM0_H                                  
000004b0  RTCTIM0_L                                  
000004b2  RTCTIM1                                    
000004b3  RTCTIM1_H                                  
000004b2  RTCTIM1_L                                  
000004b6  RTCYEAR                                    
000004b7  RTCYEAR_H                                  
000004b6  RTCYEAR_L                                  
00000100  SFRIE1                                     
00000101  SFRIE1_H                                   
00000100  SFRIE1_L                                   
00000102  SFRIFG1                                    
00000103  SFRIFG1_H                                  
00000102  SFRIFG1_L                                  
00000104  SFRRPCR                                    
00000105  SFRRPCR_H                                  
00000104  SFRRPCR_L                                  
000004ce  SUMEXT                                     
000004cf  SUMEXT_H                                   
000004ce  SUMEXT_L                                   
00000180  SYSCTL                                     
00000181  SYSCTL_H                                   
00000180  SYSCTL_L                                   
00000186  SYSJMBC                                    
00000187  SYSJMBC_H                                  
00000186  SYSJMBC_L                                  
00000188  SYSJMBI0                                   
00000189  SYSJMBI0_H                                 
00000188  SYSJMBI0_L                                 
0000018a  SYSJMBI1                                   
0000018b  SYSJMBI1_H                                 
0000018a  SYSJMBI1_L                                 
0000018c  SYSJMBO0                                   
0000018d  SYSJMBO0_H                                 
0000018c  SYSJMBO0_L                                 
0000018e  SYSJMBO1                                   
0000018f  SYSJMBO1_H                                 
0000018e  SYSJMBO1_L                                 
0000019e  SYSRSTIV                                   
0000019f  SYSRSTIV_H                                 
0000019e  SYSRSTIV_L                                 
0000019c  SYSSNIV                                    
0000019d  SYSSNIV_H                                  
0000019c  SYSSNIV_L                                  
0000019a  SYSUNIV                                    
0000019b  SYSUNIV_H                                  
0000019a  SYSUNIV_L                                  
00000352  TA0CCR0                                    
00000354  TA0CCR1                                    
00000356  TA0CCR2                                    
00000342  TA0CCTL0                                   
00000344  TA0CCTL1                                   
00000346  TA0CCTL2                                   
00000340  TA0CTL                                     
00000360  TA0EX0                                     
0000036e  TA0IV                                      
00000350  TA0R                                       
00000392  TA1CCR0                                    
00000394  TA1CCR1                                    
00000396  TA1CCR2                                    
00000382  TA1CCTL0                                   
00000384  TA1CCTL1                                   
00000386  TA1CCTL2                                   
00000380  TA1CTL                                     
000003a0  TA1EX0                                     
000003ae  TA1IV                                      
00000390  TA1R                                       
00000412  TA2CCR0                                    
00000414  TA2CCR1                                    
00000402  TA2CCTL0                                   
00000404  TA2CCTL1                                   
00000400  TA2CTL                                     
00000420  TA2EX0                                     
0000042e  TA2IV                                      
00000410  TA2R                                       
00000452  TA3CCR0                                    
[...]
0000087c  ADC12MEM14_L                               
0000087d  ADC12MEM14_H                               
0000087e  ADC12MEM15                                 
0000087e  ADC12MEM15_L                               
0000087f  ADC12MEM15_H                               
00000880  ADC12MEM16                                 
00000880  ADC12MEM16_L                               
00000881  ADC12MEM16_H                               
00000882  ADC12MEM17                                 
00000882  ADC12MEM17_L                               
00000883  ADC12MEM17_H                               
00000884  ADC12MEM18                                 
00000884  ADC12MEM18_L                               
00000885  ADC12MEM18_H                               
00000886  ADC12MEM19                                 
00000886  ADC12MEM19_L                               
00000887  ADC12MEM19_H                               
00000888  ADC12MEM20                                 
00000888  ADC12MEM20_L                               
00000889  ADC12MEM20_H                               
0000088a  ADC12MEM21                                 
0000088a  ADC12MEM21_L                               
0000088b  ADC12MEM21_H                               
0000088c  ADC12MEM22                                 
0000088c  ADC12MEM22_L                               
0000088d  ADC12MEM22_H                               
0000088e  ADC12MEM23                                 
0000088e  ADC12MEM23_L                               
0000088f  ADC12MEM23_H                               
00000890  ADC12MEM24                                 
00000890  ADC12MEM24_L                               
00000891  ADC12MEM24_H                               
00000892  ADC12MEM25                                 
00000892  ADC12MEM25_L                               
00000893  ADC12MEM25_H                               
00000894  ADC12MEM26                                 
00000894  ADC12MEM26_L                               
00000895  ADC12MEM26_H                               
00000896  ADC12MEM27                                 
00000896  ADC12MEM27_L                               
00000897  ADC12MEM27_H                               
00000898  ADC12MEM28                                 
00000898  ADC12MEM28_L                               
00000899  ADC12MEM28_H                               
0000089a  ADC12MEM29                                 
0000089a  ADC12MEM29_L                               
0000089b  ADC12MEM29_H                               
0000089c  ADC12MEM30                                 
0000089c  ADC12MEM30_L                               
0000089d  ADC12MEM30_H                               
0000089e  ADC12MEM31                                 
0000089e  ADC12MEM31_L                               
0000089f  ADC12MEM31_H                               
000008c0  CECTL0                                     
000008c0  CECTL0_L                                   
000008c1  CECTL0_H                                   
000008c2  CECTL1                                     
000008c2  CECTL1_L                                   
000008c3  CECTL1_H                                   
000008c4  CECTL2                                     
000008c4  CECTL2_L                                   
000008c5  CECTL2_H                                   
000008c6  CECTL3                                     
000008c6  CECTL3_L                                   
000008c7  CECTL3_H                                   
000008cc  CEINT                                      
000008cc  CEINT_L                                    
000008cd  CEINT_H                                    
000008ce  CEIV                                       
000008ce  CEIV_L                                     
000008cf  CEIV_H                                     
000009c0  AESACTL0                                   
000009c0  AESACTL0_L                                 
000009c1  AESACTL0_H                                 
000009c2  AESACTL1                                   
000009c2  AESACTL1_L                                 
000009c3  AESACTL1_H                                 
000009c4  AESASTAT                                   
000009c4  AESASTAT_L                                 
000009c5  AESASTAT_H                                 
000009c6  AESAKEY                                    
000009c6  AESAKEY_L                                  
000009c7  AESAKEY_H                                  
000009c8  AESADIN                                    
000009c8  AESADIN_L                                  
000009c9  AESADIN_H                                  
000009ca  AESADOUT                                   
000009ca  AESADOUT_L                                 
000009cb  AESADOUT_H                                 
000009cc  AESAXDIN                                   
000009cc  AESAXDIN_L                                 
000009cd  AESAXDIN_H                                 
000009ce  AESAXIN                                    
000009ce  AESAXIN_L                                  
000009cf  AESAXIN_H                                  
00001c00  _ftable                                    
00001cc8  _device                                    
00001d40  _stream                                    
00001d7c  pxCurrentTCB                               
00001db6  usRegTest1LoopCounter                      
00001db8  usRegTest2LoopCounter                      
00001dba  ulRunTimeCounterOverflows                  
00001dda  led                                        
00001ddc  __TI_cleanup_ptr                           
00001de0  __TI_dtors_ptr                             
00001de4  _lock                                      
00001de8  _unlock                                    
00001dec  usCriticalNesting                          
00001dee  __TI_ft_end                                
00001df0  errno                                      
00001df2  __TI_enable_exit_profile_output            
00001df6  __TI_tmpnams                               
00001f9a  parmbuf                                    
00001fa2  semaKnop                                   
00001fa6  semaTimer                                  
00001faa  xTimer                                     
000022c0  _stack                                     
00002400  __STACK_END                                
00004400  fram_ipe_end                               
00004400  fram_ipe_start                             
00004400  ucHeap                                     
00007c00  _CIOBUF_                                   
00007d20  _sys_memory                                
00008000  fram_rx_start                              
00008000  prvUSCI_A0_ISR                             
0000806a  pushbutton_ISR                             
000080c2  _c_int00_noargs                            
000080de  v4RunTimeStatsTimerOverflow                
000080f2  vTickISREntry                              
00008102  __TI_ISR_TRAP                              
00008272  __TI_renormd                               
00008324  xTaskPriorityInherit                       
000083d2  vTaskPriorityDisinheritAfterTimeout        
0000847e  xQueueGenericReset                         
00008528  frexp                                      
00008528  frexpl                                     
000085ce  vPortPreemptiveTickISR                     
000085fe  vPortCooperativeTickISR                    
0000862a  vPortYield                                 
0000865a  xPortStartScheduler                        
0000885c  __mspabi_fltlid                            
00008998  xTaskCheckForTimeOut                       
00008a36  HOSTlseek                                  
00008ad0  ltoa                                       
00008bf6  fputc                                      
00008bf6  putc                                       
00008d16  vPortFree                                  
00008da6  xTaskPriorityDisinherit                    
00008e36  xTimerGenericCommand                       
00008ec4  xTaskCreate                                
00008f4e  __TI_wrt_ok                                
00008fd4  xTaskRemoveFromEventList                   
000090de  xQueueGenericSendFromISR                   
00009160  xQueueGiveFromISR                          
000091de  blinky2                                    
0000934c  __TI_auto_init_nobinit_nopinit_hold_wdt    
000094b4  __TI_decompress_lzss                       
0000952a  HOSTrename                                 
0000959e  __TI_closefile                             
00009612  fseek                                      
00009686  GPIO_setAsPeripheralModuleFunctionInputPin 
000096f8  GPIO_setAsPeripheralModuleFunctionOutputPin
000097dc  HOSTopen                                   
0000984c  xQueueReceiveFromISR                       
000098bc  HOSTwrite                                  
00009928  HOSTread                                   
00009992  CS_initClockSignal                         
000099f8  __mspabi_fixdli                            
00009a5e  atoi                                       
00009ac0  getdevice                                  
00009b84  __TI_doflush                               
00009be4  minit                                      
00009c44  vTaskStartScheduler                        
00009ca4  close                                      
00009d58  __mspabi_divul                             
00009d58  __mspabi_remul                             
00009db0  xQueueGenericCreate                        
00009e5e  vListInsert                                
00009f02  HOSTclose                                  
00009f9e  strncpy                                    
00009fec  vQueueWaitForMessageRestricted             
0000a03a  xTimerCreateTimerTask                      
0000a086  GPIO_setAsInputPinWithPullUpResistor       
0000a0d0  exit                                       
0000a11a  printf                                     
0000a1ac  xTimerCreate                               
0000a1f4  HOSTunlink                                 
0000a23a  __mspabi_divli                             
0000a23a  __mspabi_remli                             
0000a27a  __mspabi_sral_15                           
0000a27e  __mspabi_sral_14                           
0000a282  __mspabi_sral_13                           
0000a286  __mspabi_sral_12                           
0000a28a  __mspabi_sral_11                           
0000a28e  __mspabi_sral_10                           
0000a292  __mspabi_sral_9                            
0000a296  __mspabi_sral_8                            
0000a29a  __mspabi_sral_7                            
0000a29e  __mspabi_sral_6                            
0000a2a2  __mspabi_sral_5                            
0000a2a6  __mspabi_sral_4                            
0000a2aa  __mspabi_sral_3                            
0000a2ae  __mspabi_sral_2                            
0000a2b2  __mspabi_sral_1                            
0000a2b8  __mspabi_slll_15                           
0000a2bc  __mspabi_slll_14                           
0000a2c0  __mspabi_slll_13                           
0000a2c4  __mspabi_slll_12                           
0000a2c8  __mspabi_slll_11                           
0000a2cc  __mspabi_slll_10                           
0000a2d0  __mspabi_slll_9                            
0000a2d4  __mspabi_slll_8                            
0000a2d8  __mspabi_slll_7                            
0000a2dc  __mspabi_slll_6                            
0000a2e0  __mspabi_slll_5                            
0000a2e4  __mspabi_slll_4                            
0000a2e8  __mspabi_slll_3                            
0000a2ec  __mspabi_slll_2                            
0000a2f0  __mspabi_slll_1                            
0000a2f6  __mspabi_srll_15                           
0000a2fa  __mspabi_srll_14                           
0000a2fe  __mspabi_srll_13                           
0000a302  __mspabi_srll_12                           
0000a306  __mspabi_srll_11                           
0000a30a  __mspabi_srll_10                           
0000a30e  __mspabi_srll_9                            
0000a312  __mspabi_srll_8                            
0000a316  __mspabi_srll_7                            
0000a31a  __mspabi_srll_6                            
0000a31e  __mspabi_srll_5                            
0000a322  __mspabi_srll_4                            
0000a326  __mspabi_srll_3                            
0000a32a  __mspabi_srll_2                            
0000a32e  __mspabi_srll_1                            
0000a334  lseek                                      
0000a372  memcpy                                     
0000a3ae  write                                      
0000a3ea  CS_turnOnLFXT                              
0000a424  __mspabi_sllll                             
0000a45e  __mspabi_srlll                             
0000a498  uxListRemove                               
0000a4d2  vTaskPlaceOnEventListRestricted            
0000a544  __TI_cleanup                               
0000a57a  __TI_writemsg                              
0000a5ac  C$$IO$$                                    
0000a5b0  finddevice                                 
0000a5e6  GPIO_setAsOutputPin                        
0000a64e  vTaskDelay                                 
0000a682  __mspabi_subd                              
0000a6b4  remove                                     
0000a6b4  unlink                                     
0000a6e4  vTaskPlaceOnEventList                      
0000a714  GPIO_selectInterruptEdge                   
0000a742  __mspabi_negd                              
0000a770  copysign                                   
0000a770  copysignl                                  
0000a854  vListInitialise                            
0000a880  vTimerCallback                             
0000a8d6  __mspabi_fixdi                             
0000a8fe  wcslen                                     
0000a926  xTaskGetTickCount                          
0000a94e  vApplicationSetupTimerInterrupt            
0000a94e  vPortSetupTimerInterrupt                   
0000a974  vListInsertEnd                             
0000a99a  __TI_zero_init_nomemset                    
0000a9be  pxPortInitialiseStack                      
0000a9e2  __mspabi_mpyl_f5hw                         
0000aa06  WDT_A_hold                                 
0000aa26  memchr                                     
0000aa46  memset                                     
0000aa66  GPIO_clearInterrupt                        
0000aa84  GPIO_enableInterrupt                       
0000aaa2  memccpy                                    
0000aac0  GPIO_setOutputHighOnPin                    
0000aadc  GPIO_setOutputLowOnPin                     
0000aaf8  GPIO_toggleOutputOnPin                     
0000ab14  pvTaskIncrementMutexHeldCount              
0000ab30  strchr                                     
0000ab4c  strcmp                                     
0000ab68  __mspabi_mpyi_f5hw                         
0000ab80  xTaskGetSchedulerState                     
0000ab98  __TI_decompress_none                       
0000ac06  __mspabi_divu                              
0000ac06  __mspabi_remu                              
0000ac1c  vTaskInternalSetTimeOutState               
0000ac30  CS_setDCOFreq                              
0000ac42  CS_setExternalClockSource                  
0000ac54  strcpy                                     
0000ac66  strlen                                     
0000ac78  toupper                                    
0000ac8a  __mspabi_sral                              
0000ac9a  __mspabi_slll                              
0000acaa  __mspabi_srll                              
0000acba  vConfigureTimerForRunTimeStats             
0000acca  __mspabi_fltid                             
0000acd6  _system_pre_init                           
0000ace2  main                                       
0000acee  vApplicationIdleHook                       
0000acfa  abs                                        
0000ad04  vApplicationMallocFailedHook               
0000ad0e  vApplicationStackOverflowHook              
0000ad18  vListInitialiseItem                        
0000ad20  PMM_unlockLPM5                             
0000ad2c  C$$EXIT                                    
0000ad2c  abort                                      
0000ad32  vTaskMissedYield                           
0000ad38  vTaskSuspendAll                            
0000ad42  _nop                                       
0000ad44  _system_post_cinit                         
0000ad46  vApplicationTickHook                       
0000ad48  _ctypes_                                   
0000af52  __TI_Handler_Table_Base                    
0000af5e  __TI_Handler_Table_Limit                   
0000af64  __TI_CINIT_Base                            
0000af74  __TI_CINIT_Limit                           
0000ffcc  __TI_int30                                 
0000ffce  __TI_int31                                 
0000ffd0  __TI_int32                                 
0000ffd2  __TI_int33                                 
0000ffd4  __TI_int34                                 
0000ffd6  __TI_int35                                 
0000ffd8  __TI_int36                                 
0000ffda  __TI_int37                                 
0000ffdc  __TI_int38                                 
0000ffde  __TI_int39                                 
0000ffe0  __TI_int40                                 
0000ffe2  __TI_int41                                 
0000ffe4  __TI_int42                                 
0000ffe6  __TI_int43                                 
0000ffe8  __TI_int44                                 
0000ffea  __TI_int45                                 
0000ffec  __TI_int46                                 
0000ffee  __TI_int47                                 
0000fff0  __TI_int48                                 
0000fff2  __TI_int49                                 
0000fff4  __TI_int50                                 
0000fff6  __TI_int51                                 
0000fff8  __TI_int52                                 
0000fffa  __TI_int53                                 
0000fffc  __TI_int54                                 
0000fffe  _reset_vector                              
00010000  __TI_frcdivd                               
00010466  __mspabi_divull                            
00010a9a  __mspabi_addd                              
00010d7a  __TI_printfi                               
00011028  __TI_frcmpyd                               
000112a8  __mspabi_mpyd                              
0001150e  __TI_frcaddd                               
0001197a  __mspabi_divd                              
00011fc4  xQueueSemaphoreTake                        
00012710  xQueueGenericSend                          
000128a8  xQueueReceive                              
00012cf8  fputs                                      
00012e52  ldexp                                      
00012e52  ldexpl                                     
00012e52  scalbn                                     
00012e52  scalbnl                                    
00012fac  pvPortMalloc                               
00013382  vTaskSwitchContext                         
000134b0  xTaskIncrementTick                         
000138dc  malloc                                     
000139d6  setvbuf                                    
00013bb8  __mspabi_cmpd                              
00013c90  xTaskResumeAll                             
00013e3e  free                                       
00013fce  __TI_readmsg                               
ffffffff  __TI_pprof_out_hndl                        
ffffffff  __TI_prof_data_size                        
ffffffff  __TI_prof_data_start                       
ffffffff  __c_args__                                 

[1074 symbols]
