<?xml version="1.0" encoding="ISO-8859-1" ?>
<link_info>
   <banner>MSP430 Linker PC v18.1.2.LTS</banner>
   <copyright>Copyright (c) 2003-2017 Texas Instruments Incorporated</copyright>
   <link_time>0x5c17843e</link_time>
   <link_errors>0x0</link_errors>
   <output_file>RTOSDemo.out</output_file>
   <entry_point>
      <name>_c_int00_noargs</name>
      <address>0x80c2</address>
   </entry_point>
   <input_file_list>
      <input_file id="fl-2">
         <path>.\</path>
         <kind>object</kind>
         <file>LEDs.obj</file>
         <name>LEDs.obj</name>
      </input_file>
      <input_file id="fl-3">
         <path>.\</path>
         <kind>object</kind>
         <file>knop.obj</file>
         <name>knop.obj</name>
      </input_file>
      <input_file id="fl-4">
         <path>.\</path>
         <kind>object</kind>
         <file>main.obj</file>
         <name>main.obj</name>
      </input_file>
      <input_file id="fl-5">
         <path>.\Blinky_Demo\</path>
         <kind>object</kind>
         <file>blinky2.obj</file>
         <name>blinky2.obj</name>
      </input_file>
      <input_file id="fl-6">
         <path>.\Blinky_Demo\</path>
         <kind>object</kind>
         <file>main_blinky.obj</file>
         <name>main_blinky.obj</name>
      </input_file>
      <input_file id="fl-7">
         <path>.\CCS_Only\</path>
         <kind>object</kind>
         <file>RegTest.obj</file>
         <name>RegTest.obj</name>
      </input_file>
      <input_file id="fl-8">
         <path>.\FreeRTOS_Source\</path>
         <kind>object</kind>
         <file>croutine.obj</file>
         <name>croutine.obj</name>
      </input_file>
      <input_file id="fl-9">
         <path>.\FreeRTOS_Source\</path>
         <kind>object</kind>
         <file>event_groups.obj</file>
         <name>event_groups.obj</name>
      </input_file>
      <input_file id="fl-a">
         <path>.\FreeRTOS_Source\</path>
         <kind>object</kind>
         <file>list.obj</file>
         <name>list.obj</name>
      </input_file>
      <input_file id="fl-b">
         <path>.\FreeRTOS_Source\</path>
         <kind>object</kind>
         <file>queue.obj</file>
         <name>queue.obj</name>
      </input_file>
      <input_file id="fl-c">
         <path>.\FreeRTOS_Source\</path>
         <kind>object</kind>
         <file>stream_buffer.obj</file>
         <name>stream_buffer.obj</name>
      </input_file>
      <input_file id="fl-d">
         <path>.\FreeRTOS_Source\</path>
         <kind>object</kind>
         <file>tasks.obj</file>
         <name>tasks.obj</name>
      </input_file>
      <input_file id="fl-e">
         <path>.\FreeRTOS_Source\</path>
         <kind>object</kind>
         <file>timers.obj</file>
         <name>timers.obj</name>
      </input_file>
      <input_file id="fl-f">
         <path>.\FreeRTOS_Source\portable\CCS\MSP430X\</path>
         <kind>object</kind>
         <file>port.obj</file>
         <name>port.obj</name>
      </input_file>
      <input_file id="fl-10">
         <path>.\FreeRTOS_Source\portable\CCS\MSP430X\</path>
         <kind>object</kind>
         <file>portext.obj</file>
         <name>portext.obj</name>
      </input_file>
      <input_file id="fl-11">
         <path>.\FreeRTOS_Source\portable\MemMang\</path>
         <kind>object</kind>
         <file>heap_4.obj</file>
         <name>heap_4.obj</name>
      </input_file>
      <input_file id="fl-12">
         <path>.\Full_Demo\FreeRTOS+CLI\</path>
         <kind>object</kind>
         <file>FreeRTOS_CLI.obj</file>
         <name>FreeRTOS_CLI.obj</name>
      </input_file>
      <input_file id="fl-13">
         <path>.\Full_Demo\</path>
         <kind>object</kind>
         <file>Sample-CLI-commands.obj</file>
         <name>Sample-CLI-commands.obj</name>
      </input_file>
      <input_file id="fl-14">
         <path>.\Full_Demo\</path>
         <kind>object</kind>
         <file>UARTCommandConsole.obj</file>
         <name>UARTCommandConsole.obj</name>
      </input_file>
      <input_file id="fl-15">
         <path>.\Full_Demo\</path>
         <kind>object</kind>
         <file>main_full.obj</file>
         <name>main_full.obj</name>
      </input_file>
      <input_file id="fl-16">
         <path>.\Full_Demo\</path>
         <kind>object</kind>
         <file>serial.obj</file>
         <name>serial.obj</name>
      </input_file>
      <input_file id="fl-17">
         <path>.\Full_Demo\Standard_Demo_Tasks\</path>
         <kind>object</kind>
         <file>EventGroupsDemo.obj</file>
         <name>EventGroupsDemo.obj</name>
      </input_file>
      <input_file id="fl-18">
         <path>.\Full_Demo\Standard_Demo_Tasks\</path>
         <kind>object</kind>
         <file>GenQTest.obj</file>
         <name>GenQTest.obj</name>
      </input_file>
      <input_file id="fl-19">
         <path>.\Full_Demo\Standard_Demo_Tasks\</path>
         <kind>object</kind>
         <file>TaskNotify.obj</file>
         <name>TaskNotify.obj</name>
      </input_file>
      <input_file id="fl-1a">
         <path>.\Full_Demo\Standard_Demo_Tasks\</path>
         <kind>object</kind>
         <file>blocktim.obj</file>
         <name>blocktim.obj</name>
      </input_file>
      <input_file id="fl-1b">
         <path>.\Full_Demo\Standard_Demo_Tasks\</path>
         <kind>object</kind>
         <file>countsem.obj</file>
         <name>countsem.obj</name>
      </input_file>
      <input_file id="fl-1c">
         <path>.\Full_Demo\Standard_Demo_Tasks\</path>
         <kind>object</kind>
         <file>dynamic.obj</file>
         <name>dynamic.obj</name>
      </input_file>
      <input_file id="fl-1d">
         <path>.\Full_Demo\Standard_Demo_Tasks\</path>
         <kind>object</kind>
         <file>recmutex.obj</file>
         <name>recmutex.obj</name>
      </input_file>
      <input_file id="fl-1e">
         <path>.\driverlib\MSP430FR5xx_6xx\</path>
         <kind>object</kind>
         <file>adc12_b.obj</file>
         <name>adc12_b.obj</name>
      </input_file>
      <input_file id="fl-1f">
         <path>.\driverlib\MSP430FR5xx_6xx\</path>
         <kind>object</kind>
         <file>aes256.obj</file>
         <name>aes256.obj</name>
      </input_file>
      <input_file id="fl-20">
         <path>.\driverlib\MSP430FR5xx_6xx\</path>
         <kind>object</kind>
         <file>comp_e.obj</file>
         <name>comp_e.obj</name>
      </input_file>
      <input_file id="fl-21">
         <path>.\driverlib\MSP430FR5xx_6xx\</path>
         <kind>object</kind>
         <file>crc.obj</file>
         <name>crc.obj</name>
      </input_file>
      <input_file id="fl-22">
         <path>.\driverlib\MSP430FR5xx_6xx\</path>
         <kind>object</kind>
         <file>crc32.obj</file>
         <name>crc32.obj</name>
      </input_file>
      <input_file id="fl-23">
         <path>.\driverlib\MSP430FR5xx_6xx\</path>
         <kind>object</kind>
         <file>cs.obj</file>
         <name>cs.obj</name>
      </input_file>
      <input_file id="fl-24">
         <path>.\driverlib\MSP430FR5xx_6xx\</path>
         <kind>object</kind>
         <file>dma.obj</file>
         <name>dma.obj</name>
      </input_file>
      <input_file id="fl-25">
         <path>.\driverlib\MSP430FR5xx_6xx\</path>
         <kind>object</kind>
         <file>esi.obj</file>
         <name>esi.obj</name>
      </input_file>
      <input_file id="fl-26">
         <path>.\driverlib\MSP430FR5xx_6xx\</path>
         <kind>object</kind>
         <file>eusci_a_spi.obj</file>
         <name>eusci_a_spi.obj</name>
      </input_file>
      <input_file id="fl-27">
         <path>.\driverlib\MSP430FR5xx_6xx\</path>
         <kind>object</kind>
         <file>eusci_a_uart.obj</file>
         <name>eusci_a_uart.obj</name>
      </input_file>
      <input_file id="fl-28">
         <path>.\driverlib\MSP430FR5xx_6xx\</path>
         <kind>object</kind>
         <file>eusci_b_i2c.obj</file>
         <name>eusci_b_i2c.obj</name>
      </input_file>
      <input_file id="fl-29">
         <path>.\driverlib\MSP430FR5xx_6xx\</path>
         <kind>object</kind>
         <file>eusci_b_spi.obj</file>
         <name>eusci_b_spi.obj</name>
      </input_file>
      <input_file id="fl-2a">
         <path>.\driverlib\MSP430FR5xx_6xx\</path>
         <kind>object</kind>
         <file>framctl.obj</file>
         <name>framctl.obj</name>
      </input_file>
      <input_file id="fl-2b">
         <path>.\driverlib\MSP430FR5xx_6xx\</path>
         <kind>object</kind>
         <file>gpio.obj</file>
         <name>gpio.obj</name>
      </input_file>
      <input_file id="fl-2c">
         <path>.\driverlib\MSP430FR5xx_6xx\</path>
         <kind>object</kind>
         <file>lcd_c.obj</file>
         <name>lcd_c.obj</name>
      </input_file>
      <input_file id="fl-2d">
         <path>.\driverlib\MSP430FR5xx_6xx\</path>
         <kind>object</kind>
         <file>mpu.obj</file>
         <name>mpu.obj</name>
      </input_file>
      <input_file id="fl-2e">
         <path>.\driverlib\MSP430FR5xx_6xx\</path>
         <kind>object</kind>
         <file>mpy32.obj</file>
         <name>mpy32.obj</name>
      </input_file>
      <input_file id="fl-2f">
         <path>.\driverlib\MSP430FR5xx_6xx\</path>
         <kind>object</kind>
         <file>pmm.obj</file>
         <name>pmm.obj</name>
      </input_file>
      <input_file id="fl-30">
         <path>.\driverlib\MSP430FR5xx_6xx\</path>
         <kind>object</kind>
         <file>ram.obj</file>
         <name>ram.obj</name>
      </input_file>
      <input_file id="fl-31">
         <path>.\driverlib\MSP430FR5xx_6xx\</path>
         <kind>object</kind>
         <file>ref_a.obj</file>
         <name>ref_a.obj</name>
      </input_file>
      <input_file id="fl-32">
         <path>.\driverlib\MSP430FR5xx_6xx\</path>
         <kind>object</kind>
         <file>rtc_b.obj</file>
         <name>rtc_b.obj</name>
      </input_file>
      <input_file id="fl-33">
         <path>.\driverlib\MSP430FR5xx_6xx\</path>
         <kind>object</kind>
         <file>rtc_c.obj</file>
         <name>rtc_c.obj</name>
      </input_file>
      <input_file id="fl-34">
         <path>.\driverlib\MSP430FR5xx_6xx\</path>
         <kind>object</kind>
         <file>sfr.obj</file>
         <name>sfr.obj</name>
      </input_file>
      <input_file id="fl-35">
         <path>.\driverlib\MSP430FR5xx_6xx\</path>
         <kind>object</kind>
         <file>sysctl.obj</file>
         <name>sysctl.obj</name>
      </input_file>
      <input_file id="fl-36">
         <path>.\driverlib\MSP430FR5xx_6xx\</path>
         <kind>object</kind>
         <file>timer_a.obj</file>
         <name>timer_a.obj</name>
      </input_file>
      <input_file id="fl-37">
         <path>.\driverlib\MSP430FR5xx_6xx\</path>
         <kind>object</kind>
         <file>timer_b.obj</file>
         <name>timer_b.obj</name>
      </input_file>
      <input_file id="fl-38">
         <path>.\driverlib\MSP430FR5xx_6xx\</path>
         <kind>object</kind>
         <file>tlv.obj</file>
         <name>tlv.obj</name>
      </input_file>
      <input_file id="fl-39">
         <path>.\driverlib\MSP430FR5xx_6xx\</path>
         <kind>object</kind>
         <file>wdt_a.obj</file>
         <name>wdt_a.obj</name>
      </input_file>
      <input_file id="fl-3f">
         <kind>object</kind>
         <file>&lt;internal&gt;</file>
         <name>&lt;internal&gt;</name>
      </input_file>
      <input_file id="fl-5a">
         <path>C:\ti\ccsv8\tools\compiler\ti-cgt-msp430_18.1.2.LTS\lib\</path>
         <kind>archive</kind>
         <file>rts430x_lc_ld_eabi.lib</file>
         <name>copy_decompress_lzss.c.obj</name>
      </input_file>
      <input_file id="fl-5b">
         <path>C:\ti\ccsv8\tools\compiler\ti-cgt-msp430_18.1.2.LTS\lib\</path>
         <kind>archive</kind>
         <file>rts430x_lc_ld_eabi.lib</file>
         <name>copy_decompress_none.c.obj</name>
      </input_file>
      <input_file id="fl-5c">
         <path>C:\ti\ccsv8\tools\compiler\ti-cgt-msp430_18.1.2.LTS\lib\</path>
         <kind>archive</kind>
         <file>rts430x_lc_ld_eabi.lib</file>
         <name>int30.asm.obj</name>
      </input_file>
      <input_file id="fl-5d">
         <path>C:\ti\ccsv8\tools\compiler\ti-cgt-msp430_18.1.2.LTS\lib\</path>
         <kind>archive</kind>
         <file>rts430x_lc_ld_eabi.lib</file>
         <name>isr_trap.asm.obj</name>
      </input_file>
      <input_file id="fl-5e">
         <path>C:\ti\ccsv8\tools\compiler\ti-cgt-msp430_18.1.2.LTS\lib\</path>
         <kind>archive</kind>
         <file>rts430x_lc_ld_eabi.lib</file>
         <name>int31.asm.obj</name>
      </input_file>
      <input_file id="fl-5f">
         <path>C:\ti\ccsv8\tools\compiler\ti-cgt-msp430_18.1.2.LTS\lib\</path>
         <kind>archive</kind>
         <file>rts430x_lc_ld_eabi.lib</file>
         <name>int32.asm.obj</name>
      </input_file>
      <input_file id="fl-60">
         <path>C:\ti\ccsv8\tools\compiler\ti-cgt-msp430_18.1.2.LTS\lib\</path>
         <kind>archive</kind>
         <file>rts430x_lc_ld_eabi.lib</file>
         <name>int33.asm.obj</name>
      </input_file>
      <input_file id="fl-61">
         <path>C:\ti\ccsv8\tools\compiler\ti-cgt-msp430_18.1.2.LTS\lib\</path>
         <kind>archive</kind>
         <file>rts430x_lc_ld_eabi.lib</file>
         <name>int34.asm.obj</name>
      </input_file>
      <input_file id="fl-62">
         <path>C:\ti\ccsv8\tools\compiler\ti-cgt-msp430_18.1.2.LTS\lib\</path>
         <kind>archive</kind>
         <file>rts430x_lc_ld_eabi.lib</file>
         <name>int35.asm.obj</name>
      </input_file>
      <input_file id="fl-63">
         <path>C:\ti\ccsv8\tools\compiler\ti-cgt-msp430_18.1.2.LTS\lib\</path>
         <kind>archive</kind>
         <file>rts430x_lc_ld_eabi.lib</file>
         <name>int36.asm.obj</name>
      </input_file>
      <input_file id="fl-64">
         <path>C:\ti\ccsv8\tools\compiler\ti-cgt-msp430_18.1.2.LTS\lib\</path>
         <kind>archive</kind>
         <file>rts430x_lc_ld_eabi.lib</file>
         <name>int37.asm.obj</name>
      </input_file>
      <input_file id="fl-65">
         <path>C:\ti\ccsv8\tools\compiler\ti-cgt-msp430_18.1.2.LTS\lib\</path>
         <kind>archive</kind>
         <file>rts430x_lc_ld_eabi.lib</file>
         <name>int38.asm.obj</name>
      </input_file>
      <input_file id="fl-66">
         <path>C:\ti\ccsv8\tools\compiler\ti-cgt-msp430_18.1.2.LTS\lib\</path>
         <kind>archive</kind>
         <file>rts430x_lc_ld_eabi.lib</file>
         <name>int41.asm.obj</name>
      </input_file>
      <input_file id="fl-67">
         <path>C:\ti\ccsv8\tools\compiler\ti-cgt-msp430_18.1.2.LTS\lib\</path>
         <kind>archive</kind>
         <file>rts430x_lc_ld_eabi.lib</file>
         <name>int42.asm.obj</name>
      </input_file>
      <input_file id="fl-68">
         <path>C:\ti\ccsv8\tools\compiler\ti-cgt-msp430_18.1.2.LTS\lib\</path>
         <kind>archive</kind>
         <file>rts430x_lc_ld_eabi.lib</file>
         <name>int43.asm.obj</name>
      </input_file>
      <input_file id="fl-69">
         <path>C:\ti\ccsv8\tools\compiler\ti-cgt-msp430_18.1.2.LTS\lib\</path>
         <kind>archive</kind>
         <file>rts430x_lc_ld_eabi.lib</file>
         <name>int44.asm.obj</name>
      </input_file>
      <input_file id="fl-6a">
         <path>C:\ti\ccsv8\tools\compiler\ti-cgt-msp430_18.1.2.LTS\lib\</path>
         <kind>archive</kind>
         <file>rts430x_lc_ld_eabi.lib</file>
         <name>int46.asm.obj</name>
      </input_file>
      <input_file id="fl-6b">
         <path>C:\ti\ccsv8\tools\compiler\ti-cgt-msp430_18.1.2.LTS\lib\</path>
         <kind>archive</kind>
         <file>rts430x_lc_ld_eabi.lib</file>
         <name>int47.asm.obj</name>
      </input_file>
      <input_file id="fl-6c">
         <path>C:\ti\ccsv8\tools\compiler\ti-cgt-msp430_18.1.2.LTS\lib\</path>
         <kind>archive</kind>
         <file>rts430x_lc_ld_eabi.lib</file>
         <name>int49.asm.obj</name>
      </input_file>
      <input_file id="fl-6d">
         <path>C:\ti\ccsv8\tools\compiler\ti-cgt-msp430_18.1.2.LTS\lib\</path>
         <kind>archive</kind>
         <file>rts430x_lc_ld_eabi.lib</file>
         <name>int50.asm.obj</name>
      </input_file>
      <input_file id="fl-6e">
         <path>C:\ti\ccsv8\tools\compiler\ti-cgt-msp430_18.1.2.LTS\lib\</path>
         <kind>archive</kind>
         <file>rts430x_lc_ld_eabi.lib</file>
         <name>int51.asm.obj</name>
      </input_file>
      <input_file id="fl-6f">
         <path>C:\ti\ccsv8\tools\compiler\ti-cgt-msp430_18.1.2.LTS\lib\</path>
         <kind>archive</kind>
         <file>rts430x_lc_ld_eabi.lib</file>
         <name>int52.asm.obj</name>
      </input_file>
      <input_file id="fl-70">
         <path>C:\ti\ccsv8\tools\compiler\ti-cgt-msp430_18.1.2.LTS\lib\</path>
         <kind>archive</kind>
         <file>rts430x_lc_ld_eabi.lib</file>
         <name>int53.asm.obj</name>
      </input_file>
      <input_file id="fl-71">
         <path>C:\ti\ccsv8\tools\compiler\ti-cgt-msp430_18.1.2.LTS\lib\</path>
         <kind>archive</kind>
         <file>rts430x_lc_ld_eabi.lib</file>
         <name>int54.asm.obj</name>
      </input_file>
      <input_file id="fl-72">
         <path>C:\ti\ccsv8\tools\compiler\ti-cgt-msp430_18.1.2.LTS\lib\</path>
         <kind>archive</kind>
         <file>rts430x_lc_ld_eabi.lib</file>
         <name>copy_zero_init.c.obj</name>
      </input_file>
      <input_file id="fl-73">
         <path>C:\ti\ccsv8\tools\compiler\ti-cgt-msp430_18.1.2.LTS\lib\</path>
         <kind>archive</kind>
         <file>rts430x_lc_ld_eabi.lib</file>
         <name>div16s.asm.obj</name>
      </input_file>
      <input_file id="fl-74">
         <path>C:\ti\ccsv8\tools\compiler\ti-cgt-msp430_18.1.2.LTS\lib\</path>
         <kind>archive</kind>
         <file>rts430x_lc_ld_eabi.lib</file>
         <name>div32s.asm.obj</name>
      </input_file>
      <input_file id="fl-75">
         <path>C:\ti\ccsv8\tools\compiler\ti-cgt-msp430_18.1.2.LTS\lib\</path>
         <kind>archive</kind>
         <file>rts430x_lc_ld_eabi.lib</file>
         <name>div16u.asm.obj</name>
      </input_file>
      <input_file id="fl-76">
         <path>C:\ti\ccsv8\tools\compiler\ti-cgt-msp430_18.1.2.LTS\lib\</path>
         <kind>archive</kind>
         <file>rts430x_lc_ld_eabi.lib</file>
         <name>div32u.asm.obj</name>
      </input_file>
      <input_file id="fl-77">
         <path>C:\ti\ccsv8\tools\compiler\ti-cgt-msp430_18.1.2.LTS\lib\</path>
         <kind>archive</kind>
         <file>rts430x_lc_ld_eabi.lib</file>
         <name>mult16.asm.obj</name>
      </input_file>
      <input_file id="fl-78">
         <path>C:\ti\ccsv8\tools\compiler\ti-cgt-msp430_18.1.2.LTS\lib\</path>
         <kind>archive</kind>
         <file>rts430x_lc_ld_eabi.lib</file>
         <name>mult16_f5hw.asm.obj</name>
      </input_file>
      <input_file id="fl-79">
         <path>C:\ti\ccsv8\tools\compiler\ti-cgt-msp430_18.1.2.LTS\lib\</path>
         <kind>archive</kind>
         <file>rts430x_lc_ld_eabi.lib</file>
         <name>mult32.asm.obj</name>
      </input_file>
      <input_file id="fl-7a">
         <path>C:\ti\ccsv8\tools\compiler\ti-cgt-msp430_18.1.2.LTS\lib\</path>
         <kind>archive</kind>
         <file>rts430x_lc_ld_eabi.lib</file>
         <name>mult32_f5hw.asm.obj</name>
      </input_file>
      <input_file id="fl-7b">
         <path>C:\ti\ccsv8\tools\compiler\ti-cgt-msp430_18.1.2.LTS\lib\</path>
         <kind>archive</kind>
         <file>rts430x_lc_ld_eabi.lib</file>
         <name>mult64_f5hw.asm.obj</name>
      </input_file>
      <input_file id="fl-7c">
         <path>C:\ti\ccsv8\tools\compiler\ti-cgt-msp430_18.1.2.LTS\lib\</path>
         <kind>archive</kind>
         <file>rts430x_lc_ld_eabi.lib</file>
         <name>mult1632_f5hw.asm.obj</name>
      </input_file>
      <input_file id="fl-7d">
         <path>C:\ti\ccsv8\tools\compiler\ti-cgt-msp430_18.1.2.LTS\lib\</path>
         <kind>archive</kind>
         <file>rts430x_lc_ld_eabi.lib</file>
         <name>mult3264_f5hw.asm.obj</name>
      </input_file>
      <input_file id="fl-7e">
         <path>C:\ti\ccsv8\tools\compiler\ti-cgt-msp430_18.1.2.LTS\lib\</path>
         <kind>archive</kind>
         <file>rts430x_lc_ld_eabi.lib</file>
         <name>lsl16.asm.obj</name>
      </input_file>
      <input_file id="fl-7f">
         <path>C:\ti\ccsv8\tools\compiler\ti-cgt-msp430_18.1.2.LTS\lib\</path>
         <kind>archive</kind>
         <file>rts430x_lc_ld_eabi.lib</file>
         <name>lsr32.asm.obj</name>
      </input_file>
      <input_file id="fl-80">
         <path>C:\ti\ccsv8\tools\compiler\ti-cgt-msp430_18.1.2.LTS\lib\</path>
         <kind>archive</kind>
         <file>rts430x_lc_ld_eabi.lib</file>
         <name>boot.c.obj</name>
      </input_file>
      <input_file id="fl-81">
         <path>C:\ti\ccsv8\tools\compiler\ti-cgt-msp430_18.1.2.LTS\lib\</path>
         <kind>archive</kind>
         <file>rts430x_lc_ld_eabi.lib</file>
         <name>mpu_init.c.obj</name>
      </input_file>
      <input_file id="fl-82">
         <path>C:\ti\ccsv8\tools\compiler\ti-cgt-msp430_18.1.2.LTS\lib\</path>
         <kind>archive</kind>
         <file>rts430x_lc_ld_eabi.lib</file>
         <name>args_main.c.obj</name>
      </input_file>
      <input_file id="fl-83">
         <path>C:\ti\ccsv8\tools\compiler\ti-cgt-msp430_18.1.2.LTS\lib\</path>
         <kind>archive</kind>
         <file>rts430x_lc_ld_eabi.lib</file>
         <name>autoinit.c.obj</name>
      </input_file>
      <input_file id="fl-84">
         <path>C:\ti\ccsv8\tools\compiler\ti-cgt-msp430_18.1.2.LTS\lib\</path>
         <kind>archive</kind>
         <file>rts430x_lc_ld_eabi.lib</file>
         <name>asr32.asm.obj</name>
      </input_file>
      <input_file id="fl-85">
         <path>C:\ti\ccsv8\tools\compiler\ti-cgt-msp430_18.1.2.LTS\lib\</path>
         <kind>archive</kind>
         <file>rts430x_lc_ld_eabi.lib</file>
         <name>startup.c.obj</name>
      </input_file>
      <input_file id="fl-86">
         <path>C:\ti\ccsv8\tools\compiler\ti-cgt-msp430_18.1.2.LTS\lib\</path>
         <kind>archive</kind>
         <file>rts430x_lc_ld_eabi.lib</file>
         <name>cpy_tbl.c.obj</name>
      </input_file>
      <input_file id="fl-87">
         <path>C:\ti\ccsv8\tools\compiler\ti-cgt-msp430_18.1.2.LTS\lib\</path>
         <kind>archive</kind>
         <file>rts430x_lc_ld_eabi.lib</file>
         <name>exit.c.obj</name>
      </input_file>
      <input_file id="fl-88">
         <path>C:\ti\ccsv8\tools\compiler\ti-cgt-msp430_18.1.2.LTS\lib\</path>
         <kind>archive</kind>
         <file>rts430x_lc_ld_eabi.lib</file>
         <name>exit_gvars.c.obj</name>
      </input_file>
      <input_file id="fl-89">
         <path>C:\ti\ccsv8\tools\compiler\ti-cgt-msp430_18.1.2.LTS\lib\</path>
         <kind>archive</kind>
         <file>rts430x_lc_ld_eabi.lib</file>
         <name>_lock.c.obj</name>
      </input_file>
      <input_file id="fl-8a">
         <path>C:\ti\ccsv8\tools\compiler\ti-cgt-msp430_18.1.2.LTS\lib\</path>
         <kind>archive</kind>
         <file>rts430x_lc_ld_eabi.lib</file>
         <name>memcpy.c.obj</name>
      </input_file>
      <input_file id="fl-8b">
         <path>C:\ti\ccsv8\tools\compiler\ti-cgt-msp430_18.1.2.LTS\lib\</path>
         <kind>archive</kind>
         <file>rts430x_lc_ld_eabi.lib</file>
         <name>memset.c.obj</name>
      </input_file>
      <input_file id="fl-8c">
         <path>C:\ti\ccsv8\tools\compiler\ti-cgt-msp430_18.1.2.LTS\lib\</path>
         <kind>archive</kind>
         <file>rts430x_lc_ld_eabi.lib</file>
         <name>printf.c.obj</name>
      </input_file>
      <input_file id="fl-8d">
         <path>C:\ti\ccsv8\tools\compiler\ti-cgt-msp430_18.1.2.LTS\lib\</path>
         <kind>archive</kind>
         <file>rts430x_lc_ld_eabi.lib</file>
         <name>_printfi.c.obj</name>
      </input_file>
      <input_file id="fl-8e">
         <path>C:\ti\ccsv8\tools\compiler\ti-cgt-msp430_18.1.2.LTS\lib\</path>
         <kind>archive</kind>
         <file>rts430x_lc_ld_eabi.lib</file>
         <name>cmpd.c.obj</name>
      </input_file>
      <input_file id="fl-8f">
         <path>C:\ti\ccsv8\tools\compiler\ti-cgt-msp430_18.1.2.LTS\lib\</path>
         <kind>archive</kind>
         <file>rts430x_lc_ld_eabi.lib</file>
         <name>divd.c.obj</name>
      </input_file>
      <input_file id="fl-90">
         <path>C:\ti\ccsv8\tools\compiler\ti-cgt-msp430_18.1.2.LTS\lib\</path>
         <kind>archive</kind>
         <file>rts430x_lc_ld_eabi.lib</file>
         <name>frcdivd.c.obj</name>
      </input_file>
      <input_file id="fl-91">
         <path>C:\ti\ccsv8\tools\compiler\ti-cgt-msp430_18.1.2.LTS\lib\</path>
         <kind>archive</kind>
         <file>rts430x_lc_ld_eabi.lib</file>
         <name>div64u.c.obj</name>
      </input_file>
      <input_file id="fl-92">
         <path>C:\ti\ccsv8\tools\compiler\ti-cgt-msp430_18.1.2.LTS\lib\</path>
         <kind>archive</kind>
         <file>rts430x_lc_ld_eabi.lib</file>
         <name>fixdi.c.obj</name>
      </input_file>
      <input_file id="fl-93">
         <path>C:\ti\ccsv8\tools\compiler\ti-cgt-msp430_18.1.2.LTS\lib\</path>
         <kind>archive</kind>
         <file>rts430x_lc_ld_eabi.lib</file>
         <name>fixdli.c.obj</name>
      </input_file>
      <input_file id="fl-94">
         <path>C:\ti\ccsv8\tools\compiler\ti-cgt-msp430_18.1.2.LTS\lib\</path>
         <kind>archive</kind>
         <file>rts430x_lc_ld_eabi.lib</file>
         <name>fltid.c.obj</name>
      </input_file>
      <input_file id="fl-95">
         <path>C:\ti\ccsv8\tools\compiler\ti-cgt-msp430_18.1.2.LTS\lib\</path>
         <kind>archive</kind>
         <file>rts430x_lc_ld_eabi.lib</file>
         <name>fltlid.c.obj</name>
      </input_file>
      <input_file id="fl-96">
         <path>C:\ti\ccsv8\tools\compiler\ti-cgt-msp430_18.1.2.LTS\lib\</path>
         <kind>archive</kind>
         <file>rts430x_lc_ld_eabi.lib</file>
         <name>mpyd.c.obj</name>
      </input_file>
      <input_file id="fl-97">
         <path>C:\ti\ccsv8\tools\compiler\ti-cgt-msp430_18.1.2.LTS\lib\</path>
         <kind>archive</kind>
         <file>rts430x_lc_ld_eabi.lib</file>
         <name>frcmpyd.c.obj</name>
      </input_file>
      <input_file id="fl-98">
         <path>C:\ti\ccsv8\tools\compiler\ti-cgt-msp430_18.1.2.LTS\lib\</path>
         <kind>archive</kind>
         <file>rts430x_lc_ld_eabi.lib</file>
         <name>negd.c.obj</name>
      </input_file>
      <input_file id="fl-99">
         <path>C:\ti\ccsv8\tools\compiler\ti-cgt-msp430_18.1.2.LTS\lib\</path>
         <kind>archive</kind>
         <file>rts430x_lc_ld_eabi.lib</file>
         <name>lsl32.asm.obj</name>
      </input_file>
      <input_file id="fl-9a">
         <path>C:\ti\ccsv8\tools\compiler\ti-cgt-msp430_18.1.2.LTS\lib\</path>
         <kind>archive</kind>
         <file>rts430x_lc_ld_eabi.lib</file>
         <name>lsl64.c.obj</name>
      </input_file>
      <input_file id="fl-9b">
         <path>C:\ti\ccsv8\tools\compiler\ti-cgt-msp430_18.1.2.LTS\lib\</path>
         <kind>archive</kind>
         <file>rts430x_lc_ld_eabi.lib</file>
         <name>lsr64.c.obj</name>
      </input_file>
      <input_file id="fl-9c">
         <path>C:\ti\ccsv8\tools\compiler\ti-cgt-msp430_18.1.2.LTS\lib\</path>
         <kind>archive</kind>
         <file>rts430x_lc_ld_eabi.lib</file>
         <name>subd.c.obj</name>
      </input_file>
      <input_file id="fl-9d">
         <path>C:\ti\ccsv8\tools\compiler\ti-cgt-msp430_18.1.2.LTS\lib\</path>
         <kind>archive</kind>
         <file>rts430x_lc_ld_eabi.lib</file>
         <name>addd.c.obj</name>
      </input_file>
      <input_file id="fl-9e">
         <path>C:\ti\ccsv8\tools\compiler\ti-cgt-msp430_18.1.2.LTS\lib\</path>
         <kind>archive</kind>
         <file>rts430x_lc_ld_eabi.lib</file>
         <name>frcaddd.c.obj</name>
      </input_file>
      <input_file id="fl-9f">
         <path>C:\ti\ccsv8\tools\compiler\ti-cgt-msp430_18.1.2.LTS\lib\</path>
         <kind>archive</kind>
         <file>rts430x_lc_ld_eabi.lib</file>
         <name>renormd.c.obj</name>
      </input_file>
      <input_file id="fl-a0">
         <path>C:\ti\ccsv8\tools\compiler\ti-cgt-msp430_18.1.2.LTS\lib\</path>
         <kind>archive</kind>
         <file>rts430x_lc_ld_eabi.lib</file>
         <name>defs.c.obj</name>
      </input_file>
      <input_file id="fl-a1">
         <path>C:\ti\ccsv8\tools\compiler\ti-cgt-msp430_18.1.2.LTS\lib\</path>
         <kind>archive</kind>
         <file>rts430x_lc_ld_eabi.lib</file>
         <name>abs.c.obj</name>
      </input_file>
      <input_file id="fl-a2">
         <path>C:\ti\ccsv8\tools\compiler\ti-cgt-msp430_18.1.2.LTS\lib\</path>
         <kind>archive</kind>
         <file>rts430x_lc_ld_eabi.lib</file>
         <name>atoi.c.obj</name>
      </input_file>
      <input_file id="fl-a3">
         <path>C:\ti\ccsv8\tools\compiler\ti-cgt-msp430_18.1.2.LTS\lib\</path>
         <kind>archive</kind>
         <file>rts430x_lc_ld_eabi.lib</file>
         <name>ctype.c.obj</name>
      </input_file>
      <input_file id="fl-a4">
         <path>C:\ti\ccsv8\tools\compiler\ti-cgt-msp430_18.1.2.LTS\lib\</path>
         <kind>archive</kind>
         <file>rts430x_lc_ld_eabi.lib</file>
         <name>errno.c.obj</name>
      </input_file>
      <input_file id="fl-a5">
         <path>C:\ti\ccsv8\tools\compiler\ti-cgt-msp430_18.1.2.LTS\lib\</path>
         <kind>archive</kind>
         <file>rts430x_lc_ld_eabi.lib</file>
         <name>fputc.c.obj</name>
      </input_file>
      <input_file id="fl-a6">
         <path>C:\ti\ccsv8\tools\compiler\ti-cgt-msp430_18.1.2.LTS\lib\</path>
         <kind>archive</kind>
         <file>rts430x_lc_ld_eabi.lib</file>
         <name>fflush.c.obj</name>
      </input_file>
      <input_file id="fl-a7">
         <path>C:\ti\ccsv8\tools\compiler\ti-cgt-msp430_18.1.2.LTS\lib\</path>
         <kind>archive</kind>
         <file>rts430x_lc_ld_eabi.lib</file>
         <name>_io_perm.c.obj</name>
      </input_file>
      <input_file id="fl-a8">
         <path>C:\ti\ccsv8\tools\compiler\ti-cgt-msp430_18.1.2.LTS\lib\</path>
         <kind>archive</kind>
         <file>rts430x_lc_ld_eabi.lib</file>
         <name>fputs.c.obj</name>
      </input_file>
      <input_file id="fl-a9">
         <path>C:\ti\ccsv8\tools\compiler\ti-cgt-msp430_18.1.2.LTS\lib\</path>
         <kind>archive</kind>
         <file>rts430x_lc_ld_eabi.lib</file>
         <name>s_frexp.c.obj</name>
      </input_file>
      <input_file id="fl-aa">
         <path>C:\ti\ccsv8\tools\compiler\ti-cgt-msp430_18.1.2.LTS\lib\</path>
         <kind>archive</kind>
         <file>rts430x_lc_ld_eabi.lib</file>
         <name>fseek.c.obj</name>
      </input_file>
      <input_file id="fl-ab">
         <path>C:\ti\ccsv8\tools\compiler\ti-cgt-msp430_18.1.2.LTS\lib\</path>
         <kind>archive</kind>
         <file>rts430x_lc_ld_eabi.lib</file>
         <name>s_scalbn.c.obj</name>
      </input_file>
      <input_file id="fl-ac">
         <path>C:\ti\ccsv8\tools\compiler\ti-cgt-msp430_18.1.2.LTS\lib\</path>
         <kind>archive</kind>
         <file>rts430x_lc_ld_eabi.lib</file>
         <name>s_copysign.c.obj</name>
      </input_file>
      <input_file id="fl-ad">
         <path>C:\ti\ccsv8\tools\compiler\ti-cgt-msp430_18.1.2.LTS\lib\</path>
         <kind>archive</kind>
         <file>rts430x_lc_ld_eabi.lib</file>
         <name>lseek.c.obj</name>
      </input_file>
      <input_file id="fl-ae">
         <path>C:\ti\ccsv8\tools\compiler\ti-cgt-msp430_18.1.2.LTS\lib\</path>
         <kind>archive</kind>
         <file>rts430x_lc_ld_eabi.lib</file>
         <name>write.c.obj</name>
      </input_file>
      <input_file id="fl-af">
         <path>C:\ti\ccsv8\tools\compiler\ti-cgt-msp430_18.1.2.LTS\lib\</path>
         <kind>archive</kind>
         <file>rts430x_lc_ld_eabi.lib</file>
         <name>hostclose.c.obj</name>
      </input_file>
      <input_file id="fl-b0">
         <path>C:\ti\ccsv8\tools\compiler\ti-cgt-msp430_18.1.2.LTS\lib\</path>
         <kind>archive</kind>
         <file>rts430x_lc_ld_eabi.lib</file>
         <name>hostlseek.c.obj</name>
      </input_file>
      <input_file id="fl-b1">
         <path>C:\ti\ccsv8\tools\compiler\ti-cgt-msp430_18.1.2.LTS\lib\</path>
         <kind>archive</kind>
         <file>rts430x_lc_ld_eabi.lib</file>
         <name>hostopen.c.obj</name>
      </input_file>
      <input_file id="fl-b2">
         <path>C:\ti\ccsv8\tools\compiler\ti-cgt-msp430_18.1.2.LTS\lib\</path>
         <kind>archive</kind>
         <file>rts430x_lc_ld_eabi.lib</file>
         <name>hostread.c.obj</name>
      </input_file>
      <input_file id="fl-b3">
         <path>C:\ti\ccsv8\tools\compiler\ti-cgt-msp430_18.1.2.LTS\lib\</path>
         <kind>archive</kind>
         <file>rts430x_lc_ld_eabi.lib</file>
         <name>hostrename.c.obj</name>
      </input_file>
      <input_file id="fl-b4">
         <path>C:\ti\ccsv8\tools\compiler\ti-cgt-msp430_18.1.2.LTS\lib\</path>
         <kind>archive</kind>
         <file>rts430x_lc_ld_eabi.lib</file>
         <name>hostunlink.c.obj</name>
      </input_file>
      <input_file id="fl-b5">
         <path>C:\ti\ccsv8\tools\compiler\ti-cgt-msp430_18.1.2.LTS\lib\</path>
         <kind>archive</kind>
         <file>rts430x_lc_ld_eabi.lib</file>
         <name>hostwrite.c.obj</name>
      </input_file>
      <input_file id="fl-b6">
         <path>C:\ti\ccsv8\tools\compiler\ti-cgt-msp430_18.1.2.LTS\lib\</path>
         <kind>archive</kind>
         <file>rts430x_lc_ld_eabi.lib</file>
         <name>trgmsg.c.obj</name>
      </input_file>
      <input_file id="fl-b7">
         <path>C:\ti\ccsv8\tools\compiler\ti-cgt-msp430_18.1.2.LTS\lib\</path>
         <kind>archive</kind>
         <file>rts430x_lc_ld_eabi.lib</file>
         <name>ltoa.c.obj</name>
      </input_file>
      <input_file id="fl-b8">
         <path>C:\ti\ccsv8\tools\compiler\ti-cgt-msp430_18.1.2.LTS\lib\</path>
         <kind>archive</kind>
         <file>rts430x_lc_ld_eabi.lib</file>
         <name>memccpy.c.obj</name>
      </input_file>
      <input_file id="fl-b9">
         <path>C:\ti\ccsv8\tools\compiler\ti-cgt-msp430_18.1.2.LTS\lib\</path>
         <kind>archive</kind>
         <file>rts430x_lc_ld_eabi.lib</file>
         <name>memchr.c.obj</name>
      </input_file>
      <input_file id="fl-ba">
         <path>C:\ti\ccsv8\tools\compiler\ti-cgt-msp430_18.1.2.LTS\lib\</path>
         <kind>archive</kind>
         <file>rts430x_lc_ld_eabi.lib</file>
         <name>setvbuf.c.obj</name>
      </input_file>
      <input_file id="fl-bb">
         <path>C:\ti\ccsv8\tools\compiler\ti-cgt-msp430_18.1.2.LTS\lib\</path>
         <kind>archive</kind>
         <file>rts430x_lc_ld_eabi.lib</file>
         <name>fopen.c.obj</name>
      </input_file>
      <input_file id="fl-bc">
         <path>C:\ti\ccsv8\tools\compiler\ti-cgt-msp430_18.1.2.LTS\lib\</path>
         <kind>archive</kind>
         <file>rts430x_lc_ld_eabi.lib</file>
         <name>fclose.c.obj</name>
      </input_file>
      <input_file id="fl-bd">
         <path>C:\ti\ccsv8\tools\compiler\ti-cgt-msp430_18.1.2.LTS\lib\</path>
         <kind>archive</kind>
         <file>rts430x_lc_ld_eabi.lib</file>
         <name>close.c.obj</name>
      </input_file>
      <input_file id="fl-be">
         <path>C:\ti\ccsv8\tools\compiler\ti-cgt-msp430_18.1.2.LTS\lib\</path>
         <kind>archive</kind>
         <file>rts430x_lc_ld_eabi.lib</file>
         <name>memory.c.obj</name>
      </input_file>
      <input_file id="fl-bf">
         <path>C:\ti\ccsv8\tools\compiler\ti-cgt-msp430_18.1.2.LTS\lib\</path>
         <kind>archive</kind>
         <file>rts430x_lc_ld_eabi.lib</file>
         <name>open.c.obj</name>
      </input_file>
      <input_file id="fl-c0">
         <path>C:\ti\ccsv8\tools\compiler\ti-cgt-msp430_18.1.2.LTS\lib\</path>
         <kind>archive</kind>
         <file>rts430x_lc_ld_eabi.lib</file>
         <name>getdevice.c.obj</name>
      </input_file>
      <input_file id="fl-c1">
         <path>C:\ti\ccsv8\tools\compiler\ti-cgt-msp430_18.1.2.LTS\lib\</path>
         <kind>archive</kind>
         <file>rts430x_lc_ld_eabi.lib</file>
         <name>remove.c.obj</name>
      </input_file>
      <input_file id="fl-c2">
         <path>C:\ti\ccsv8\tools\compiler\ti-cgt-msp430_18.1.2.LTS\lib\</path>
         <kind>archive</kind>
         <file>rts430x_lc_ld_eabi.lib</file>
         <name>sprintf.c.obj</name>
      </input_file>
      <input_file id="fl-c3">
         <path>C:\ti\ccsv8\tools\compiler\ti-cgt-msp430_18.1.2.LTS\lib\</path>
         <kind>archive</kind>
         <file>rts430x_lc_ld_eabi.lib</file>
         <name>strchr.c.obj</name>
      </input_file>
      <input_file id="fl-c4">
         <path>C:\ti\ccsv8\tools\compiler\ti-cgt-msp430_18.1.2.LTS\lib\</path>
         <kind>archive</kind>
         <file>rts430x_lc_ld_eabi.lib</file>
         <name>strcmp.c.obj</name>
      </input_file>
      <input_file id="fl-c5">
         <path>C:\ti\ccsv8\tools\compiler\ti-cgt-msp430_18.1.2.LTS\lib\</path>
         <kind>archive</kind>
         <file>rts430x_lc_ld_eabi.lib</file>
         <name>strcpy.c.obj</name>
      </input_file>
      <input_file id="fl-c6">
         <path>C:\ti\ccsv8\tools\compiler\ti-cgt-msp430_18.1.2.LTS\lib\</path>
         <kind>archive</kind>
         <file>rts430x_lc_ld_eabi.lib</file>
         <name>strlen.c.obj</name>
      </input_file>
      <input_file id="fl-c7">
         <path>C:\ti\ccsv8\tools\compiler\ti-cgt-msp430_18.1.2.LTS\lib\</path>
         <kind>archive</kind>
         <file>rts430x_lc_ld_eabi.lib</file>
         <name>strncat.c.obj</name>
      </input_file>
      <input_file id="fl-c8">
         <path>C:\ti\ccsv8\tools\compiler\ti-cgt-msp430_18.1.2.LTS\lib\</path>
         <kind>archive</kind>
         <file>rts430x_lc_ld_eabi.lib</file>
         <name>strncmp.c.obj</name>
      </input_file>
      <input_file id="fl-c9">
         <path>C:\ti\ccsv8\tools\compiler\ti-cgt-msp430_18.1.2.LTS\lib\</path>
         <kind>archive</kind>
         <file>rts430x_lc_ld_eabi.lib</file>
         <name>strncpy.c.obj</name>
      </input_file>
      <input_file id="fl-ca">
         <path>C:\ti\ccsv8\tools\compiler\ti-cgt-msp430_18.1.2.LTS\lib\</path>
         <kind>archive</kind>
         <file>rts430x_lc_ld_eabi.lib</file>
         <name>toupper.c.obj</name>
      </input_file>
      <input_file id="fl-cb">
         <path>C:\ti\ccsv8\tools\compiler\ti-cgt-msp430_18.1.2.LTS\lib\</path>
         <kind>archive</kind>
         <file>rts430x_lc_ld_eabi.lib</file>
         <name>unlink.c.obj</name>
      </input_file>
      <input_file id="fl-cc">
         <path>C:\ti\ccsv8\tools\compiler\ti-cgt-msp430_18.1.2.LTS\lib\</path>
         <kind>archive</kind>
         <file>rts430x_lc_ld_eabi.lib</file>
         <name>wcslen.c.obj</name>
      </input_file>
   </input_file_list>
   <object_component_list>
      <object_component id="oc-858">
         <name>.TI.persistent:ucHeap</name>
         <load_address>0x4400</load_address>
         <run_address>0x4400</run_address>
         <size>0x3800</size>
         <input_file_ref idref="fl-4"/>
      </object_component>
      <object_component id="oc-bf5">
         <name>.cio</name>
         <load_address>0x7c00</load_address>
         <run_address>0x7c00</run_address>
         <size>0x120</size>
         <input_file_ref idref="fl-b6"/>
      </object_component>
      <object_component id="oc-3bc">
         <name>.sysmem</name>
         <load_address>0x7d20</load_address>
         <run_address>0x7d20</run_address>
         <size>0x8</size>
         <input_file_ref idref="fl-be"/>
      </object_component>
      <object_component id="oc-cda">
         <name>.sysmem</name>
         <load_address>0x7d20</load_address>
         <run_address>0x7d20</run_address>
         <size>0x0</size>
      </object_component>
      <object_component id="oc-cd8">
         <name>.cinit..data.load</name>
         <load_address>0xaefc</load_address>
         <run_address>0xaefc</run_address>
         <size>0x56</size>
      </object_component>
      <object_component id="oc-cd5">
         <name>__TI_handler_table</name>
         <load_address>0xaf52</load_address>
         <run_address>0xaf52</run_address>
         <size>0xc</size>
      </object_component>
      <object_component id="oc-cd7">
         <name>.cinit..bss.load</name>
         <load_address>0xaf5e</load_address>
         <run_address>0xaf5e</run_address>
         <size>0x6</size>
      </object_component>
      <object_component id="oc-cd6">
         <name>__TI_cinit_table</name>
         <load_address>0xaf64</load_address>
         <run_address>0xaf64</run_address>
         <size>0x10</size>
      </object_component>
      <object_component id="oc-9b6">
         <name>.const:.string:_ctypes_</name>
         <load_address>0xad48</load_address>
         <run_address>0xad48</run_address>
         <size>0x101</size>
         <input_file_ref idref="fl-a3"/>
      </object_component>
      <object_component id="oc-61e">
         <name>.const:.string</name>
         <load_address>0xae4a</load_address>
         <run_address>0xae4a</run_address>
         <size>0x36</size>
         <input_file_ref idref="fl-5"/>
      </object_component>
      <object_component id="oc-712">
         <name>.const:.string</name>
         <load_address>0xae80</load_address>
         <run_address>0xae80</run_address>
         <size>0x32</size>
         <input_file_ref idref="fl-d"/>
      </object_component>
      <object_component id="oc-945">
         <name>.const:.string</name>
         <load_address>0xaeb2</load_address>
         <run_address>0xaeb2</run_address>
         <size>0x26</size>
         <input_file_ref idref="fl-8d"/>
      </object_component>
      <object_component id="oc-690">
         <name>.const:GPIO_PORT_TO_BASE</name>
         <load_address>0xaed8</load_address>
         <run_address>0xaed8</run_address>
         <size>0x1c</size>
         <input_file_ref idref="fl-2b"/>
      </object_component>
      <object_component id="oc-844">
         <name>.const:.string</name>
         <load_address>0xaef4</load_address>
         <run_address>0xaef4</run_address>
         <size>0x8</size>
         <input_file_ref idref="fl-e"/>
      </object_component>
      <object_component id="oc-3ee">
         <name>.text:_isr:prvUSCI_A0_ISR</name>
         <load_address>0x8000</load_address>
         <run_address>0x8000</run_address>
         <size>0x6a</size>
         <input_file_ref idref="fl-16"/>
      </object_component>
      <object_component id="oc-3dc">
         <name>.text:_isr:pushbutton_ISR</name>
         <load_address>0x806a</load_address>
         <run_address>0x806a</run_address>
         <size>0x58</size>
         <input_file_ref idref="fl-5"/>
      </object_component>
      <object_component id="oc-406">
         <name>.text:_isr:_c_int00_noargs</name>
         <load_address>0x80c2</load_address>
         <run_address>0x80c2</run_address>
         <size>0x1c</size>
         <input_file_ref idref="fl-80"/>
      </object_component>
      <object_component id="oc-3e2">
         <name>.text:_isr:v4RunTimeStatsTimerOverflow</name>
         <load_address>0x80de</load_address>
         <run_address>0x80de</run_address>
         <size>0x14</size>
         <input_file_ref idref="fl-15"/>
      </object_component>
      <object_component id="oc-3e8">
         <name>.text:_isr:vTickISREntry</name>
         <load_address>0x80f2</load_address>
         <run_address>0x80f2</run_address>
         <size>0x10</size>
         <input_file_ref idref="fl-f"/>
      </object_component>
      <object_component id="oc-3d7">
         <name>.text:_isr:__TI_ISR_TRAP</name>
         <load_address>0x8102</load_address>
         <run_address>0x8102</run_address>
         <size>0x8</size>
         <input_file_ref idref="fl-5d"/>
      </object_component>
      <object_component id="oc-a7c">
         <name>.text:_mcpy</name>
         <load_address>0x810a</load_address>
         <run_address>0x810a</run_address>
         <size>0xb4</size>
         <input_file_ref idref="fl-8d"/>
      </object_component>
      <object_component id="oc-8ca">
         <name>.text:_pproc_str</name>
         <load_address>0x81be</load_address>
         <run_address>0x81be</run_address>
         <size>0xb4</size>
         <input_file_ref idref="fl-8d"/>
      </object_component>
      <object_component id="oc-c48">
         <name>.text:__TI_renormd</name>
         <load_address>0x8272</load_address>
         <run_address>0x8272</run_address>
         <size>0xb2</size>
         <input_file_ref idref="fl-9f"/>
      </object_component>
      <object_component id="oc-799">
         <name>.text:xTaskPriorityInherit</name>
         <load_address>0x8324</load_address>
         <run_address>0x8324</run_address>
         <size>0xae</size>
         <input_file_ref idref="fl-d"/>
      </object_component>
      <object_component id="oc-7bd">
         <name>.text:vTaskPriorityDisinheritAfterTimeout</name>
         <load_address>0x83d2</load_address>
         <run_address>0x83d2</run_address>
         <size>0xac</size>
         <input_file_ref idref="fl-d"/>
      </object_component>
      <object_component id="oc-782">
         <name>.text:xQueueGenericReset</name>
         <load_address>0x847e</load_address>
         <run_address>0x847e</run_address>
         <size>0xaa</size>
         <input_file_ref idref="fl-b"/>
      </object_component>
      <object_component id="oc-a9d">
         <name>.text:frexp</name>
         <load_address>0x8528</load_address>
         <run_address>0x8528</run_address>
         <size>0xa6</size>
         <input_file_ref idref="fl-a9"/>
      </object_component>
      <object_component id="oc-456">
         <name>.text</name>
         <load_address>0x85ce</load_address>
         <run_address>0x85ce</run_address>
         <size>0xa6</size>
         <input_file_ref idref="fl-10"/>
      </object_component>
      <object_component id="oc-a03">
         <name>.text:prvSwitchTimerLists</name>
         <load_address>0x8674</load_address>
         <run_address>0x8674</run_address>
         <size>0xa6</size>
         <input_file_ref idref="fl-e"/>
      </object_component>
      <object_component id="oc-6e5">
         <name>.text:prvAddNewTaskToReadyList</name>
         <load_address>0x871a</load_address>
         <run_address>0x871a</run_address>
         <size>0xa2</size>
         <input_file_ref idref="fl-d"/>
      </object_component>
      <object_component id="oc-7a5">
         <name>.text:prvUnlockQueue</name>
         <load_address>0x87bc</load_address>
         <run_address>0x87bc</run_address>
         <size>0xa0</size>
         <input_file_ref idref="fl-b"/>
      </object_component>
      <object_component id="oc-b2b">
         <name>.text:__mspabi_fltlid</name>
         <load_address>0x885c</load_address>
         <run_address>0x885c</run_address>
         <size>0x9e</size>
         <input_file_ref idref="fl-95"/>
      </object_component>
      <object_component id="oc-511">
         <name>.text:prvCopyDataToQueue</name>
         <load_address>0x88fa</load_address>
         <run_address>0x88fa</run_address>
         <size>0x9e</size>
         <input_file_ref idref="fl-b"/>
      </object_component>
      <object_component id="oc-7b1">
         <name>.text:xTaskCheckForTimeOut</name>
         <load_address>0x8998</load_address>
         <run_address>0x8998</run_address>
         <size>0x9e</size>
         <input_file_ref idref="fl-d"/>
      </object_component>
      <object_component id="oc-af6">
         <name>.text:HOSTlseek</name>
         <load_address>0x8a36</load_address>
         <run_address>0x8a36</run_address>
         <size>0x9a</size>
         <input_file_ref idref="fl-b0"/>
      </object_component>
      <object_component id="oc-b25">
         <name>.text:ltoa</name>
         <load_address>0x8ad0</load_address>
         <run_address>0x8ad0</run_address>
         <size>0x96</size>
         <input_file_ref idref="fl-b7"/>
      </object_component>
      <object_component id="oc-a76">
         <name>.text:_ecpy</name>
         <load_address>0x8b66</load_address>
         <run_address>0x8b66</run_address>
         <size>0x90</size>
         <input_file_ref idref="fl-8d"/>
      </object_component>
      <object_component id="oc-8b1">
         <name>.text:fputc</name>
         <load_address>0x8bf6</load_address>
         <run_address>0x8bf6</run_address>
         <size>0x90</size>
         <input_file_ref idref="fl-a5"/>
      </object_component>
      <object_component id="oc-7cb">
         <name>.text:prvAddCurrentTaskToDelayedList</name>
         <load_address>0x8c86</load_address>
         <run_address>0x8c86</run_address>
         <size>0x90</size>
         <input_file_ref idref="fl-d"/>
      </object_component>
      <object_component id="oc-6d9">
         <name>.text:vPortFree</name>
         <load_address>0x8d16</load_address>
         <run_address>0x8d16</run_address>
         <size>0x90</size>
         <input_file_ref idref="fl-11"/>
      </object_component>
      <object_component id="oc-5ce">
         <name>.text:xTaskPriorityDisinherit</name>
         <load_address>0x8da6</load_address>
         <run_address>0x8da6</run_address>
         <size>0x90</size>
         <input_file_ref idref="fl-d"/>
      </object_component>
      <object_component id="oc-6ff">
         <name>.text:xTimerGenericCommand</name>
         <load_address>0x8e36</load_address>
         <run_address>0x8e36</run_address>
         <size>0x8e</size>
         <input_file_ref idref="fl-e"/>
      </object_component>
      <object_component id="oc-61f">
         <name>.text:xTaskCreate</name>
         <load_address>0x8ec4</load_address>
         <run_address>0x8ec4</run_address>
         <size>0x8a</size>
         <input_file_ref idref="fl-d"/>
      </object_component>
      <object_component id="oc-920">
         <name>.text:__TI_wrt_ok</name>
         <load_address>0x8f4e</load_address>
         <run_address>0x8f4e</run_address>
         <size>0x86</size>
         <input_file_ref idref="fl-a7"/>
      </object_component>
      <object_component id="oc-4e4">
         <name>.text:xTaskRemoveFromEventList</name>
         <load_address>0x8fd4</load_address>
         <run_address>0x8fd4</run_address>
         <size>0x86</size>
         <input_file_ref idref="fl-d"/>
      </object_component>
      <object_component id="oc-985">
         <name>.text:prvProcessExpiredTimer</name>
         <load_address>0x905a</load_address>
         <run_address>0x905a</run_address>
         <size>0x84</size>
         <input_file_ref idref="fl-e"/>
      </object_component>
      <object_component id="oc-45f">
         <name>.text:xQueueGenericSendFromISR</name>
         <load_address>0x90de</load_address>
         <run_address>0x90de</run_address>
         <size>0x82</size>
         <input_file_ref idref="fl-b"/>
      </object_component>
      <object_component id="oc-448">
         <name>.text:xQueueGiveFromISR</name>
         <load_address>0x9160</load_address>
         <run_address>0x9160</run_address>
         <size>0x7e</size>
         <input_file_ref idref="fl-b"/>
      </object_component>
      <object_component id="oc-52e">
         <name>.text:blinky2</name>
         <load_address>0x91de</load_address>
         <run_address>0x91de</run_address>
         <size>0x7a</size>
         <input_file_ref idref="fl-5"/>
      </object_component>
      <object_component id="oc-98c">
         <name>.text:prvInsertTimerInActiveList</name>
         <load_address>0x9258</load_address>
         <run_address>0x9258</run_address>
         <size>0x7a</size>
         <input_file_ref idref="fl-e"/>
      </object_component>
      <object_component id="oc-901">
         <name>.text:prvProcessTimerOrBlockTask</name>
         <load_address>0x92d2</load_address>
         <run_address>0x92d2</run_address>
         <size>0x7a</size>
         <input_file_ref idref="fl-e"/>
      </object_component>
      <object_component id="oc-559">
         <name>.text:__TI_auto_init_nobinit_nopinit_hold_wdt:__TI_auto_init_nobinit_nopinit_hold_wdt</name>
         <load_address>0x934c</load_address>
         <run_address>0x934c</run_address>
         <size>0x78</size>
         <input_file_ref idref="fl-83"/>
      </object_component>
      <object_component id="oc-9da">
         <name>.text:_pconv_f</name>
         <load_address>0x93c4</load_address>
         <run_address>0x93c4</run_address>
         <size>0x78</size>
         <input_file_ref idref="fl-8d"/>
      </object_component>
      <object_component id="oc-625">
         <name>.text:timerTask</name>
         <load_address>0x943c</load_address>
         <run_address>0x943c</run_address>
         <size>0x78</size>
         <input_file_ref idref="fl-5"/>
      </object_component>
      <object_component id="oc-71">
         <name>.text:decompress:lzss:__TI_decompress_lzss</name>
         <load_address>0x94b4</load_address>
         <run_address>0x94b4</run_address>
         <size>0x76</size>
         <input_file_ref idref="fl-5a"/>
      </object_component>
      <object_component id="oc-b02">
         <name>.text:HOSTrename</name>
         <load_address>0x952a</load_address>
         <run_address>0x952a</run_address>
         <size>0x74</size>
         <input_file_ref idref="fl-b3"/>
      </object_component>
      <object_component id="oc-ad2">
         <name>.text:__TI_closefile</name>
         <load_address>0x959e</load_address>
         <run_address>0x959e</run_address>
         <size>0x74</size>
         <input_file_ref idref="fl-bc"/>
      </object_component>
      <object_component id="oc-999">
         <name>.text:fseek</name>
         <load_address>0x9612</load_address>
         <run_address>0x9612</run_address>
         <size>0x74</size>
         <input_file_ref idref="fl-aa"/>
      </object_component>
      <object_component id="oc-5e3">
         <name>.text:GPIO_setAsPeripheralModuleFunctionInputPin</name>
         <load_address>0x9686</load_address>
         <run_address>0x9686</run_address>
         <size>0x72</size>
         <input_file_ref idref="fl-2b"/>
      </object_component>
      <object_component id="oc-5e9">
         <name>.text:GPIO_setAsPeripheralModuleFunctionOutputPin</name>
         <load_address>0x96f8</load_address>
         <run_address>0x96f8</run_address>
         <size>0x72</size>
         <input_file_ref idref="fl-2b"/>
      </object_component>
      <object_component id="oc-76e">
         <name>.text:prvInsertBlockIntoFreeList</name>
         <load_address>0x976a</load_address>
         <run_address>0x976a</run_address>
         <size>0x72</size>
         <input_file_ref idref="fl-11"/>
      </object_component>
      <object_component id="oc-ade">
         <name>.text:HOSTopen</name>
         <load_address>0x97dc</load_address>
         <run_address>0x97dc</run_address>
         <size>0x70</size>
         <input_file_ref idref="fl-b1"/>
      </object_component>
      <object_component id="oc-465">
         <name>.text:xQueueReceiveFromISR</name>
         <load_address>0x984c</load_address>
         <run_address>0x984c</run_address>
         <size>0x70</size>
         <input_file_ref idref="fl-b"/>
      </object_component>
      <object_component id="oc-af0">
         <name>.text:HOSTwrite</name>
         <load_address>0x98bc</load_address>
         <run_address>0x98bc</run_address>
         <size>0x6c</size>
         <input_file_ref idref="fl-b5"/>
      </object_component>
      <object_component id="oc-aea">
         <name>.text:HOSTread</name>
         <load_address>0x9928</load_address>
         <run_address>0x9928</run_address>
         <size>0x6a</size>
         <input_file_ref idref="fl-b2"/>
      </object_component>
      <object_component id="oc-5fb">
         <name>.text:CS_initClockSignal</name>
         <load_address>0x9992</load_address>
         <run_address>0x9992</run_address>
         <size>0x66</size>
         <input_file_ref idref="fl-23"/>
      </object_component>
      <object_component id="oc-b1f">
         <name>.text:__mspabi_fixdli</name>
         <load_address>0x99f8</load_address>
         <run_address>0x99f8</run_address>
         <size>0x66</size>
         <input_file_ref idref="fl-93"/>
      </object_component>
      <object_component id="oc-93e">
         <name>.text:atoi</name>
         <load_address>0x9a5e</load_address>
         <run_address>0x9a5e</run_address>
         <size>0x62</size>
         <input_file_ref idref="fl-a2"/>
      </object_component>
      <object_component id="oc-be9">
         <name>.text:getdevice</name>
         <load_address>0x9ac0</load_address>
         <run_address>0x9ac0</run_address>
         <size>0x62</size>
         <input_file_ref idref="fl-c0"/>
      </object_component>
      <object_component id="oc-7e6">
         <name>.text:prvInitialiseTaskLists</name>
         <load_address>0x9b22</load_address>
         <run_address>0x9b22</run_address>
         <size>0x62</size>
         <input_file_ref idref="fl-d"/>
      </object_component>
      <object_component id="oc-92c">
         <name>.text:__TI_doflush</name>
         <load_address>0x9b84</load_address>
         <run_address>0x9b84</run_address>
         <size>0x60</size>
         <input_file_ref idref="fl-a6"/>
      </object_component>
      <object_component id="oc-acb">
         <name>.text:minit</name>
         <load_address>0x9be4</load_address>
         <run_address>0x9be4</run_address>
         <size>0x60</size>
         <input_file_ref idref="fl-be"/>
      </object_component>
      <object_component id="oc-62b">
         <name>.text:vTaskStartScheduler</name>
         <load_address>0x9c44</load_address>
         <run_address>0x9c44</run_address>
         <size>0x60</size>
         <input_file_ref idref="fl-d"/>
      </object_component>
      <object_component id="oc-b79">
         <name>.text:close</name>
         <load_address>0x9ca4</load_address>
         <run_address>0x9ca4</run_address>
         <size>0x5a</size>
         <input_file_ref idref="fl-bd"/>
      </object_component>
      <object_component id="oc-838">
         <name>.text:prvCheckForValidListAndQueue</name>
         <load_address>0x9cfe</load_address>
         <run_address>0x9cfe</run_address>
         <size>0x5a</size>
         <input_file_ref idref="fl-e"/>
      </object_component>
      <object_component id="oc-a57">
         <name>.text</name>
         <load_address>0x9d58</load_address>
         <run_address>0x9d58</run_address>
         <size>0x58</size>
         <input_file_ref idref="fl-76"/>
      </object_component>
      <object_component id="oc-60e">
         <name>.text:xQueueGenericCreate</name>
         <load_address>0x9db0</load_address>
         <run_address>0x9db0</run_address>
         <size>0x58</size>
         <input_file_ref idref="fl-b"/>
      </object_component>
      <object_component id="oc-7f4">
         <name>.text:prvInitialiseNewTimer</name>
         <load_address>0x9e08</load_address>
         <run_address>0x9e08</run_address>
         <size>0x56</size>
         <input_file_ref idref="fl-e"/>
      </object_component>
      <object_component id="oc-872">
         <name>.text:vListInsert</name>
         <load_address>0x9e5e</load_address>
         <run_address>0x9e5e</run_address>
         <size>0x54</size>
         <input_file_ref idref="fl-a"/>
      </object_component>
      <object_component id="oc-82b">
         <name>.text:prvCheckTasksWaitingTermination</name>
         <load_address>0x9eb2</load_address>
         <run_address>0x9eb2</run_address>
         <size>0x50</size>
         <input_file_ref idref="fl-d"/>
      </object_component>
      <object_component id="oc-ae4">
         <name>.text:HOSTclose</name>
         <load_address>0x9f02</load_address>
         <run_address>0x9f02</run_address>
         <size>0x4e</size>
         <input_file_ref idref="fl-af"/>
      </object_component>
      <object_component id="oc-a89">
         <name>.text:_fcpy</name>
         <load_address>0x9f50</load_address>
         <run_address>0x9f50</run_address>
         <size>0x4e</size>
         <input_file_ref idref="fl-8d"/>
      </object_component>
      <object_component id="oc-c23">
         <name>.text:strncpy</name>
         <load_address>0x9f9e</load_address>
         <run_address>0x9f9e</run_address>
         <size>0x4e</size>
         <input_file_ref idref="fl-c9"/>
      </object_component>
      <object_component id="oc-97f">
         <name>.text:vQueueWaitForMessageRestricted</name>
         <load_address>0x9fec</load_address>
         <run_address>0x9fec</run_address>
         <size>0x4e</size>
         <input_file_ref idref="fl-b"/>
      </object_component>
      <object_component id="oc-713">
         <name>.text:xTimerCreateTimerTask</name>
         <load_address>0xa03a</load_address>
         <run_address>0xa03a</run_address>
         <size>0x4c</size>
         <input_file_ref idref="fl-e"/>
      </object_component>
      <object_component id="oc-6ae">
         <name>.text:GPIO_setAsInputPinWithPullUpResistor</name>
         <load_address>0xa086</load_address>
         <run_address>0xa086</run_address>
         <size>0x4a</size>
         <input_file_ref idref="fl-2b"/>
      </object_component>
      <object_component id="oc-53b">
         <name>.text:exit</name>
         <load_address>0xa0d0</load_address>
         <run_address>0xa0d0</run_address>
         <size>0x4a</size>
         <input_file_ref idref="fl-87"/>
      </object_component>
      <object_component id="oc-705">
         <name>.text:printf</name>
         <load_address>0xa11a</load_address>
         <run_address>0xa11a</run_address>
         <size>0x4a</size>
         <input_file_ref idref="fl-8c"/>
      </object_component>
      <object_component id="oc-618">
         <name>.text:ledToggleTask</name>
         <load_address>0xa164</load_address>
         <run_address>0xa164</run_address>
         <size>0x48</size>
         <input_file_ref idref="fl-5"/>
      </object_component>
      <object_component id="oc-6f2">
         <name>.text:xTimerCreate</name>
         <load_address>0xa1ac</load_address>
         <run_address>0xa1ac</run_address>
         <size>0x48</size>
         <input_file_ref idref="fl-e"/>
      </object_component>
      <object_component id="oc-afc">
         <name>.text:HOSTunlink</name>
         <load_address>0xa1f4</load_address>
         <run_address>0xa1f4</run_address>
         <size>0x46</size>
         <input_file_ref idref="fl-b4"/>
      </object_component>
      <object_component id="oc-bb6">
         <name>.text</name>
         <load_address>0xa23a</load_address>
         <run_address>0xa23a</run_address>
         <size>0x40</size>
         <input_file_ref idref="fl-74"/>
      </object_component>
      <object_component id="oc-644">
         <name>.text:l_asr_const</name>
         <load_address>0xa27a</load_address>
         <run_address>0xa27a</run_address>
         <size>0x3e</size>
         <input_file_ref idref="fl-84"/>
      </object_component>
      <object_component id="oc-ba0">
         <name>.text:l_lsl_const</name>
         <load_address>0xa2b8</load_address>
         <run_address>0xa2b8</run_address>
         <size>0x3e</size>
         <input_file_ref idref="fl-99"/>
      </object_component>
      <object_component id="oc-bbd">
         <name>.text:l_lsr_const</name>
         <load_address>0xa2f6</load_address>
         <run_address>0xa2f6</run_address>
         <size>0x3e</size>
         <input_file_ref idref="fl-7f"/>
      </object_component>
      <object_component id="oc-a13">
         <name>.text:lseek</name>
         <load_address>0xa334</load_address>
         <run_address>0xa334</run_address>
         <size>0x3e</size>
         <input_file_ref idref="fl-ad"/>
      </object_component>
      <object_component id="oc-3ca">
         <name>.text:memcpy</name>
         <load_address>0xa372</load_address>
         <run_address>0xa372</run_address>
         <size>0x3c</size>
         <input_file_ref idref="fl-8a"/>
      </object_component>
      <object_component id="oc-932">
         <name>.text:write</name>
         <load_address>0xa3ae</load_address>
         <run_address>0xa3ae</run_address>
         <size>0x3c</size>
         <input_file_ref idref="fl-ae"/>
      </object_component>
      <object_component id="oc-601">
         <name>.text:CS_turnOnLFXT</name>
         <load_address>0xa3ea</load_address>
         <run_address>0xa3ea</run_address>
         <size>0x3a</size>
         <input_file_ref idref="fl-23"/>
      </object_component>
      <object_component id="oc-b0c">
         <name>.text:__mspabi_sllll</name>
         <load_address>0xa424</load_address>
         <run_address>0xa424</run_address>
         <size>0x3a</size>
         <input_file_ref idref="fl-9a"/>
      </object_component>
      <object_component id="oc-a61">
         <name>.text:__mspabi_srlll</name>
         <load_address>0xa45e</load_address>
         <run_address>0xa45e</run_address>
         <size>0x3a</size>
         <input_file_ref idref="fl-9b"/>
      </object_component>
      <object_component id="oc-580">
         <name>.text:uxListRemove</name>
         <load_address>0xa498</load_address>
         <run_address>0xa498</run_address>
         <size>0x3a</size>
         <input_file_ref idref="fl-a"/>
      </object_component>
      <object_component id="oc-a09">
         <name>.text:vTaskPlaceOnEventListRestricted</name>
         <load_address>0xa4d2</load_address>
         <run_address>0xa4d2</run_address>
         <size>0x3a</size>
         <input_file_ref idref="fl-d"/>
      </object_component>
      <object_component id="oc-97d">
         <name>.text:prvSampleTimeNow</name>
         <load_address>0xa50c</load_address>
         <run_address>0xa50c</run_address>
         <size>0x38</size>
         <input_file_ref idref="fl-e"/>
      </object_component>
      <object_component id="oc-a27">
         <name>.text:__TI_cleanup</name>
         <load_address>0xa544</load_address>
         <run_address>0xa544</run_address>
         <size>0x36</size>
         <input_file_ref idref="fl-bb"/>
      </object_component>
      <object_component id="oc-b8d">
         <name>.text:__TI_writemsg</name>
         <load_address>0xa57a</load_address>
         <run_address>0xa57a</run_address>
         <size>0x36</size>
         <input_file_ref idref="fl-b6"/>
      </object_component>
      <object_component id="oc-c29">
         <name>.text:finddevice</name>
         <load_address>0xa5b0</load_address>
         <run_address>0xa5b0</run_address>
         <size>0x36</size>
         <input_file_ref idref="fl-c0"/>
      </object_component>
      <object_component id="oc-5dd">
         <name>.text:GPIO_setAsOutputPin</name>
         <load_address>0xa5e6</load_address>
         <run_address>0xa5e6</run_address>
         <size>0x34</size>
         <input_file_ref idref="fl-2b"/>
      </object_component>
      <object_component id="oc-518">
         <name>.text:prvCopyDataFromQueue</name>
         <load_address>0xa61a</load_address>
         <run_address>0xa61a</run_address>
         <size>0x34</size>
         <input_file_ref idref="fl-b"/>
      </object_component>
      <object_component id="oc-6d2">
         <name>.text:vTaskDelay</name>
         <load_address>0xa64e</load_address>
         <run_address>0xa64e</run_address>
         <size>0x34</size>
         <input_file_ref idref="fl-d"/>
      </object_component>
      <object_component id="oc-b31">
         <name>.text:__mspabi_subd</name>
         <load_address>0xa682</load_address>
         <run_address>0xa682</run_address>
         <size>0x32</size>
         <input_file_ref idref="fl-9c"/>
      </object_component>
      <object_component id="oc-b80">
         <name>.text:unlink</name>
         <load_address>0xa6b4</load_address>
         <run_address>0xa6b4</run_address>
         <size>0x30</size>
         <input_file_ref idref="fl-cb"/>
      </object_component>
      <object_component id="oc-79f">
         <name>.text:vTaskPlaceOnEventList</name>
         <load_address>0xa6e4</load_address>
         <run_address>0xa6e4</run_address>
         <size>0x30</size>
         <input_file_ref idref="fl-d"/>
      </object_component>
      <object_component id="oc-6b4">
         <name>.text:GPIO_selectInterruptEdge</name>
         <load_address>0xa714</load_address>
         <run_address>0xa714</run_address>
         <size>0x2e</size>
         <input_file_ref idref="fl-2b"/>
      </object_component>
      <object_component id="oc-9ce">
         <name>.text:__mspabi_negd</name>
         <load_address>0xa742</load_address>
         <run_address>0xa742</run_address>
         <size>0x2e</size>
         <input_file_ref idref="fl-98"/>
      </object_component>
      <object_component id="oc-bdc">
         <name>.text:copysign</name>
         <load_address>0xa770</load_address>
         <run_address>0xa770</run_address>
         <size>0x2e</size>
         <input_file_ref idref="fl-ac"/>
      </object_component>
      <object_component id="oc-8fb">
         <name>.text:prvGetNextExpireTime</name>
         <load_address>0xa79e</load_address>
         <run_address>0xa79e</run_address>
         <size>0x2e</size>
         <input_file_ref idref="fl-e"/>
      </object_component>
      <object_component id="oc-89f">
         <name>.text:prvIsQueueFull</name>
         <load_address>0xa7cc</load_address>
         <run_address>0xa7cc</run_address>
         <size>0x2e</size>
         <input_file_ref idref="fl-b"/>
      </object_component>
      <object_component id="oc-5b9">
         <name>.text:prvResetNextTaskUnblockTime</name>
         <load_address>0xa7fa</load_address>
         <run_address>0xa7fa</run_address>
         <size>0x2e</size>
         <input_file_ref idref="fl-d"/>
      </object_component>
      <object_component id="oc-793">
         <name>.text:prvIsQueueEmpty</name>
         <load_address>0xa828</load_address>
         <run_address>0xa828</run_address>
         <size>0x2c</size>
         <input_file_ref idref="fl-b"/>
      </object_component>
      <object_component id="oc-868">
         <name>.text:vListInitialise</name>
         <load_address>0xa854</load_address>
         <run_address>0xa854</run_address>
         <size>0x2c</size>
         <input_file_ref idref="fl-a"/>
      </object_component>
      <object_component id="oc-6ec">
         <name>.text:vTimerCallback</name>
         <load_address>0xa880</load_address>
         <run_address>0xa880</run_address>
         <size>0x2c</size>
         <input_file_ref idref="fl-5"/>
      </object_component>
      <object_component id="oc-6a5">
         <name>.text:prvInitialiseNewQueue</name>
         <load_address>0xa8ac</load_address>
         <run_address>0xa8ac</run_address>
         <size>0x2a</size>
         <input_file_ref idref="fl-b"/>
      </object_component>
      <object_component id="oc-b37">
         <name>.text:__mspabi_fixdi</name>
         <load_address>0xa8d6</load_address>
         <run_address>0xa8d6</run_address>
         <size>0x28</size>
         <input_file_ref idref="fl-92"/>
      </object_component>
      <object_component id="oc-95a">
         <name>.text:wcslen</name>
         <load_address>0xa8fe</load_address>
         <run_address>0xa8fe</run_address>
         <size>0x28</size>
         <input_file_ref idref="fl-cc"/>
      </object_component>
      <object_component id="oc-6f9">
         <name>.text:xTaskGetTickCount</name>
         <load_address>0xa926</load_address>
         <run_address>0xa926</run_address>
         <size>0x28</size>
         <input_file_ref idref="fl-d"/>
      </object_component>
      <object_component id="oc-508">
         <name>.text:vApplicationSetupTimerInterrupt</name>
         <load_address>0xa94e</load_address>
         <run_address>0xa94e</run_address>
         <size>0x26</size>
         <input_file_ref idref="fl-4"/>
      </object_component>
      <object_component id="oc-58e">
         <name>.text:vListInsertEnd</name>
         <load_address>0xa974</load_address>
         <run_address>0xa974</run_address>
         <size>0x26</size>
         <input_file_ref idref="fl-a"/>
      </object_component>
      <object_component id="oc-3f4">
         <name>.text:decompress:ZI:__TI_zero_init_nomemset:__TI_zero_init_nomemset</name>
         <load_address>0xa99a</load_address>
         <run_address>0xa99a</run_address>
         <size>0x24</size>
         <input_file_ref idref="fl-72"/>
      </object_component>
      <object_component id="oc-7df">
         <name>.text:pxPortInitialiseStack</name>
         <load_address>0xa9be</load_address>
         <run_address>0xa9be</run_address>
         <size>0x24</size>
         <input_file_ref idref="fl-f"/>
      </object_component>
      <object_component id="oc-a67">
         <name>.text</name>
         <load_address>0xa9e2</load_address>
         <run_address>0xa9e2</run_address>
         <size>0x24</size>
         <input_file_ref idref="fl-7a"/>
      </object_component>
      <object_component id="oc-521">
         <name>.text:WDT_A_hold</name>
         <load_address>0xaa06</load_address>
         <run_address>0xaa06</run_address>
         <size>0x20</size>
         <input_file_ref idref="fl-39"/>
      </object_component>
      <object_component id="oc-926">
         <name>.text:memchr</name>
         <load_address>0xaa26</load_address>
         <run_address>0xaa26</run_address>
         <size>0x20</size>
         <input_file_ref idref="fl-b9"/>
      </object_component>
      <object_component id="oc-7d3">
         <name>.text:memset</name>
         <load_address>0xaa46</load_address>
         <run_address>0xaa46</run_address>
         <size>0x20</size>
         <input_file_ref idref="fl-8b"/>
      </object_component>
      <object_component id="oc-6ba">
         <name>.text:GPIO_clearInterrupt</name>
         <load_address>0xaa66</load_address>
         <run_address>0xaa66</run_address>
         <size>0x1e</size>
         <input_file_ref idref="fl-2b"/>
      </object_component>
      <object_component id="oc-6c0">
         <name>.text:GPIO_enableInterrupt</name>
         <load_address>0xaa84</load_address>
         <run_address>0xaa84</run_address>
         <size>0x1e</size>
         <input_file_ref idref="fl-2b"/>
      </object_component>
      <object_component id="oc-952">
         <name>.text:memccpy</name>
         <load_address>0xaaa2</load_address>
         <run_address>0xaaa2</run_address>
         <size>0x1e</size>
         <input_file_ref idref="fl-b8"/>
      </object_component>
      <object_component id="oc-7ed">
         <name>.text:GPIO_setOutputHighOnPin</name>
         <load_address>0xaac0</load_address>
         <run_address>0xaac0</run_address>
         <size>0x1c</size>
         <input_file_ref idref="fl-2b"/>
      </object_component>
      <object_component id="oc-5d7">
         <name>.text:GPIO_setOutputLowOnPin</name>
         <load_address>0xaadc</load_address>
         <run_address>0xaadc</run_address>
         <size>0x1c</size>
         <input_file_ref idref="fl-2b"/>
      </object_component>
      <object_component id="oc-6cc">
         <name>.text:GPIO_toggleOutputOnPin</name>
         <load_address>0xaaf8</load_address>
         <run_address>0xaaf8</run_address>
         <size>0x1c</size>
         <input_file_ref idref="fl-2b"/>
      </object_component>
      <object_component id="oc-7c3">
         <name>.text:pvTaskIncrementMutexHeldCount</name>
         <load_address>0xab14</load_address>
         <run_address>0xab14</run_address>
         <size>0x1c</size>
         <input_file_ref idref="fl-d"/>
      </object_component>
      <object_component id="oc-b65">
         <name>.text:strchr</name>
         <load_address>0xab30</load_address>
         <run_address>0xab30</run_address>
         <size>0x1c</size>
         <input_file_ref idref="fl-c3"/>
      </object_component>
      <object_component id="oc-c54">
         <name>.text:strcmp</name>
         <load_address>0xab4c</load_address>
         <run_address>0xab4c</run_address>
         <size>0x1c</size>
         <input_file_ref idref="fl-c4"/>
      </object_component>
      <object_component id="oc-586">
         <name>.text</name>
         <load_address>0xab68</load_address>
         <run_address>0xab68</run_address>
         <size>0x18</size>
         <input_file_ref idref="fl-78"/>
      </object_component>
      <object_component id="oc-78d">
         <name>.text:xTaskGetSchedulerState</name>
         <load_address>0xab80</load_address>
         <run_address>0xab80</run_address>
         <size>0x18</size>
         <input_file_ref idref="fl-d"/>
      </object_component>
      <object_component id="oc-77">
         <name>.text:decompress:none:__TI_decompress_none</name>
         <load_address>0xab98</load_address>
         <run_address>0xab98</run_address>
         <size>0x16</size>
         <input_file_ref idref="fl-5b"/>
      </object_component>
      <object_component id="oc-8e9">
         <name>.text:prvDeleteTCB</name>
         <load_address>0xabae</load_address>
         <run_address>0xabae</run_address>
         <size>0x16</size>
         <input_file_ref idref="fl-d"/>
      </object_component>
      <object_component id="oc-7b7">
         <name>.text:prvGetDisinheritPriorityAfterTimeout</name>
         <load_address>0xabc4</load_address>
         <run_address>0xabc4</run_address>
         <size>0x16</size>
         <input_file_ref idref="fl-b"/>
      </object_component>
      <object_component id="oc-70c">
         <name>.text:prvIdleTask</name>
         <load_address>0xabda</load_address>
         <run_address>0xabda</run_address>
         <size>0x16</size>
         <input_file_ref idref="fl-d"/>
      </object_component>
      <object_component id="oc-83e">
         <name>.text:prvTimerTask</name>
         <load_address>0xabf0</load_address>
         <run_address>0xabf0</run_address>
         <size>0x16</size>
         <input_file_ref idref="fl-e"/>
      </object_component>
      <object_component id="oc-a5c">
         <name>.text</name>
         <load_address>0xac06</load_address>
         <run_address>0xac06</run_address>
         <size>0x16</size>
         <input_file_ref idref="fl-75"/>
      </object_component>
      <object_component id="oc-7ab">
         <name>.text:vTaskInternalSetTimeOutState</name>
         <load_address>0xac1c</load_address>
         <run_address>0xac1c</run_address>
         <size>0x14</size>
         <input_file_ref idref="fl-d"/>
      </object_component>
      <object_component id="oc-5ef">
         <name>.text:CS_setDCOFreq</name>
         <load_address>0xac30</load_address>
         <run_address>0xac30</run_address>
         <size>0x12</size>
         <input_file_ref idref="fl-23"/>
      </object_component>
      <object_component id="oc-5f5">
         <name>.text:CS_setExternalClockSource</name>
         <load_address>0xac42</load_address>
         <run_address>0xac42</run_address>
         <size>0x12</size>
         <input_file_ref idref="fl-23"/>
      </object_component>
      <object_component id="oc-ba9">
         <name>.text:strcpy</name>
         <load_address>0xac54</load_address>
         <run_address>0xac54</run_address>
         <size>0x12</size>
         <input_file_ref idref="fl-c5"/>
      </object_component>
      <object_component id="oc-8b8">
         <name>.text:strlen</name>
         <load_address>0xac66</load_address>
         <run_address>0xac66</run_address>
         <size>0x12</size>
         <input_file_ref idref="fl-c6"/>
      </object_component>
      <object_component id="oc-9c8">
[...]
         <value>0xa30a</value>
         <object_component_ref idref="oc-bbd"/>
      </symbol>
      <symbol id="sm-adf">
         <name>__mspabi_srll</name>
         <value>0xacaa</value>
         <object_component_ref idref="oc-b12"/>
      </symbol>
      <symbol id="sm-aef">
         <name>_stack</name>
         <value>0x22c0</value>
         <object_component_ref idref="oc-3b8"/>
      </symbol>
      <symbol id="sm-af0">
         <name>_c_int00_noargs</name>
         <value>0x80c2</value>
         <object_component_ref idref="oc-406"/>
      </symbol>
      <symbol id="sm-af1">
         <name>_reset_vector</name>
         <value>0xfffe</value>
         <object_component_ref idref="oc-3bb"/>
      </symbol>
      <symbol id="sm-b15">
         <name>__TI_auto_init_nobinit_nopinit_hold_wdt</name>
         <value>0x934c</value>
         <object_component_ref idref="oc-559"/>
      </symbol>
      <symbol id="sm-b25">
         <name>__mspabi_sral</name>
         <value>0xac8a</value>
         <object_component_ref idref="oc-c43"/>
      </symbol>
      <symbol id="sm-b26">
         <name>__mspabi_sral_15</name>
         <value>0xa27a</value>
         <object_component_ref idref="oc-644"/>
      </symbol>
      <symbol id="sm-b27">
         <name>__mspabi_sral_14</name>
         <value>0xa27e</value>
         <object_component_ref idref="oc-644"/>
      </symbol>
      <symbol id="sm-b28">
         <name>__mspabi_sral_13</name>
         <value>0xa282</value>
         <object_component_ref idref="oc-644"/>
      </symbol>
      <symbol id="sm-b29">
         <name>__mspabi_sral_12</name>
         <value>0xa286</value>
         <object_component_ref idref="oc-644"/>
      </symbol>
      <symbol id="sm-b2a">
         <name>__mspabi_sral_11</name>
         <value>0xa28a</value>
         <object_component_ref idref="oc-644"/>
      </symbol>
      <symbol id="sm-b2b">
         <name>__mspabi_sral_10</name>
         <value>0xa28e</value>
         <object_component_ref idref="oc-644"/>
      </symbol>
      <symbol id="sm-b2c">
         <name>__mspabi_sral_8</name>
         <value>0xa296</value>
         <object_component_ref idref="oc-644"/>
      </symbol>
      <symbol id="sm-b2d">
         <name>__mspabi_sral_9</name>
         <value>0xa292</value>
         <object_component_ref idref="oc-644"/>
      </symbol>
      <symbol id="sm-b2e">
         <name>__mspabi_sral_6</name>
         <value>0xa29e</value>
         <object_component_ref idref="oc-644"/>
      </symbol>
      <symbol id="sm-b2f">
         <name>__mspabi_sral_7</name>
         <value>0xa29a</value>
         <object_component_ref idref="oc-644"/>
      </symbol>
      <symbol id="sm-b30">
         <name>__mspabi_sral_4</name>
         <value>0xa2a6</value>
         <object_component_ref idref="oc-644"/>
      </symbol>
      <symbol id="sm-b31">
         <name>__mspabi_sral_5</name>
         <value>0xa2a2</value>
         <object_component_ref idref="oc-644"/>
      </symbol>
      <symbol id="sm-b32">
         <name>__mspabi_sral_2</name>
         <value>0xa2ae</value>
         <object_component_ref idref="oc-644"/>
      </symbol>
      <symbol id="sm-b33">
         <name>__mspabi_sral_3</name>
         <value>0xa2aa</value>
         <object_component_ref idref="oc-644"/>
      </symbol>
      <symbol id="sm-b34">
         <name>__mspabi_sral_1</name>
         <value>0xa2b2</value>
         <object_component_ref idref="oc-644"/>
      </symbol>
      <symbol id="sm-b3d">
         <name>_system_post_cinit</name>
         <value>0xad44</value>
         <object_component_ref idref="oc-649"/>
      </symbol>
      <symbol id="sm-b5b">
         <name>C$$EXIT</name>
         <value>0xad2c</value>
         <object_component_ref idref="oc-535"/>
      </symbol>
      <symbol id="sm-b5c">
         <name>abort</name>
         <value>0xad2c</value>
         <object_component_ref idref="oc-535"/>
      </symbol>
      <symbol id="sm-b5d">
         <name>__TI_enable_exit_profile_output</name>
         <value>0x1df2</value>
         <object_component_ref idref="oc-633"/>
      </symbol>
      <symbol id="sm-b5e">
         <name>exit</name>
         <value>0xa0d0</value>
         <object_component_ref idref="oc-53b"/>
      </symbol>
      <symbol id="sm-b6d">
         <name>__TI_dtors_ptr</name>
         <value>0x1de0</value>
         <object_component_ref idref="oc-639"/>
      </symbol>
      <symbol id="sm-b6e">
         <name>__TI_cleanup_ptr</name>
         <value>0x1ddc</value>
         <object_component_ref idref="oc-63c"/>
      </symbol>
      <symbol id="sm-b84">
         <name>_nop</name>
         <value>0xad42</value>
         <object_component_ref idref="oc-722"/>
      </symbol>
      <symbol id="sm-b85">
         <name>_lock</name>
         <value>0x1de4</value>
         <object_component_ref idref="oc-636"/>
      </symbol>
      <symbol id="sm-b86">
         <name>_unlock</name>
         <value>0x1de8</value>
         <object_component_ref idref="oc-63f"/>
      </symbol>
      <symbol id="sm-b95">
         <name>memcpy</name>
         <value>0xa372</value>
         <object_component_ref idref="oc-3ca"/>
      </symbol>
      <symbol id="sm-ba4">
         <name>memset</name>
         <value>0xaa46</value>
         <object_component_ref idref="oc-7d3"/>
      </symbol>
      <symbol id="sm-bc7">
         <name>printf</name>
         <value>0xa11a</value>
         <object_component_ref idref="oc-705"/>
      </symbol>
      <symbol id="sm-da0">
         <name>__TI_printfi</name>
         <value>0x10d7a</value>
         <object_component_ref idref="oc-823"/>
      </symbol>
      <symbol id="sm-dbf">
         <name>__mspabi_cmpd</name>
         <value>0x13bb8</value>
         <object_component_ref idref="oc-9ec"/>
      </symbol>
      <symbol id="sm-de0">
         <name>__mspabi_divd</name>
         <value>0x1197a</value>
         <object_component_ref idref="oc-a96"/>
      </symbol>
      <symbol id="sm-dfb">
         <name>__TI_frcdivd</name>
         <value>0x10000</value>
         <object_component_ref idref="oc-b50"/>
      </symbol>
      <symbol id="sm-e2e">
         <name>__mspabi_divull</name>
         <value>0x10466</value>
         <object_component_ref idref="oc-a51"/>
      </symbol>
      <symbol id="sm-e3b">
         <name>__mspabi_fixdi</name>
         <value>0xa8d6</value>
         <object_component_ref idref="oc-b37"/>
      </symbol>
      <symbol id="sm-e4a">
         <name>__mspabi_fixdli</name>
         <value>0x99f8</value>
         <object_component_ref idref="oc-b1f"/>
      </symbol>
      <symbol id="sm-e53">
         <name>__mspabi_fltid</name>
         <value>0xacca</value>
         <object_component_ref idref="oc-b6b"/>
      </symbol>
      <symbol id="sm-e6b">
         <name>__mspabi_fltlid</name>
         <value>0x885c</value>
         <object_component_ref idref="oc-b2b"/>
      </symbol>
      <symbol id="sm-e8c">
         <name>__mspabi_mpyd</name>
         <value>0x112a8</value>
         <object_component_ref idref="oc-a90"/>
      </symbol>
      <symbol id="sm-e9c">
         <name>__TI_frcmpyd</name>
         <value>0x11028</value>
         <object_component_ref idref="oc-b48"/>
      </symbol>
      <symbol id="sm-ea5">
         <name>__mspabi_negd</name>
         <value>0xa742</value>
         <object_component_ref idref="oc-9ce"/>
      </symbol>
      <symbol id="sm-eb5">
         <name>__mspabi_slll_9</name>
         <value>0xa2d0</value>
         <object_component_ref idref="oc-ba0"/>
      </symbol>
      <symbol id="sm-eb6">
         <name>__mspabi_slll_8</name>
         <value>0xa2d4</value>
         <object_component_ref idref="oc-ba0"/>
      </symbol>
      <symbol id="sm-eb7">
         <name>__mspabi_slll_7</name>
         <value>0xa2d8</value>
         <object_component_ref idref="oc-ba0"/>
      </symbol>
      <symbol id="sm-eb8">
         <name>__mspabi_slll_6</name>
         <value>0xa2dc</value>
         <object_component_ref idref="oc-ba0"/>
      </symbol>
      <symbol id="sm-eb9">
         <name>__mspabi_slll_5</name>
         <value>0xa2e0</value>
         <object_component_ref idref="oc-ba0"/>
      </symbol>
      <symbol id="sm-eba">
         <name>__mspabi_slll_4</name>
         <value>0xa2e4</value>
         <object_component_ref idref="oc-ba0"/>
      </symbol>
      <symbol id="sm-ebb">
         <name>__mspabi_slll_3</name>
         <value>0xa2e8</value>
         <object_component_ref idref="oc-ba0"/>
      </symbol>
      <symbol id="sm-ebc">
         <name>__mspabi_slll_2</name>
         <value>0xa2ec</value>
         <object_component_ref idref="oc-ba0"/>
      </symbol>
      <symbol id="sm-ebd">
         <name>__mspabi_slll_1</name>
         <value>0xa2f0</value>
         <object_component_ref idref="oc-ba0"/>
      </symbol>
      <symbol id="sm-ebe">
         <name>__mspabi_slll</name>
         <value>0xac9a</value>
         <object_component_ref idref="oc-c3e"/>
      </symbol>
      <symbol id="sm-ebf">
         <name>__mspabi_slll_15</name>
         <value>0xa2b8</value>
         <object_component_ref idref="oc-ba0"/>
      </symbol>
      <symbol id="sm-ec0">
         <name>__mspabi_slll_14</name>
         <value>0xa2bc</value>
         <object_component_ref idref="oc-ba0"/>
      </symbol>
      <symbol id="sm-ec1">
         <name>__mspabi_slll_13</name>
         <value>0xa2c0</value>
         <object_component_ref idref="oc-ba0"/>
      </symbol>
      <symbol id="sm-ec2">
         <name>__mspabi_slll_12</name>
         <value>0xa2c4</value>
         <object_component_ref idref="oc-ba0"/>
      </symbol>
      <symbol id="sm-ec3">
         <name>__mspabi_slll_11</name>
         <value>0xa2c8</value>
         <object_component_ref idref="oc-ba0"/>
      </symbol>
      <symbol id="sm-ec4">
         <name>__mspabi_slll_10</name>
         <value>0xa2cc</value>
         <object_component_ref idref="oc-ba0"/>
      </symbol>
      <symbol id="sm-ed1">
         <name>__mspabi_sllll</name>
         <value>0xa424</value>
         <object_component_ref idref="oc-b0c"/>
      </symbol>
      <symbol id="sm-ede">
         <name>__mspabi_srlll</name>
         <value>0xa45e</value>
         <object_component_ref idref="oc-a61"/>
      </symbol>
      <symbol id="sm-ee7">
         <name>__mspabi_subd</name>
         <value>0xa682</value>
         <object_component_ref idref="oc-b31"/>
      </symbol>
      <symbol id="sm-f09">
         <name>__mspabi_addd</name>
         <value>0x10a9a</value>
         <object_component_ref idref="oc-bc4"/>
      </symbol>
      <symbol id="sm-f2a">
         <name>__TI_frcaddd</name>
         <value>0x1150e</value>
         <object_component_ref idref="oc-c10"/>
      </symbol>
      <symbol id="sm-f3e">
         <name>__TI_renormd</name>
         <value>0x8272</value>
         <object_component_ref idref="oc-c48"/>
      </symbol>
      <symbol id="sm-f4e">
         <name>__TI_tmpnams</name>
         <value>0x1df6</value>
      </symbol>
      <symbol id="sm-f4f">
         <name>_ftable</name>
         <value>0x1c00</value>
         <object_component_ref idref="oc-814"/>
      </symbol>
      <symbol id="sm-f50">
         <name>__TI_ft_end</name>
         <value>0x1dee</value>
         <object_component_ref idref="oc-ad8"/>
      </symbol>
      <symbol id="sm-f5a">
         <name>abs</name>
         <value>0xacfa</value>
         <object_component_ref idref="oc-b3e"/>
      </symbol>
      <symbol id="sm-f6d">
         <name>atoi</name>
         <value>0x9a5e</value>
         <object_component_ref idref="oc-93e"/>
      </symbol>
      <symbol id="sm-f77">
         <name>_ctypes_</name>
         <value>0xad48</value>
         <object_component_ref idref="oc-9b6"/>
      </symbol>
      <symbol id="sm-f7e">
         <name>errno</name>
         <value>0x1df0</value>
         <object_component_ref idref="oc-960"/>
      </symbol>
      <symbol id="sm-f91">
         <name>putc</name>
         <value>0x8bf6</value>
         <object_component_ref idref="oc-8b1"/>
      </symbol>
      <symbol id="sm-f92">
         <name>fputc</name>
         <value>0x8bf6</value>
         <object_component_ref idref="oc-8b1"/>
      </symbol>
      <symbol id="sm-fa3">
         <name>__TI_doflush</name>
         <value>0x9b84</value>
         <object_component_ref idref="oc-92c"/>
      </symbol>
      <symbol id="sm-fbb">
         <name>__TI_wrt_ok</name>
         <value>0x8f4e</value>
         <object_component_ref idref="oc-920"/>
      </symbol>
      <symbol id="sm-fd7">
         <name>fputs</name>
         <value>0x12cf8</value>
         <object_component_ref idref="oc-8aa"/>
      </symbol>
      <symbol id="sm-ff3">
         <name>frexpl</name>
         <value>0x8528</value>
         <object_component_ref idref="oc-a9d"/>
      </symbol>
      <symbol id="sm-ff4">
         <name>frexp</name>
         <value>0x8528</value>
         <object_component_ref idref="oc-a9d"/>
      </symbol>
      <symbol id="sm-1009">
         <name>fseek</name>
         <value>0x9612</value>
         <object_component_ref idref="oc-999"/>
      </symbol>
      <symbol id="sm-1022">
         <name>scalbn</name>
         <value>0x12e52</value>
         <object_component_ref idref="oc-b5f"/>
      </symbol>
      <symbol id="sm-1023">
         <name>scalbnl</name>
         <value>0x12e52</value>
         <object_component_ref idref="oc-b5f"/>
      </symbol>
      <symbol id="sm-1024">
         <name>ldexpl</name>
         <value>0x12e52</value>
         <object_component_ref idref="oc-b5f"/>
      </symbol>
      <symbol id="sm-1025">
         <name>ldexp</name>
         <value>0x12e52</value>
         <object_component_ref idref="oc-b5f"/>
      </symbol>
      <symbol id="sm-102e">
         <name>copysign</name>
         <value>0xa770</value>
         <object_component_ref idref="oc-bdc"/>
      </symbol>
      <symbol id="sm-102f">
         <name>copysignl</name>
         <value>0xa770</value>
         <object_component_ref idref="oc-bdc"/>
      </symbol>
      <symbol id="sm-1042">
         <name>lseek</name>
         <value>0xa334</value>
         <object_component_ref idref="oc-a13"/>
      </symbol>
      <symbol id="sm-105a">
         <name>_stream</name>
         <value>0x1d40</value>
         <object_component_ref idref="oc-9ab"/>
      </symbol>
      <symbol id="sm-105b">
         <name>_device</name>
         <value>0x1cc8</value>
         <object_component_ref idref="oc-a3a"/>
      </symbol>
      <symbol id="sm-105c">
         <name>write</name>
         <value>0xa3ae</value>
         <object_component_ref idref="oc-932"/>
      </symbol>
      <symbol id="sm-1068">
         <name>HOSTclose</name>
         <value>0x9f02</value>
         <object_component_ref idref="oc-ae4"/>
      </symbol>
      <symbol id="sm-1074">
         <name>HOSTlseek</name>
         <value>0x8a36</value>
         <object_component_ref idref="oc-af6"/>
      </symbol>
      <symbol id="sm-1082">
         <name>parmbuf</name>
         <value>0x1f9a</value>
      </symbol>
      <symbol id="sm-1083">
         <name>HOSTopen</name>
         <value>0x97dc</value>
         <object_component_ref idref="oc-ade"/>
      </symbol>
      <symbol id="sm-1090">
         <name>HOSTread</name>
         <value>0x9928</value>
         <object_component_ref idref="oc-aea"/>
      </symbol>
      <symbol id="sm-109c">
         <name>HOSTrename</name>
         <value>0x952a</value>
         <object_component_ref idref="oc-b02"/>
      </symbol>
      <symbol id="sm-10a8">
         <name>HOSTunlink</name>
         <value>0xa1f4</value>
         <object_component_ref idref="oc-afc"/>
      </symbol>
      <symbol id="sm-10b5">
         <name>HOSTwrite</name>
         <value>0x98bc</value>
         <object_component_ref idref="oc-af0"/>
      </symbol>
      <symbol id="sm-10d3">
         <name>__TI_readmsg</name>
         <value>0x13fce</value>
         <object_component_ref idref="oc-b93"/>
      </symbol>
      <symbol id="sm-10d4">
         <name>C$$IO$$</name>
         <value>0xa5ac</value>
         <object_component_ref idref="oc-b8d"/>
      </symbol>
      <symbol id="sm-10d5">
         <name>_CIOBUF_</name>
         <value>0x7c00</value>
         <object_component_ref idref="oc-bf5"/>
      </symbol>
      <symbol id="sm-10d6">
         <name>__TI_writemsg</name>
         <value>0xa57a</value>
         <object_component_ref idref="oc-b8d"/>
      </symbol>
      <symbol id="sm-10e5">
         <name>ltoa</name>
         <value>0x8ad0</value>
         <object_component_ref idref="oc-b25"/>
      </symbol>
      <symbol id="sm-10f4">
         <name>memccpy</name>
         <value>0xaaa2</value>
         <object_component_ref idref="oc-952"/>
      </symbol>
      <symbol id="sm-1104">
         <name>memchr</name>
         <value>0xaa26</value>
         <object_component_ref idref="oc-926"/>
      </symbol>
      <symbol id="sm-111d">
         <name>setvbuf</name>
         <value>0x139d6</value>
         <object_component_ref idref="oc-99f"/>
      </symbol>
      <symbol id="sm-1129">
         <name>__TI_cleanup</name>
         <value>0xa544</value>
         <object_component_ref idref="oc-a27"/>
      </symbol>
      <symbol id="sm-113a">
         <name>__TI_closefile</name>
         <value>0x959e</value>
         <object_component_ref idref="oc-ad2"/>
      </symbol>
      <symbol id="sm-114c">
         <name>close</name>
         <value>0x9ca4</value>
         <object_component_ref idref="oc-b79"/>
      </symbol>
      <symbol id="sm-11a0">
         <name>_sys_memory</name>
         <value>0x7d20</value>
         <object_component_ref idref="oc-3bc"/>
      </symbol>
      <symbol id="sm-11a1">
         <name>free</name>
         <value>0x13e3e</value>
         <object_component_ref idref="oc-a1b"/>
      </symbol>
      <symbol id="sm-11a2">
         <name>malloc</name>
         <value>0x138dc</value>
         <object_component_ref idref="oc-a21"/>
      </symbol>
      <symbol id="sm-11a3">
         <name>minit</name>
         <value>0x9be4</value>
         <object_component_ref idref="oc-acb"/>
      </symbol>
      <symbol id="sm-11c3">
         <name>finddevice</name>
         <value>0xa5b0</value>
         <object_component_ref idref="oc-c29"/>
      </symbol>
      <symbol id="sm-11c4">
         <name>getdevice</name>
         <value>0x9ac0</value>
         <object_component_ref idref="oc-be9"/>
      </symbol>
      <symbol id="sm-11d5">
         <name>strchr</name>
         <value>0xab30</value>
         <object_component_ref idref="oc-b65"/>
      </symbol>
      <symbol id="sm-11e3">
         <name>strcmp</name>
         <value>0xab4c</value>
         <object_component_ref idref="oc-c54"/>
      </symbol>
      <symbol id="sm-11f0">
         <name>strcpy</name>
         <value>0xac54</value>
         <object_component_ref idref="oc-ba9"/>
      </symbol>
      <symbol id="sm-11fd">
         <name>strlen</name>
         <value>0xac66</value>
         <object_component_ref idref="oc-8b8"/>
      </symbol>
      <symbol id="sm-1210">
         <name>strncpy</name>
         <value>0x9f9e</value>
         <object_component_ref idref="oc-c23"/>
      </symbol>
      <symbol id="sm-121d">
         <name>toupper</name>
         <value>0xac78</value>
         <object_component_ref idref="oc-9c8"/>
      </symbol>
      <symbol id="sm-1229">
         <name>unlink</name>
         <value>0xa6b4</value>
         <object_component_ref idref="oc-b80"/>
      </symbol>
      <symbol id="sm-1241">
         <name>wcslen</name>
         <value>0xa8fe</value>
         <object_component_ref idref="oc-95a"/>
      </symbol>
      <symbol id="sm-1246">
         <name>vPortSetupTimerInterrupt</name>
         <value>0xa94e</value>
      </symbol>
      <symbol id="sm-1247">
         <name>remove</name>
         <value>0xa6b4</value>
      </symbol>
   </symbol_table>
   <title>Link successful</title>
</link_info>
